Component: ARM Compiler 5.06 update 6 (build 750) Tool: armlink [4d35ed]

==============================================================================

Section Cross References

    startup_stm32f103xb.o(STACK) refers (Special) to heapauxi.o(.text) for __use_two_region_memory
    startup_stm32f103xb.o(HEAP) refers (Special) to heapauxi.o(.text) for __use_two_region_memory
    startup_stm32f103xb.o(RESET) refers (Special) to heapauxi.o(.text) for __use_two_region_memory
    startup_stm32f103xb.o(RESET) refers to startup_stm32f103xb.o(STACK) for __initial_sp
    startup_stm32f103xb.o(RESET) refers to startup_stm32f103xb.o(.text) for Reset_Handler
    startup_stm32f103xb.o(RESET) refers to stm32f1xx_it.o(i.NMI_Handler) for NMI_Handler
    startup_stm32f103xb.o(RESET) refers to stm32f1xx_it.o(i.HardFault_Handler) for HardFault_Handler
    startup_stm32f103xb.o(RESET) refers to stm32f1xx_it.o(i.MemManage_Handler) for MemManage_Handler
    startup_stm32f103xb.o(RESET) refers to stm32f1xx_it.o(i.BusFault_Handler) for BusFault_Handler
    startup_stm32f103xb.o(RESET) refers to stm32f1xx_it.o(i.UsageFault_Handler) for UsageFault_Handler
    startup_stm32f103xb.o(RESET) refers to stm32f1xx_it.o(i.SVC_Handler) for SVC_Handler
    startup_stm32f103xb.o(RESET) refers to stm32f1xx_it.o(i.DebugMon_Handler) for DebugMon_Handler
    startup_stm32f103xb.o(RESET) refers to stm32f1xx_it.o(i.PendSV_Handler) for PendSV_Handler
    startup_stm32f103xb.o(RESET) refers to stm32f1xx_it.o(i.SysTick_Handler) for SysTick_Handler
    startup_stm32f103xb.o(RESET) refers to stm32f1xx_it.o(i.DMA1_Channel1_IRQHandler) for DMA1_Channel1_IRQHandler
    startup_stm32f103xb.o(.text) refers (Special) to heapauxi.o(.text) for __use_two_region_memory
    startup_stm32f103xb.o(.text) refers to system_stm32f1xx.o(i.SystemInit) for SystemInit
    startup_stm32f103xb.o(.text) refers to __main.o(!!!main) for __main
    startup_stm32f103xb.o(.text) refers to startup_stm32f103xb.o(HEAP) for Heap_Mem
    startup_stm32f103xb.o(.text) refers to startup_stm32f103xb.o(STACK) for Stack_Mem
    mpu6050.o(i.Calculation_Acc_error) refers to stm32f1xx_hal_i2c.o(i.HAL_I2C_Mem_Read) for HAL_I2C_Mem_Read
    mpu6050.o(i.Calculation_Acc_error) refers to dflt_clz.o(x$fpl$dflt) for __aeabi_i2d
    mpu6050.o(i.Calculation_Acc_error) refers to scalbn.o(x$fpl$scalbn) for __ARM_scalbn
    mpu6050.o(i.Calculation_Acc_error) refers to f2d.o(x$fpl$f2d) for __aeabi_f2d
    mpu6050.o(i.Calculation_Acc_error) refers to daddsub_clz.o(x$fpl$dadd) for __aeabi_dadd
    mpu6050.o(i.Calculation_Acc_error) refers to d2f.o(x$fpl$d2f) for __aeabi_d2f
    mpu6050.o(i.Calculation_Acc_error) refers to fdiv.o(x$fpl$fdiv) for __aeabi_fdiv
    mpu6050.o(i.Calculation_Acc_error) refers to mpu6050.o(.data) for .data
    mpu6050.o(i.Calculation_Acc_error) refers to i2c.o(.bss) for hi2c2
    mpu6050.o(i.Calculation_Gyro_error) refers to stm32f1xx_hal_i2c.o(i.HAL_I2C_Mem_Read) for HAL_I2C_Mem_Read
    mpu6050.o(i.Calculation_Gyro_error) refers to dflt_clz.o(x$fpl$dflt) for __aeabi_i2d
    mpu6050.o(i.Calculation_Gyro_error) refers to ddiv.o(x$fpl$ddiv) for __aeabi_ddiv
    mpu6050.o(i.Calculation_Gyro_error) refers to f2d.o(x$fpl$f2d) for __aeabi_f2d
    mpu6050.o(i.Calculation_Gyro_error) refers to daddsub_clz.o(x$fpl$dadd) for __aeabi_dadd
    mpu6050.o(i.Calculation_Gyro_error) refers to d2f.o(x$fpl$d2f) for __aeabi_d2f
    mpu6050.o(i.Calculation_Gyro_error) refers to fdiv.o(x$fpl$fdiv) for __aeabi_fdiv
    mpu6050.o(i.Calculation_Gyro_error) refers to mpu6050.o(.data) for .data
    mpu6050.o(i.Calculation_Gyro_error) refers to i2c.o(.bss) for hi2c2
    mpu6050.o(i.MPU6050_Init) refers to stm32f1xx_hal_i2c.o(i.HAL_I2C_Mem_Read) for HAL_I2C_Mem_Read
    mpu6050.o(i.MPU6050_Init) refers to stm32f1xx_hal_i2c.o(i.HAL_I2C_Mem_Write) for HAL_I2C_Mem_Write
    mpu6050.o(i.MPU6050_Init) refers to i2c.o(.bss) for hi2c2
    mpu6050.o(i.MPU6050_Read_Accel) refers to stm32f1xx_hal_i2c.o(i.HAL_I2C_Mem_Read) for HAL_I2C_Mem_Read
    mpu6050.o(i.MPU6050_Read_Accel) refers to f2d.o(x$fpl$f2d) for __aeabi_f2d
    mpu6050.o(i.MPU6050_Read_Accel) refers to dflt_clz.o(x$fpl$dflt) for __aeabi_i2d
    mpu6050.o(i.MPU6050_Read_Accel) refers to scalbn.o(x$fpl$scalbn) for __ARM_scalbn
    mpu6050.o(i.MPU6050_Read_Accel) refers to daddsub_clz.o(x$fpl$dsub) for __aeabi_dsub
    mpu6050.o(i.MPU6050_Read_Accel) refers to d2f.o(x$fpl$d2f) for __aeabi_d2f
    mpu6050.o(i.MPU6050_Read_Accel) refers to i2c.o(.bss) for hi2c2
    mpu6050.o(i.MPU6050_Read_Accel) refers to mpu6050.o(.data) for .data
    mpu6050.o(i.MPU6050_Read_Gyro) refers to stm32f1xx_hal_i2c.o(i.HAL_I2C_Mem_Read) for HAL_I2C_Mem_Read
    mpu6050.o(i.MPU6050_Read_Gyro) refers to f2d.o(x$fpl$f2d) for __aeabi_f2d
    mpu6050.o(i.MPU6050_Read_Gyro) refers to dflt_clz.o(x$fpl$dflt) for __aeabi_i2d
    mpu6050.o(i.MPU6050_Read_Gyro) refers to ddiv.o(x$fpl$ddiv) for __aeabi_ddiv
    mpu6050.o(i.MPU6050_Read_Gyro) refers to daddsub_clz.o(x$fpl$dsub) for __aeabi_dsub
[...]
    ../mathlib/sin_i.c                       0x00000000   Number         0  sin_i_x.o ABSOLUTE
    ..\Core\Src\MPU6050.c                    0x00000000   Number         0  mpu6050.o ABSOLUTE
    ..\Core\Src\PID.c                        0x00000000   Number         0  pid.o ABSOLUTE
    ..\Core\Src\adc.c                        0x00000000   Number         0  adc.o ABSOLUTE
    ..\Core\Src\dma.c                        0x00000000   Number         0  dma.o ABSOLUTE
    ..\Core\Src\gpio.c                       0x00000000   Number         0  gpio.o ABSOLUTE
    ..\Core\Src\i2c.c                        0x00000000   Number         0  i2c.o ABSOLUTE
    ..\Core\Src\main.c                       0x00000000   Number         0  main.o ABSOLUTE
    ..\Core\Src\stm32f1xx_hal_msp.c          0x00000000   Number         0  stm32f1xx_hal_msp.o ABSOLUTE
    ..\Core\Src\stm32f1xx_it.c               0x00000000   Number         0  stm32f1xx_it.o ABSOLUTE
    ..\Core\Src\system_stm32f1xx.c           0x00000000   Number         0  system_stm32f1xx.o ABSOLUTE
    ..\Core\Src\tim.c                        0x00000000   Number         0  tim.o ABSOLUTE
    ..\Drivers\STM32F1xx_HAL_Driver\Src\stm32f1xx_hal.c 0x00000000   Number         0  stm32f1xx_hal.o ABSOLUTE
    ..\Drivers\STM32F1xx_HAL_Driver\Src\stm32f1xx_hal_adc.c 0x00000000   Number         0  stm32f1xx_hal_adc.o ABSOLUTE
    ..\Drivers\STM32F1xx_HAL_Driver\Src\stm32f1xx_hal_adc_ex.c 0x00000000   Number         0  stm32f1xx_hal_adc_ex.o ABSOLUTE
    ..\Drivers\STM32F1xx_HAL_Driver\Src\stm32f1xx_hal_cortex.c 0x00000000   Number         0  stm32f1xx_hal_cortex.o ABSOLUTE
    ..\Drivers\STM32F1xx_HAL_Driver\Src\stm32f1xx_hal_dma.c 0x00000000   Number         0  stm32f1xx_hal_dma.o ABSOLUTE
    ..\Drivers\STM32F1xx_HAL_Driver\Src\stm32f1xx_hal_exti.c 0x00000000   Number         0  stm32f1xx_hal_exti.o ABSOLUTE
    ..\Drivers\STM32F1xx_HAL_Driver\Src\stm32f1xx_hal_flash.c 0x00000000   Number         0  stm32f1xx_hal_flash.o ABSOLUTE
    ..\Drivers\STM32F1xx_HAL_Driver\Src\stm32f1xx_hal_flash_ex.c 0x00000000   Number         0  stm32f1xx_hal_flash_ex.o ABSOLUTE
    ..\Drivers\STM32F1xx_HAL_Driver\Src\stm32f1xx_hal_gpio.c 0x00000000   Number         0  stm32f1xx_hal_gpio.o ABSOLUTE
    ..\Drivers\STM32F1xx_HAL_Driver\Src\stm32f1xx_hal_gpio_ex.c 0x00000000   Number         0  stm32f1xx_hal_gpio_ex.o ABSOLUTE
    ..\Drivers\STM32F1xx_HAL_Driver\Src\stm32f1xx_hal_i2c.c 0x00000000   Number         0  stm32f1xx_hal_i2c.o ABSOLUTE
    ..\Drivers\STM32F1xx_HAL_Driver\Src\stm32f1xx_hal_pwr.c 0x00000000   Number         0  stm32f1xx_hal_pwr.o ABSOLUTE
    ..\Drivers\STM32F1xx_HAL_Driver\Src\stm32f1xx_hal_rcc.c 0x00000000   Number         0  stm32f1xx_hal_rcc.o ABSOLUTE
    ..\Drivers\STM32F1xx_HAL_Driver\Src\stm32f1xx_hal_rcc_ex.c 0x00000000   Number         0  stm32f1xx_hal_rcc_ex.o ABSOLUTE
    ..\Drivers\STM32F1xx_HAL_Driver\Src\stm32f1xx_hal_tim.c 0x00000000   Number         0  stm32f1xx_hal_tim.o ABSOLUTE
    ..\Drivers\STM32F1xx_HAL_Driver\Src\stm32f1xx_hal_tim_ex.c 0x00000000   Number         0  stm32f1xx_hal_tim_ex.o ABSOLUTE
    ..\\Core\\Src\\MPU6050.c                 0x00000000   Number         0  mpu6050.o ABSOLUTE
    ..\\Core\\Src\\PID.c                     0x00000000   Number         0  pid.o ABSOLUTE
    dc.s                                     0x00000000   Number         0  dc.o ABSOLUTE
    startup_stm32f103xb.s                    0x00000000   Number         0  startup_stm32f103xb.o ABSOLUTE
    RESET                                    0x08000000   Section      236  startup_stm32f103xb.o(RESET)
    !!!main                                  0x080000ec   Section        8  __main.o(!!!main)
    !!!scatter                               0x080000f4   Section       52  __scatter.o(!!!scatter)
    !!handler_copy                           0x08000128   Section       26  __scatter_copy.o(!!handler_copy)
    !!handler_zi                             0x08000144   Section       28  __scatter_zi.o(!!handler_zi)
    .ARM.Collect$$libinit$$00000000          0x08000160   Section        2  libinit.o(.ARM.Collect$$libinit$$00000000)
    .ARM.Collect$$libinit$$00000002          0x08000162   Section        0  libinit2.o(.ARM.Collect$$libinit$$00000002)
    .ARM.Collect$$libinit$$00000004          0x08000162   Section        0  libinit2.o(.ARM.Collect$$libinit$$00000004)
    .ARM.Collect$$libinit$$0000000A          0x08000162   Section        0  libinit2.o(.ARM.Collect$$libinit$$0000000A)
    .ARM.Collect$$libinit$$0000000C          0x08000162   Section        0  libinit2.o(.ARM.Collect$$libinit$$0000000C)
    .ARM.Collect$$libinit$$0000000E          0x08000162   Section        0  libinit2.o(.ARM.Collect$$libinit$$0000000E)
    .ARM.Collect$$libinit$$00000011          0x08000162   Section        0  libinit2.o(.ARM.Collect$$libinit$$00000011)
    .ARM.Collect$$libinit$$00000013          0x08000162   Section        0  libinit2.o(.ARM.Collect$$libinit$$00000013)
    .ARM.Collect$$libinit$$00000015          0x08000162   Section        0  libinit2.o(.ARM.Collect$$libinit$$00000015)
    .ARM.Collect$$libinit$$00000017          0x08000162   Section        0  libinit2.o(.ARM.Collect$$libinit$$00000017)
    .ARM.Collect$$libinit$$00000019          0x08000162   Section        0  libinit2.o(.ARM.Collect$$libinit$$00000019)
    .ARM.Collect$$libinit$$0000001B          0x08000162   Section        0  libinit2.o(.ARM.Collect$$libinit$$0000001B)
    .ARM.Collect$$libinit$$0000001D          0x08000162   Section        0  libinit2.o(.ARM.Collect$$libinit$$0000001D)
    .ARM.Collect$$libinit$$0000001F          0x08000162   Section        0  libinit2.o(.ARM.Collect$$libinit$$0000001F)
    .ARM.Collect$$libinit$$00000021          0x08000162   Section        0  libinit2.o(.ARM.Collect$$libinit$$00000021)
    .ARM.Collect$$libinit$$00000023          0x08000162   Section        0  libinit2.o(.ARM.Collect$$libinit$$00000023)
    .ARM.Collect$$libinit$$00000025          0x08000162   Section        0  libinit2.o(.ARM.Collect$$libinit$$00000025)
    .ARM.Collect$$libinit$$0000002C          0x08000162   Section        0  libinit2.o(.ARM.Collect$$libinit$$0000002C)
    .ARM.Collect$$libinit$$0000002E          0x08000162   Section        0  libinit2.o(.ARM.Collect$$libinit$$0000002E)
    .ARM.Collect$$libinit$$00000030          0x08000162   Section        0  libinit2.o(.ARM.Collect$$libinit$$00000030)
    .ARM.Collect$$libinit$$00000032          0x08000162   Section        0  libinit2.o(.ARM.Collect$$libinit$$00000032)
    .ARM.Collect$$libinit$$00000033          0x08000162   Section        2  libinit2.o(.ARM.Collect$$libinit$$00000033)
    .ARM.Collect$$libshutdown$$00000000      0x08000164   Section        2  libshutdown.o(.ARM.Collect$$libshutdown$$00000000)
    .ARM.Collect$$libshutdown$$00000002      0x08000166   Section        0  libshutdown2.o(.ARM.Collect$$libshutdown$$00000002)
    .ARM.Collect$$libshutdown$$00000004      0x08000166   Section        0  libshutdown2.o(.ARM.Collect$$libshutdown$$00000004)
    .ARM.Collect$$libshutdown$$00000007      0x08000166   Section        0  libshutdown2.o(.ARM.Collect$$libshutdown$$00000007)
    .ARM.Collect$$libshutdown$$0000000A      0x08000166   Section        0  libshutdown2.o(.ARM.Collect$$libshutdown$$0000000A)
    .ARM.Collect$$libshutdown$$0000000C      0x08000166   Section        0  libshutdown2.o(.ARM.Collect$$libshutdown$$0000000C)
    .ARM.Collect$$libshutdown$$0000000F      0x08000166   Section        0  libshutdown2.o(.ARM.Collect$$libshutdown$$0000000F)
    .ARM.Collect$$libshutdown$$00000010      0x08000166   Section        2  libshutdown2.o(.ARM.Collect$$libshutdown$$00000010)
    .ARM.Collect$$rtentry$$00000000          0x08000168   Section        0  __rtentry.o(.ARM.Collect$$rtentry$$00000000)
    .ARM.Collect$$rtentry$$00000002          0x08000168   Section        0  __rtentry2.o(.ARM.Collect$$rtentry$$00000002)
    .ARM.Collect$$rtentry$$00000004          0x08000168   Section        6  __rtentry4.o(.ARM.Collect$$rtentry$$00000004)
    .ARM.Collect$$rtentry$$00000009          0x0800016e   Section        0  __rtentry2.o(.ARM.Collect$$rtentry$$00000009)
    .ARM.Collect$$rtentry$$0000000A          0x0800016e   Section        4  __rtentry2.o(.ARM.Collect$$rtentry$$0000000A)
    .ARM.Collect$$rtentry$$0000000C          0x08000172   Section        0  __rtentry2.o(.ARM.Collect$$rtentry$$0000000C)
    .ARM.Collect$$rtentry$$0000000D          0x08000172   Section        8  __rtentry2.o(.ARM.Collect$$rtentry$$0000000D)
    .ARM.Collect$$rtexit$$00000000           0x0800017a   Section        2  rtexit.o(.ARM.Collect$$rtexit$$00000000)
    .ARM.Collect$$rtexit$$00000002           0x0800017c   Section        0  rtexit2.o(.ARM.Collect$$rtexit$$00000002)
    .ARM.Collect$$rtexit$$00000003           0x0800017c   Section        4  rtexit2.o(.ARM.Collect$$rtexit$$00000003)
    .ARM.Collect$$rtexit$$00000004           0x08000180   Section        6  rtexit2.o(.ARM.Collect$$rtexit$$00000004)
    .text                                    0x08000188   Section       64  startup_stm32f103xb.o(.text)
    .text                                    0x080001c8   Section       78  rt_memclr_w.o(.text)
    .text                                    0x08000216   Section        0  heapauxi.o(.text)
    .text                                    0x0800021c   Section        0  _rserrno.o(.text)
    .text                                    0x08000234   Section        8  rt_errno_addr_intlibspace.o(.text)
    .text                                    0x0800023c   Section        8  libspace.o(.text)
    .text                                    0x08000244   Section       74  sys_stackheap_outer.o(.text)
    .text                                    0x0800028e   Section        0  exit.o(.text)
    .text                                    0x080002a0   Section        0  sys_exit.o(.text)
    .text                                    0x080002ac   Section        2  use_no_semi.o(.text)
    .text                                    0x080002ae   Section        0  indicate_semi.o(.text)
    i.ADC_ConversionStop_Disable             0x080002b0   Section        0  stm32f1xx_hal_adc.o(i.ADC_ConversionStop_Disable)
    i.ADC_DMAConvCplt                        0x08000306   Section        0  stm32f1xx_hal_adc.o(i.ADC_DMAConvCplt)
    i.ADC_DMAError                           0x08000354   Section        0  stm32f1xx_hal_adc.o(i.ADC_DMAError)
    i.ADC_DMAHalfConvCplt                    0x0800036e   Section        0  stm32f1xx_hal_adc.o(i.ADC_DMAHalfConvCplt)
    i.ADC_Enable                             0x08000378   Section        0  stm32f1xx_hal_adc.o(i.ADC_Enable)
    i.BusFault_Handler                       0x080003f4   Section        0  stm32f1xx_it.o(i.BusFault_Handler)
    i.Calculate_pid                          0x080003f8   Section        0  pid.o(i.Calculate_pid)
    i.Calculation_Acc_error                  0x080006a4   Section        0  mpu6050.o(i.Calculation_Acc_error)
    i.Calculation_Gyro_error                 0x08000798   Section        0  mpu6050.o(i.Calculation_Gyro_error)
    i.DMA1_Channel1_IRQHandler               0x08000894   Section        0  stm32f1xx_it.o(i.DMA1_Channel1_IRQHandler)
    i.DMA_SetConfig                          0x080008a0   Section        0  stm32f1xx_hal_dma.o(i.DMA_SetConfig)
    DMA_SetConfig                            0x080008a1   Thumb Code    42  stm32f1xx_hal_dma.o(i.DMA_SetConfig)
    i.DebugMon_Handler                       0x080008ca   Section        0  stm32f1xx_it.o(i.DebugMon_Handler)
    i.Error_Handler                          0x080008cc   Section        0  main.o(i.Error_Handler)
    i.HAL_ADC_ConfigChannel                  0x080008d0   Section        0  stm32f1xx_hal_adc.o(i.HAL_ADC_ConfigChannel)
    i.HAL_ADC_ConvCpltCallback               0x080009cc   Section        0  main.o(i.HAL_ADC_ConvCpltCallback)
    i.HAL_ADC_ConvHalfCpltCallback           0x08000a80   Section        0  stm32f1xx_hal_adc.o(i.HAL_ADC_ConvHalfCpltCallback)
    i.HAL_ADC_ErrorCallback                  0x08000a82   Section        0  stm32f1xx_hal_adc.o(i.HAL_ADC_ErrorCallback)
    i.HAL_ADC_Init                           0x08000a84   Section        0  stm32f1xx_hal_adc.o(i.HAL_ADC_Init)
    i.HAL_ADC_MspInit                        0x08000ba0   Section        0  adc.o(i.HAL_ADC_MspInit)
    i.HAL_ADC_Start_DMA                      0x08000c30   Section        0  stm32f1xx_hal_adc.o(i.HAL_ADC_Start_DMA)
    i.HAL_DMA_IRQHandler                     0x08000d3c   Section        0  stm32f1xx_hal_dma.o(i.HAL_DMA_IRQHandler)
    i.HAL_DMA_Init                           0x08000e90   Section        0  stm32f1xx_hal_dma.o(i.HAL_DMA_Init)
    i.HAL_DMA_Start_IT                       0x08000eec   Section        0  stm32f1xx_hal_dma.o(i.HAL_DMA_Start_IT)
    i.HAL_Delay                              0x08000f5c   Section        0  stm32f1xx_hal.o(i.HAL_Delay)
    i.HAL_GPIO_Init                          0x08000f80   Section        0  stm32f1xx_hal_gpio.o(i.HAL_GPIO_Init)
    i.HAL_GetTick                            0x08001160   Section        0  stm32f1xx_hal.o(i.HAL_GetTick)
    i.HAL_I2C_Init                           0x0800116c   Section        0  stm32f1xx_hal_i2c.o(i.HAL_I2C_Init)
    i.HAL_I2C_Mem_Read                       0x080012f4   Section        0  stm32f1xx_hal_i2c.o(i.HAL_I2C_Mem_Read)
    i.HAL_I2C_Mem_Write                      0x08001544   Section        0  stm32f1xx_hal_i2c.o(i.HAL_I2C_Mem_Write)
    i.HAL_I2C_MspInit                        0x08001674   Section        0  i2c.o(i.HAL_I2C_MspInit)
    i.HAL_IncTick                            0x080016d4   Section        0  stm32f1xx_hal.o(i.HAL_IncTick)
    i.HAL_Init                               0x080016e4   Section        0  stm32f1xx_hal.o(i.HAL_Init)
    i.HAL_InitTick                           0x08001708   Section        0  stm32f1xx_hal.o(i.HAL_InitTick)
    i.HAL_MspInit                            0x08001748   Section        0  stm32f1xx_hal_msp.o(i.HAL_MspInit)
    i.HAL_NVIC_EnableIRQ                     0x08001784   Section        0  stm32f1xx_hal_cortex.o(i.HAL_NVIC_EnableIRQ)
    i.HAL_NVIC_SetPriority                   0x080017a0   Section        0  stm32f1xx_hal_cortex.o(i.HAL_NVIC_SetPriority)
    i.HAL_NVIC_SetPriorityGrouping           0x080017e0   Section        0  stm32f1xx_hal_cortex.o(i.HAL_NVIC_SetPriorityGrouping)
    i.HAL_RCCEx_PeriphCLKConfig              0x08001804   Section        0  stm32f1xx_hal_rcc_ex.o(i.HAL_RCCEx_PeriphCLKConfig)
    i.HAL_RCC_ClockConfig                    0x080018f0   Section        0  stm32f1xx_hal_rcc.o(i.HAL_RCC_ClockConfig)
    i.HAL_RCC_GetPCLK1Freq                   0x08001a1c   Section        0  stm32f1xx_hal_rcc.o(i.HAL_RCC_GetPCLK1Freq)
    i.HAL_RCC_GetSysClockFreq                0x08001a3c   Section        0  stm32f1xx_hal_rcc.o(i.HAL_RCC_GetSysClockFreq)
    i.HAL_RCC_OscConfig                      0x08001a88   Section        0  stm32f1xx_hal_rcc.o(i.HAL_RCC_OscConfig)
    i.HAL_SYSTICK_Config                     0x08001da8   Section        0  stm32f1xx_hal_cortex.o(i.HAL_SYSTICK_Config)
    i.HAL_TIMEx_ConfigBreakDeadTime          0x08001dd0   Section        0  stm32f1xx_hal_tim_ex.o(i.HAL_TIMEx_ConfigBreakDeadTime)
    i.HAL_TIMEx_MasterConfigSynchronization  0x08001e24   Section        0  stm32f1xx_hal_tim_ex.o(i.HAL_TIMEx_MasterConfigSynchronization)
    i.HAL_TIM_MspPostInit                    0x08001e8c   Section        0  tim.o(i.HAL_TIM_MspPostInit)
    i.HAL_TIM_PWM_ConfigChannel              0x08001ed8   Section        0  stm32f1xx_hal_tim.o(i.HAL_TIM_PWM_ConfigChannel)
    i.HAL_TIM_PWM_Init                       0x08001fa4   Section        0  stm32f1xx_hal_tim.o(i.HAL_TIM_PWM_Init)
    i.HAL_TIM_PWM_MspInit                    0x08002000   Section        0  tim.o(i.HAL_TIM_PWM_MspInit)
    i.HAL_TIM_PWM_Start                      0x08002028   Section        0  stm32f1xx_hal_tim.o(i.HAL_TIM_PWM_Start)
    i.HardFault_Handler                      0x080020c4   Section        0  stm32f1xx_it.o(i.HardFault_Handler)
    i.I2C_IsAcknowledgeFailed                0x080020c6   Section        0  stm32f1xx_hal_i2c.o(i.I2C_IsAcknowledgeFailed)
    I2C_IsAcknowledgeFailed                  0x080020c7   Thumb Code    46  stm32f1xx_hal_i2c.o(i.I2C_IsAcknowledgeFailed)
    i.I2C_RequestMemoryRead                  0x080020f4   Section        0  stm32f1xx_hal_i2c.o(i.I2C_RequestMemoryRead)
    I2C_RequestMemoryRead                    0x080020f5   Thumb Code   246  stm32f1xx_hal_i2c.o(i.I2C_RequestMemoryRead)
    i.I2C_RequestMemoryWrite                 0x080021f0   Section        0  stm32f1xx_hal_i2c.o(i.I2C_RequestMemoryWrite)
    I2C_RequestMemoryWrite                   0x080021f1   Thumb Code   162  stm32f1xx_hal_i2c.o(i.I2C_RequestMemoryWrite)
    i.I2C_WaitOnBTFFlagUntilTimeout          0x08002298   Section        0  stm32f1xx_hal_i2c.o(i.I2C_WaitOnBTFFlagUntilTimeout)
    I2C_WaitOnBTFFlagUntilTimeout            0x08002299   Thumb Code    86  stm32f1xx_hal_i2c.o(i.I2C_WaitOnBTFFlagUntilTimeout)
    i.I2C_WaitOnFlagUntilTimeout             0x080022f0   Section        0  stm32f1xx_hal_i2c.o(i.I2C_WaitOnFlagUntilTimeout)
    I2C_WaitOnFlagUntilTimeout               0x080022f1   Thumb Code   144  stm32f1xx_hal_i2c.o(i.I2C_WaitOnFlagUntilTimeout)
    i.I2C_WaitOnMasterAddressFlagUntilTimeout 0x08002380   Section        0  stm32f1xx_hal_i2c.o(i.I2C_WaitOnMasterAddressFlagUntilTimeout)
    I2C_WaitOnMasterAddressFlagUntilTimeout  0x08002381   Thumb Code   188  stm32f1xx_hal_i2c.o(i.I2C_WaitOnMasterAddressFlagUntilTimeout)
    i.I2C_WaitOnRXNEFlagUntilTimeout         0x0800243c   Section        0  stm32f1xx_hal_i2c.o(i.I2C_WaitOnRXNEFlagUntilTimeout)
    I2C_WaitOnRXNEFlagUntilTimeout           0x0800243d   Thumb Code   112  stm32f1xx_hal_i2c.o(i.I2C_WaitOnRXNEFlagUntilTimeout)
    i.I2C_WaitOnTXEFlagUntilTimeout          0x080024ac   Section        0  stm32f1xx_hal_i2c.o(i.I2C_WaitOnTXEFlagUntilTimeout)
    I2C_WaitOnTXEFlagUntilTimeout            0x080024ad   Thumb Code    86  stm32f1xx_hal_i2c.o(i.I2C_WaitOnTXEFlagUntilTimeout)
    i.MPU6050_Init                           0x08002504   Section        0  mpu6050.o(i.MPU6050_Init)
    i.MPU6050_Read_Accel                     0x08002590   Section        0  mpu6050.o(i.MPU6050_Read_Accel)
    i.MPU6050_Read_Gyro                      0x08002650   Section        0  mpu6050.o(i.MPU6050_Read_Gyro)
    i.MX_ADC1_Init                           0x080027f4   Section        0  adc.o(i.MX_ADC1_Init)
    i.MX_DMA_Init                            0x08002844   Section        0  dma.o(i.MX_DMA_Init)
    i.MX_GPIO_Init                           0x08002870   Section        0  gpio.o(i.MX_GPIO_Init)
    i.MX_I2C2_Init                           0x080028ac   Section        0  i2c.o(i.MX_I2C2_Init)
    i.MX_TIM1_Init                           0x080028ec   Section        0  tim.o(i.MX_TIM1_Init)
    i.MemManage_Handler                      0x080029bc   Section        0  stm32f1xx_it.o(i.MemManage_Handler)
    i.NMI_Handler                            0x080029be   Section        0  stm32f1xx_it.o(i.NMI_Handler)
    i.PendSV_Handler                         0x080029c0   Section        0  stm32f1xx_it.o(i.PendSV_Handler)
    i.SVC_Handler                            0x080029c2   Section        0  stm32f1xx_it.o(i.SVC_Handler)
    i.SysTick_Handler                        0x080029c4   Section        0  stm32f1xx_it.o(i.SysTick_Handler)
    i.SystemClock_Config                     0x080029c8   Section        0  main.o(i.SystemClock_Config)
    i.SystemInit                             0x08002a40   Section        0  system_stm32f1xx.o(i.SystemInit)
    i.TIM_Base_SetConfig                     0x08002a44   Section        0  stm32f1xx_hal_tim.o(i.TIM_Base_SetConfig)
    i.TIM_CCxChannelCmd                      0x08002ab0   Section        0  stm32f1xx_hal_tim.o(i.TIM_CCxChannelCmd)
    i.TIM_OC1_SetConfig                      0x08002acc   Section        0  stm32f1xx_hal_tim.o(i.TIM_OC1_SetConfig)
    TIM_OC1_SetConfig                        0x08002acd   Thumb Code    74  stm32f1xx_hal_tim.o(i.TIM_OC1_SetConfig)
    i.TIM_OC2_SetConfig                      0x08002b1c   Section        0  stm32f1xx_hal_tim.o(i.TIM_OC2_SetConfig)
    i.TIM_OC3_SetConfig                      0x08002b74   Section        0  stm32f1xx_hal_tim.o(i.TIM_OC3_SetConfig)
    TIM_OC3_SetConfig                        0x08002b75   Thumb Code    82  stm32f1xx_hal_tim.o(i.TIM_OC3_SetConfig)
    i.TIM_OC4_SetConfig                      0x08002bcc   Section        0  stm32f1xx_hal_tim.o(i.TIM_OC4_SetConfig)
    TIM_OC4_SetConfig                        0x08002bcd   Thumb Code    64  stm32f1xx_hal_tim.o(i.TIM_OC4_SetConfig)
    i.UsageFault_Handler                     0x08002c10   Section        0  stm32f1xx_it.o(i.UsageFault_Handler)
    i.__ARM_fpclassify                       0x08002c12   Section        0  fpclassify.o(i.__ARM_fpclassify)
    i.__NVIC_SetPriority                     0x08002c3a   Section        0  stm32f1xx_hal_cortex.o(i.__NVIC_SetPriority)
    __NVIC_SetPriority                       0x08002c3b   Thumb Code    32  stm32f1xx_hal_cortex.o(i.__NVIC_SetPriority)
    i.__ieee754_rem_pio2                     0x08002c5c   Section        0  rred.o(i.__ieee754_rem_pio2)
    i.__kernel_cos                           0x08002fe4   Section        0  cos_i.o(i.__kernel_cos)
    i.__kernel_poly                          0x080030e0   Section        0  poly.o(i.__kernel_poly)
    i.__kernel_sin                           0x0800318c   Section        0  sin_i.o(i.__kernel_sin)
    i.__mathlib_dbl_infnan                   0x08003278   Section        0  dunder.o(i.__mathlib_dbl_infnan)
    i.__mathlib_dbl_invalid                  0x0800327e   Section        0  dunder.o(i.__mathlib_dbl_invalid)
    i.__mathlib_dbl_underflow                0x0800328c   Section        0  dunder.o(i.__mathlib_dbl_underflow)
    i.main                                   0x0800329c   Section        0  main.o(i.main)
    i.map                                    0x08003374   Section        0  main.o(i.map)
    i.sin                                    0x0800338c   Section        0  sin.o(i.sin)
    x$fpl$d2f                                0x0800342c   Section       98  d2f.o(x$fpl$d2f)
    x$fpl$dadd                               0x08003490   Section      336  daddsub_clz.o(x$fpl$dadd)
    _dadd1                                   0x080034a1   Thumb Code     0  daddsub_clz.o(x$fpl$dadd)
    x$fpl$dcheck1                            0x080035e0   Section       16  dcheck1.o(x$fpl$dcheck1)
    x$fpl$ddiv                               0x080035f0   Section      688  ddiv.o(x$fpl$ddiv)
    ddiv_entry                               0x080035f7   Thumb Code     0  ddiv.o(x$fpl$ddiv)
    x$fpl$dfix                               0x080038a0   Section       94  dfix.o(x$fpl$dfix)
    x$fpl$dflt                               0x080038fe   Section       46  dflt_clz.o(x$fpl$dflt)
    x$fpl$dfltu                              0x0800392c   Section       38  dflt_clz.o(x$fpl$dfltu)
    x$fpl$dmul                               0x08003954   Section      340  dmul.o(x$fpl$dmul)
    x$fpl$dnaninf                            0x08003aa8   Section      156  dnaninf.o(x$fpl$dnaninf)
    x$fpl$dretinf                            0x08003b44   Section       12  dretinf.o(x$fpl$dretinf)
    x$fpl$drsb                               0x08003b50   Section       22  daddsub_clz.o(x$fpl$drsb)
    x$fpl$dsub                               0x08003b68   Section      468  daddsub_clz.o(x$fpl$dsub)
    _dsub1                                   0x08003b79   Thumb Code     0  daddsub_clz.o(x$fpl$dsub)
    x$fpl$f2d                                0x08003d3c   Section       86  f2d.o(x$fpl$f2d)
    x$fpl$fadd                               0x08003d94   Section      196  faddsub_clz.o(x$fpl$fadd)
    _fadd1                                   0x08003da3   Thumb Code     0  faddsub_clz.o(x$fpl$fadd)
    x$fpl$fcmpinf                            0x08003e58   Section       24  fcmpi.o(x$fpl$fcmpinf)
    x$fpl$fdiv                               0x08003e70   Section      388  fdiv.o(x$fpl$fdiv)
    _fdiv1                                   0x08003e71   Thumb Code     0  fdiv.o(x$fpl$fdiv)
    x$fpl$ffixu                              0x08003ff4   Section       62  ffixu.o(x$fpl$ffixu)
    x$fpl$fflt                               0x08004034   Section       48  fflt_clz.o(x$fpl$fflt)
    x$fpl$ffltu                              0x08004064   Section       38  fflt_clz.o(x$fpl$ffltu)
    x$fpl$fleqf                              0x0800408c   Section      104  fleqf.o(x$fpl$fleqf)
    x$fpl$fmul                               0x080040f4   Section      258  fmul.o(x$fpl$fmul)
    x$fpl$fnaninf                            0x080041f6   Section      140  fnaninf.o(x$fpl$fnaninf)
    x$fpl$fretinf                            0x08004282   Section       10  fretinf.o(x$fpl$fretinf)
    x$fpl$frleqf                             0x0800428c   Section       98  frleqf.o(x$fpl$frleqf)
    x$fpl$fsub                               0x080042f0   Section      234  faddsub_clz.o(x$fpl$fsub)
    _fsub1                                   0x080042ff   Thumb Code     0  faddsub_clz.o(x$fpl$fsub)
    x$fpl$retnan                             0x080043da   Section      100  retnan.o(x$fpl$retnan)
    x$fpl$scalbn                             0x0800443e   Section       92  scalbn.o(x$fpl$scalbn)
    x$fpl$trapveneer                         0x0800449a   Section       48  trapv.o(x$fpl$trapveneer)
    .constdata                               0x080044ca   Section       18  stm32f1xx_hal_rcc.o(.constdata)
    x$fpl$usenofp                            0x080044ca   Section        0  usenofp.o(x$fpl$usenofp)
    aPredivFactorTable                       0x080044ca   Data           2  stm32f1xx_hal_rcc.o(.constdata)
    aPLLMULFactorTable                       0x080044cc   Data          16  stm32f1xx_hal_rcc.o(.constdata)
    .constdata                               0x080044dc   Section       16  system_stm32f1xx.o(.constdata)
    .constdata                               0x080044ec   Section        8  system_stm32f1xx.o(.constdata)
    .constdata                               0x080044f8   Section       48  cos_i.o(.constdata)
    C                                        0x080044f8   Data          48  cos_i.o(.constdata)
    .constdata                               0x08004528   Section      200  rred.o(.constdata)
    pio2s                                    0x08004528   Data          48  rred.o(.constdata)
    twooverpi                                0x08004558   Data         152  rred.o(.constdata)
    .constdata                               0x080045f0   Section       40  sin_i.o(.constdata)
    S                                        0x080045f0   Data          40  sin_i.o(.constdata)
    .data                                    0x20000000   Section       68  mpu6050.o(.data)
    .data                                    0x20000044   Section      112  pid.o(.data)
    .data                                    0x200000b4   Section       12  main.o(.data)
    .data                                    0x200000c0   Section       12  stm32f1xx_hal.o(.data)
    .data                                    0x200000cc   Section        4  system_stm32f1xx.o(.data)
    .bss                                     0x200000d0   Section      116  adc.o(.bss)
    .bss                                     0x20000144   Section       84  i2c.o(.bss)
    .bss                                     0x20000198   Section       72  tim.o(.bss)
    .bss                                     0x200001e0   Section       96  libspace.o(.bss)
    HEAP                                     0x20000240   Section      512  startup_stm32f103xb.o(HEAP)
    Heap_Mem                                 0x20000240   Data         512  startup_stm32f103xb.o(HEAP)
    STACK                                    0x20000440   Section     1024  startup_stm32f103xb.o(STACK)
    Stack_Mem                                0x20000440   Data        1024  startup_stm32f103xb.o(STACK)
    __initial_sp                             0x20000840   Data           0  startup_stm32f103xb.o(STACK)

    Global Symbols

    Symbol Name                              Value     Ov Type        Size  Object(Section)

    BuildAttributes$$THM_ISAv4$P$D$K$B$S$PE$A:L22UL41UL21$X:L11$S22US41US21$IEEE1$IW$USESV6$~STKCKD$USESV7$~SHL$OTIME$ROPI$IEEEX$EBA8$UX$STANDARDLIB$REQ8$PRES8$EABIv2 0x00000000   Number         0  anon$$obj.o ABSOLUTE
    __ARM_use_no_argv                        0x00000000   Number         0  main.o ABSOLUTE
    __ARM_exceptions_init                     - Undefined Weak Reference
    __alloca_initialize                       - Undefined Weak Reference
    __arm_preinit_                            - Undefined Weak Reference
    __cpp_initialize__aeabi_                  - Undefined Weak Reference
    __cxa_finalize                            - Undefined Weak Reference
    __rt_locale                               - Undefined Weak Reference
    __sigvec_lookup                           - Undefined Weak Reference
    _atexit_init                              - Undefined Weak Reference
    _call_atexit_fns                          - Undefined Weak Reference
    _clock_init                               - Undefined Weak Reference
    _fp_trap_init                             - Undefined Weak Reference
    _fp_trap_shutdown                         - Undefined Weak Reference
    _get_lc_collate                           - Undefined Weak Reference
    _get_lc_ctype                             - Undefined Weak Reference
    _get_lc_monetary                          - Undefined Weak Reference
    _get_lc_numeric                           - Undefined Weak Reference
    _get_lc_time                              - Undefined Weak Reference
    _getenv_init                              - Undefined Weak Reference
    _handle_redirection                       - Undefined Weak Reference
    _init_alloc                               - Undefined Weak Reference
    _init_user_alloc                          - Undefined Weak Reference
    _initio                                   - Undefined Weak Reference
    _rand_init                                - Undefined Weak Reference
    _signal_finish                            - Undefined Weak Reference
    _signal_init                              - Undefined Weak Reference
    _terminate_alloc                          - Undefined Weak Reference
    _terminate_user_alloc                     - Undefined Weak Reference
    _terminateio                              - Undefined Weak Reference
    __Vectors_Size                           0x000000ec   Number         0  startup_stm32f103xb.o ABSOLUTE
    __Vectors                                0x08000000   Data           4  startup_stm32f103xb.o(RESET)
    __Vectors_End                            0x080000ec   Data           0  startup_stm32f103xb.o(RESET)
    __main                                   0x080000ed   Thumb Code     8  __main.o(!!!main)
    __scatterload                            0x080000f5   Thumb Code     0  __scatter.o(!!!scatter)
    __scatterload_rt2                        0x080000f5   Thumb Code    44  __scatter.o(!!!scatter)
    __scatterload_rt2_thumb_only             0x080000f5   Thumb Code     0  __scatter.o(!!!scatter)
    __scatterload_null                       0x08000103   Thumb Code     0  __scatter.o(!!!scatter)
    __scatterload_copy                       0x08000129   Thumb Code    26  __scatter_copy.o(!!handler_copy)
    __scatterload_zeroinit                   0x08000145   Thumb Code    28  __scatter_zi.o(!!handler_zi)
    __rt_lib_init                            0x08000161   Thumb Code     0  libinit.o(.ARM.Collect$$libinit$$00000000)
    __rt_lib_init_alloca_1                   0x08000163   Thumb Code     0  libinit2.o(.ARM.Collect$$libinit$$0000002E)
    __rt_lib_init_argv_1                     0x08000163   Thumb Code     0  libinit2.o(.ARM.Collect$$libinit$$0000002C)
    __rt_lib_init_atexit_1                   0x08000163   Thumb Code     0  libinit2.o(.ARM.Collect$$libinit$$0000001B)
    __rt_lib_init_clock_1                    0x08000163   Thumb Code     0  libinit2.o(.ARM.Collect$$libinit$$00000021)
    __rt_lib_init_cpp_1                      0x08000163   Thumb Code     0  libinit2.o(.ARM.Collect$$libinit$$00000032)
    __rt_lib_init_exceptions_1               0x08000163   Thumb Code     0  libinit2.o(.ARM.Collect$$libinit$$00000030)
    __rt_lib_init_fp_1                       0x08000163   Thumb Code     0  libinit2.o(.ARM.Collect$$libinit$$00000002)
    __rt_lib_init_fp_trap_1                  0x08000163   Thumb Code     0  libinit2.o(.ARM.Collect$$libinit$$0000001F)
    __rt_lib_init_getenv_1                   0x08000163   Thumb Code     0  libinit2.o(.ARM.Collect$$libinit$$00000023)
    __rt_lib_init_heap_1                     0x08000163   Thumb Code     0  libinit2.o(.ARM.Collect$$libinit$$0000000A)
    __rt_lib_init_lc_collate_1               0x08000163   Thumb Code     0  libinit2.o(.ARM.Collect$$libinit$$00000011)
    __rt_lib_init_lc_ctype_1                 0x08000163   Thumb Code     0  libinit2.o(.ARM.Collect$$libinit$$00000013)
    __rt_lib_init_lc_monetary_1              0x08000163   Thumb Code     0  libinit2.o(.ARM.Collect$$libinit$$00000015)
    __rt_lib_init_lc_numeric_1               0x08000163   Thumb Code     0  libinit2.o(.ARM.Collect$$libinit$$00000017)
    __rt_lib_init_lc_time_1                  0x08000163   Thumb Code     0  libinit2.o(.ARM.Collect$$libinit$$00000019)
    __rt_lib_init_preinit_1                  0x08000163   Thumb Code     0  libinit2.o(.ARM.Collect$$libinit$$00000004)
    __rt_lib_init_rand_1                     0x08000163   Thumb Code     0  libinit2.o(.ARM.Collect$$libinit$$0000000E)
    __rt_lib_init_return                     0x08000163   Thumb Code     0  libinit2.o(.ARM.Collect$$libinit$$00000033)
    __rt_lib_init_signal_1                   0x08000163   Thumb Code     0  libinit2.o(.ARM.Collect$$libinit$$0000001D)
    __rt_lib_init_stdio_1                    0x08000163   Thumb Code     0  libinit2.o(.ARM.Collect$$libinit$$00000025)
    __rt_lib_init_user_alloc_1               0x08000163   Thumb Code     0  libinit2.o(.ARM.Collect$$libinit$$0000000C)
    __rt_lib_shutdown                        0x08000165   Thumb Code     0  libshutdown.o(.ARM.Collect$$libshutdown$$00000000)
    __rt_lib_shutdown_cpp_1                  0x08000167   Thumb Code     0  libshutdown2.o(.ARM.Collect$$libshutdown$$00000002)
    __rt_lib_shutdown_fp_trap_1              0x08000167   Thumb Code     0  libshutdown2.o(.ARM.Collect$$libshutdown$$00000007)
    __rt_lib_shutdown_heap_1                 0x08000167   Thumb Code     0  libshutdown2.o(.ARM.Collect$$libshutdown$$0000000F)
    __rt_lib_shutdown_return                 0x08000167   Thumb Code     0  libshutdown2.o(.ARM.Collect$$libshutdown$$00000010)
    __rt_lib_shutdown_signal_1               0x08000167   Thumb Code     0  libshutdown2.o(.ARM.Collect$$libshutdown$$0000000A)
    __rt_lib_shutdown_stdio_1                0x08000167   Thumb Code     0  libshutdown2.o(.ARM.Collect$$libshutdown$$00000004)
    __rt_lib_shutdown_user_alloc_1           0x08000167   Thumb Code     0  libshutdown2.o(.ARM.Collect$$libshutdown$$0000000C)
    __rt_entry                               0x08000169   Thumb Code     0  __rtentry.o(.ARM.Collect$$rtentry$$00000000)
    __rt_entry_presh_1                       0x08000169   Thumb Code     0  __rtentry2.o(.ARM.Collect$$rtentry$$00000002)
    __rt_entry_sh                            0x08000169   Thumb Code     0  __rtentry4.o(.ARM.Collect$$rtentry$$00000004)
    __rt_entry_li                            0x0800016f   Thumb Code     0  __rtentry2.o(.ARM.Collect$$rtentry$$0000000A)
    __rt_entry_postsh_1                      0x0800016f   Thumb Code     0  __rtentry2.o(.ARM.Collect$$rtentry$$00000009)
    __rt_entry_main                          0x08000173   Thumb Code     0  __rtentry2.o(.ARM.Collect$$rtentry$$0000000D)
    __rt_entry_postli_1                      0x08000173   Thumb Code     0  __rtentry2.o(.ARM.Collect$$rtentry$$0000000C)
    __rt_exit                                0x0800017b   Thumb Code     0  rtexit.o(.ARM.Collect$$rtexit$$00000000)
    __rt_exit_ls                             0x0800017d   Thumb Code     0  rtexit2.o(.ARM.Collect$$rtexit$$00000003)
    __rt_exit_prels_1                        0x0800017d   Thumb Code     0  rtexit2.o(.ARM.Collect$$rtexit$$00000002)
    __rt_exit_exit                           0x08000181   Thumb Code     0  rtexit2.o(.ARM.Collect$$rtexit$$00000004)
    Reset_Handler                            0x08000189   Thumb Code     8  startup_stm32f103xb.o(.text)
    ADC1_2_IRQHandler                        0x080001a3   Thumb Code     0  startup_stm32f103xb.o(.text)
    CAN1_RX1_IRQHandler                      0x080001a3   Thumb Code     0  startup_stm32f103xb.o(.text)
    CAN1_SCE_IRQHandler                      0x080001a3   Thumb Code     0  startup_stm32f103xb.o(.text)
    DMA1_Channel2_IRQHandler                 0x080001a3   Thumb Code     0  startup_stm32f103xb.o(.text)
    DMA1_Channel3_IRQHandler                 0x080001a3   Thumb Code     0  startup_stm32f103xb.o(.text)
    DMA1_Channel4_IRQHandler                 0x080001a3   Thumb Code     0  startup_stm32f103xb.o(.text)
    DMA1_Channel5_IRQHandler                 0x080001a3   Thumb Code     0  startup_stm32f103xb.o(.text)
    DMA1_Channel6_IRQHandler                 0x080001a3   Thumb Code     0  startup_stm32f103xb.o(.text)
    DMA1_Channel7_IRQHandler                 0x080001a3   Thumb Code     0  startup_stm32f103xb.o(.text)
    EXTI0_IRQHandler                         0x080001a3   Thumb Code     0  startup_stm32f103xb.o(.text)
    EXTI15_10_IRQHandler                     0x080001a3   Thumb Code     0  startup_stm32f103xb.o(.text)
    EXTI1_IRQHandler                         0x080001a3   Thumb Code     0  startup_stm32f103xb.o(.text)
    EXTI2_IRQHandler                         0x080001a3   Thumb Code     0  startup_stm32f103xb.o(.text)
    EXTI3_IRQHandler                         0x080001a3   Thumb Code     0  startup_stm32f103xb.o(.text)
    EXTI4_IRQHandler                         0x080001a3   Thumb Code     0  startup_stm32f103xb.o(.text)
    EXTI9_5_IRQHandler                       0x080001a3   Thumb Code     0  startup_stm32f103xb.o(.text)
    FLASH_IRQHandler                         0x080001a3   Thumb Code     0  startup_stm32f103xb.o(.text)
    I2C1_ER_IRQHandler                       0x080001a3   Thumb Code     0  startup_stm32f103xb.o(.text)
    I2C1_EV_IRQHandler                       0x080001a3   Thumb Code     0  startup_stm32f103xb.o(.text)
    I2C2_ER_IRQHandler                       0x080001a3   Thumb Code     0  startup_stm32f103xb.o(.text)
    I2C2_EV_IRQHandler                       0x080001a3   Thumb Code     0  startup_stm32f103xb.o(.text)
    PVD_IRQHandler                           0x080001a3   Thumb Code     0  startup_stm32f103xb.o(.text)
    RCC_IRQHandler                           0x080001a3   Thumb Code     0  startup_stm32f103xb.o(.text)
    RTC_Alarm_IRQHandler                     0x080001a3   Thumb Code     0  startup_stm32f103xb.o(.text)
    RTC_IRQHandler                           0x080001a3   Thumb Code     0  startup_stm32f103xb.o(.text)
    SPI1_IRQHandler                          0x080001a3   Thumb Code     0  startup_stm32f103xb.o(.text)
    SPI2_IRQHandler                          0x080001a3   Thumb Code     0  startup_stm32f103xb.o(.text)
    TAMPER_IRQHandler                        0x080001a3   Thumb Code     0  startup_stm32f103xb.o(.text)
    TIM1_BRK_IRQHandler                      0x080001a3   Thumb Code     0  startup_stm32f103xb.o(.text)
    TIM1_CC_IRQHandler                       0x080001a3   Thumb Code     0  startup_stm32f103xb.o(.text)
    TIM1_TRG_COM_IRQHandler                  0x080001a3   Thumb Code     0  startup_stm32f103xb.o(.text)
    TIM1_UP_IRQHandler                       0x080001a3   Thumb Code     0  startup_stm32f103xb.o(.text)
    TIM2_IRQHandler                          0x080001a3   Thumb Code     0  startup_stm32f103xb.o(.text)
    TIM3_IRQHandler                          0x080001a3   Thumb Code     0  startup_stm32f103xb.o(.text)
    TIM4_IRQHandler                          0x080001a3   Thumb Code     0  startup_stm32f103xb.o(.text)
    USART1_IRQHandler                        0x080001a3   Thumb Code     0  startup_stm32f103xb.o(.text)
    USART2_IRQHandler                        0x080001a3   Thumb Code     0  startup_stm32f103xb.o(.text)
    USART3_IRQHandler                        0x080001a3   Thumb Code     0  startup_stm32f103xb.o(.text)
    USBWakeUp_IRQHandler                     0x080001a3   Thumb Code     0  startup_stm32f103xb.o(.text)
    USB_HP_CAN1_TX_IRQHandler                0x080001a3   Thumb Code     0  startup_stm32f103xb.o(.text)
    USB_LP_CAN1_RX0_IRQHandler               0x080001a3   Thumb Code     0  startup_stm32f103xb.o(.text)
    WWDG_IRQHandler                          0x080001a3   Thumb Code     0  startup_stm32f103xb.o(.text)
    __user_initial_stackheap                 0x080001a5   Thumb Code     0  startup_stm32f103xb.o(.text)
    __aeabi_memclr4                          0x080001c9   Thumb Code     0  rt_memclr_w.o(.text)
    __aeabi_memclr8                          0x080001c9   Thumb Code     0  rt_memclr_w.o(.text)
    __rt_memclr_w                            0x080001c9   Thumb Code    78  rt_memclr_w.o(.text)
    _memset_w                                0x080001cd   Thumb Code     0  rt_memclr_w.o(.text)
    __use_two_region_memory                  0x08000217   Thumb Code     2  heapauxi.o(.text)
    __rt_heap_escrow$2region                 0x08000219   Thumb Code     2  heapauxi.o(.text)
    __rt_heap_expand$2region                 0x0800021b   Thumb Code     2  heapauxi.o(.text)
    __read_errno                             0x0800021d   Thumb Code    10  _rserrno.o(.text)
    __set_errno                              0x08000227   Thumb Code    12  _rserrno.o(.text)
    __aeabi_errno_addr                       0x08000235   Thumb Code     8  rt_errno_addr_intlibspace.o(.text)
    __errno$intlibspace                      0x08000235   Thumb Code     0  rt_errno_addr_intlibspace.o(.text)
    __rt_errno_addr$intlibspace              0x08000235   Thumb Code     0  rt_errno_addr_intlibspace.o(.text)
    __user_libspace                          0x0800023d   Thumb Code     8  libspace.o(.text)
    __user_perproc_libspace                  0x0800023d   Thumb Code     0  libspace.o(.text)
    __user_perthread_libspace                0x0800023d   Thumb Code     0  libspace.o(.text)
    __user_setup_stackheap                   0x08000245   Thumb Code    74  sys_stackheap_outer.o(.text)
    exit                                     0x0800028f   Thumb Code    18  exit.o(.text)
    _sys_exit                                0x080002a1   Thumb Code     8  sys_exit.o(.text)
    __I$use$semihosting                      0x080002ad   Thumb Code     0  use_no_semi.o(.text)
    __use_no_semihosting_swi                 0x080002ad   Thumb Code     2  use_no_semi.o(.text)
    __semihosting_library_function           0x080002af   Thumb Code     0  indicate_semi.o(.text)
    ADC_ConversionStop_Disable               0x080002b1   Thumb Code    86  stm32f1xx_hal_adc.o(i.ADC_ConversionStop_Disable)
    ADC_DMAConvCplt                          0x08000307   Thumb Code    78  stm32f1xx_hal_adc.o(i.ADC_DMAConvCplt)
    ADC_DMAError                             0x08000355   Thumb Code    26  stm32f1xx_hal_adc.o(i.ADC_DMAError)
    ADC_DMAHalfConvCplt                      0x0800036f   Thumb Code    10  stm32f1xx_hal_adc.o(i.ADC_DMAHalfConvCplt)
    ADC_Enable                               0x08000379   Thumb Code   114  stm32f1xx_hal_adc.o(i.ADC_Enable)
    BusFault_Handler                         0x080003f5   Thumb Code     2  stm32f1xx_it.o(i.BusFault_Handler)
    Calculate_pid                            0x080003f9   Thumb Code   656  pid.o(i.Calculate_pid)
    Calculation_Acc_error                    0x080006a5   Thumb Code   230  mpu6050.o(i.Calculation_Acc_error)
    Calculation_Gyro_error                   0x08000799   Thumb Code   236  mpu6050.o(i.Calculation_Gyro_error)
    DMA1_Channel1_IRQHandler                 0x08000895   Thumb Code     6  stm32f1xx_it.o(i.DMA1_Channel1_IRQHandler)
    DebugMon_Handler                         0x080008cb   Thumb Code     2  stm32f1xx_it.o(i.DebugMon_Handler)
    Error_Handler                            0x080008cd   Thumb Code     4  main.o(i.Error_Handler)
    HAL_ADC_ConfigChannel                    0x080008d1   Thumb Code   240  stm32f1xx_hal_adc.o(i.HAL_ADC_ConfigChannel)
    HAL_ADC_ConvCpltCallback                 0x080009cd   Thumb Code   158  main.o(i.HAL_ADC_ConvCpltCallback)
    HAL_ADC_ConvHalfCpltCallback             0x08000a81   Thumb Code     2  stm32f1xx_hal_adc.o(i.HAL_ADC_ConvHalfCpltCallback)
    HAL_ADC_ErrorCallback                    0x08000a83   Thumb Code     2  stm32f1xx_hal_adc.o(i.HAL_ADC_ErrorCallback)
    HAL_ADC_Init                             0x08000a85   Thumb Code   272  stm32f1xx_hal_adc.o(i.HAL_ADC_Init)
    HAL_ADC_MspInit                          0x08000ba1   Thumb Code   122  adc.o(i.HAL_ADC_MspInit)
    HAL_ADC_Start_DMA                        0x08000c31   Thumb Code   246  stm32f1xx_hal_adc.o(i.HAL_ADC_Start_DMA)
    HAL_DMA_IRQHandler                       0x08000d3d   Thumb Code   316  stm32f1xx_hal_dma.o(i.HAL_DMA_IRQHandler)
    HAL_DMA_Init                             0x08000e91   Thumb Code    84  stm32f1xx_hal_dma.o(i.HAL_DMA_Init)
    HAL_DMA_Start_IT                         0x08000eed   Thumb Code   112  stm32f1xx_hal_dma.o(i.HAL_DMA_Start_IT)
    HAL_Delay                                0x08000f5d   Thumb Code    32  stm32f1xx_hal.o(i.HAL_Delay)
    HAL_GPIO_Init                            0x08000f81   Thumb Code   446  stm32f1xx_hal_gpio.o(i.HAL_GPIO_Init)
    HAL_GetTick                              0x08001161   Thumb Code     6  stm32f1xx_hal.o(i.HAL_GetTick)
    HAL_I2C_Init                             0x0800116d   Thumb Code   376  stm32f1xx_hal_i2c.o(i.HAL_I2C_Init)
    HAL_I2C_Mem_Read                         0x080012f5   Thumb Code   574  stm32f1xx_hal_i2c.o(i.HAL_I2C_Mem_Read)
    HAL_I2C_Mem_Write                        0x08001545   Thumb Code   294  stm32f1xx_hal_i2c.o(i.HAL_I2C_Mem_Write)
    HAL_I2C_MspInit                          0x08001675   Thumb Code    82  i2c.o(i.HAL_I2C_MspInit)
    HAL_IncTick                              0x080016d5   Thumb Code    12  stm32f1xx_hal.o(i.HAL_IncTick)
    HAL_Init                                 0x080016e5   Thumb Code    32  stm32f1xx_hal.o(i.HAL_Init)
    HAL_InitTick                             0x08001709   Thumb Code    54  stm32f1xx_hal.o(i.HAL_InitTick)
    HAL_MspInit                              0x08001749   Thumb Code    52  stm32f1xx_hal_msp.o(i.HAL_MspInit)
    HAL_NVIC_EnableIRQ                       0x08001785   Thumb Code    26  stm32f1xx_hal_cortex.o(i.HAL_NVIC_EnableIRQ)
    HAL_NVIC_SetPriority                     0x080017a1   Thumb Code    60  stm32f1xx_hal_cortex.o(i.HAL_NVIC_SetPriority)
    HAL_NVIC_SetPriorityGrouping             0x080017e1   Thumb Code    26  stm32f1xx_hal_cortex.o(i.HAL_NVIC_SetPriorityGrouping)
    HAL_RCCEx_PeriphCLKConfig                0x08001805   Thumb Code   224  stm32f1xx_hal_rcc_ex.o(i.HAL_RCCEx_PeriphCLKConfig)
    HAL_RCC_ClockConfig                      0x080018f1   Thumb Code   280  stm32f1xx_hal_rcc.o(i.HAL_RCC_ClockConfig)
    HAL_RCC_GetPCLK1Freq                     0x08001a1d   Thumb Code    20  stm32f1xx_hal_rcc.o(i.HAL_RCC_GetPCLK1Freq)
    HAL_RCC_GetSysClockFreq                  0x08001a3d   Thumb Code    58  stm32f1xx_hal_rcc.o(i.HAL_RCC_GetSysClockFreq)
    HAL_RCC_OscConfig                        0x08001a89   Thumb Code   778  stm32f1xx_hal_rcc.o(i.HAL_RCC_OscConfig)
    HAL_SYSTICK_Config                       0x08001da9   Thumb Code    40  stm32f1xx_hal_cortex.o(i.HAL_SYSTICK_Config)
    HAL_TIMEx_ConfigBreakDeadTime            0x08001dd1   Thumb Code    84  stm32f1xx_hal_tim_ex.o(i.HAL_TIMEx_ConfigBreakDeadTime)
    HAL_TIMEx_MasterConfigSynchronization    0x08001e25   Thumb Code    92  stm32f1xx_hal_tim_ex.o(i.HAL_TIMEx_MasterConfigSynchronization)
    HAL_TIM_MspPostInit                      0x08001e8d   Thumb Code    64  tim.o(i.HAL_TIM_MspPostInit)
    HAL_TIM_PWM_ConfigChannel                0x08001ed9   Thumb Code   204  stm32f1xx_hal_tim.o(i.HAL_TIM_PWM_ConfigChannel)
    HAL_TIM_PWM_Init                         0x08001fa5   Thumb Code    90  stm32f1xx_hal_tim.o(i.HAL_TIM_PWM_Init)
    HAL_TIM_PWM_MspInit                      0x08002001   Thumb Code    30  tim.o(i.HAL_TIM_PWM_MspInit)
    HAL_TIM_PWM_Start                        0x08002029   Thumb Code   144  stm32f1xx_hal_tim.o(i.HAL_TIM_PWM_Start)
    HardFault_Handler                        0x080020c5   Thumb Code     2  stm32f1xx_it.o(i.HardFault_Handler)
    MPU6050_Init                             0x08002505   Thumb Code   136  mpu6050.o(i.MPU6050_Init)
    MPU6050_Read_Accel                       0x08002591   Thumb Code   184  mpu6050.o(i.MPU6050_Read_Accel)
    MPU6050_Read_Gyro                        0x08002651   Thumb Code   390  mpu6050.o(i.MPU6050_Read_Gyro)
    MX_ADC1_Init                             0x080027f5   Thumb Code    70  adc.o(i.MX_ADC1_Init)
    MX_DMA_Init                              0x08002845   Thumb Code    40  dma.o(i.MX_DMA_Init)
    MX_GPIO_Init                             0x08002871   Thumb Code    54  gpio.o(i.MX_GPIO_Init)
    MX_I2C2_Init                             0x080028ad   Thumb Code    50  i2c.o(i.MX_I2C2_Init)
    MX_TIM1_Init                             0x080028ed   Thumb Code   200  tim.o(i.MX_TIM1_Init)
    MemManage_Handler                        0x080029bd   Thumb Code     2  stm32f1xx_it.o(i.MemManage_Handler)
    NMI_Handler                              0x080029bf   Thumb Code     2  stm32f1xx_it.o(i.NMI_Handler)
    PendSV_Handler                           0x080029c1   Thumb Code     2  stm32f1xx_it.o(i.PendSV_Handler)
    SVC_Handler                              0x080029c3   Thumb Code     2  stm32f1xx_it.o(i.SVC_Handler)
    SysTick_Handler                          0x080029c5   Thumb Code     4  stm32f1xx_it.o(i.SysTick_Handler)
    SystemClock_Config                       0x080029c9   Thumb Code   120  main.o(i.SystemClock_Config)
    SystemInit                               0x08002a41   Thumb Code     2  system_stm32f1xx.o(i.SystemInit)
    TIM_Base_SetConfig                       0x08002a45   Thumb Code    94  stm32f1xx_hal_tim.o(i.TIM_Base_SetConfig)
    TIM_CCxChannelCmd                        0x08002ab1   Thumb Code    26  stm32f1xx_hal_tim.o(i.TIM_CCxChannelCmd)
    TIM_OC2_SetConfig                        0x08002b1d   Thumb Code    84  stm32f1xx_hal_tim.o(i.TIM_OC2_SetConfig)
    UsageFault_Handler                       0x08002c11   Thumb Code     2  stm32f1xx_it.o(i.UsageFault_Handler)
    __ARM_fpclassify                         0x08002c13   Thumb Code    40  fpclassify.o(i.__ARM_fpclassify)
    __ieee754_rem_pio2                       0x08002c5d   Thumb Code   828  rred.o(i.__ieee754_rem_pio2)
    __kernel_cos                             0x08002fe5   Thumb Code   230  cos_i.o(i.__kernel_cos)
    __kernel_poly                            0x080030e1   Thumb Code   170  poly.o(i.__kernel_poly)
    __kernel_sin                             0x0800318d   Thumb Code   224  sin_i.o(i.__kernel_sin)
    __mathlib_dbl_infnan                     0x08003279   Thumb Code     6  dunder.o(i.__mathlib_dbl_infnan)
    __mathlib_dbl_invalid                    0x0800327f   Thumb Code    12  dunder.o(i.__mathlib_dbl_invalid)
    __mathlib_dbl_underflow                  0x0800328d   Thumb Code    10  dunder.o(i.__mathlib_dbl_underflow)
    main                                     0x0800329d   Thumb Code   198  main.o(i.main)
    map                                      0x08003375   Thumb Code    24  main.o(i.map)
    sin                                      0x0800338d   Thumb Code   150  sin.o(i.sin)
    __aeabi_d2f                              0x0800342d   Thumb Code     0  d2f.o(x$fpl$d2f)
    _d2f                                     0x0800342d   Thumb Code    98  d2f.o(x$fpl$d2f)
    __aeabi_dadd                             0x08003491   Thumb Code     0  daddsub_clz.o(x$fpl$dadd)
    _dadd                                    0x08003491   Thumb Code   332  daddsub_clz.o(x$fpl$dadd)
    __fpl_dcheck_NaN1                        0x080035e1   Thumb Code    10  dcheck1.o(x$fpl$dcheck1)
    __aeabi_ddiv                             0x080035f1   Thumb Code     0  ddiv.o(x$fpl$ddiv)
    _ddiv                                    0x080035f1   Thumb Code   552  ddiv.o(x$fpl$ddiv)
    __aeabi_d2iz                             0x080038a1   Thumb Code     0  dfix.o(x$fpl$dfix)
    _dfix                                    0x080038a1   Thumb Code    94  dfix.o(x$fpl$dfix)
    __aeabi_i2d                              0x080038ff   Thumb Code     0  dflt_clz.o(x$fpl$dflt)
    _dflt                                    0x080038ff   Thumb Code    46  dflt_clz.o(x$fpl$dflt)
    __aeabi_ui2d                             0x0800392d   Thumb Code     0  dflt_clz.o(x$fpl$dfltu)
    _dfltu                                   0x0800392d   Thumb Code    38  dflt_clz.o(x$fpl$dfltu)
    __aeabi_dmul                             0x08003955   Thumb Code     0  dmul.o(x$fpl$dmul)
    _dmul                                    0x08003955   Thumb Code   332  dmul.o(x$fpl$dmul)
    __fpl_dnaninf                            0x08003aa9   Thumb Code   156  dnaninf.o(x$fpl$dnaninf)
    __fpl_dretinf                            0x08003b45   Thumb Code    12  dretinf.o(x$fpl$dretinf)
    __aeabi_drsub                            0x08003b51   Thumb Code     0  daddsub_clz.o(x$fpl$drsb)
    _drsb                                    0x08003b51   Thumb Code    22  daddsub_clz.o(x$fpl$drsb)
    __aeabi_dsub                             0x08003b69   Thumb Code     0  daddsub_clz.o(x$fpl$dsub)
    _dsub                                    0x08003b69   Thumb Code   464  daddsub_clz.o(x$fpl$dsub)
    __aeabi_f2d                              0x08003d3d   Thumb Code     0  f2d.o(x$fpl$f2d)
    _f2d                                     0x08003d3d   Thumb Code    86  f2d.o(x$fpl$f2d)
    __aeabi_fadd                             0x08003d95   Thumb Code     0  faddsub_clz.o(x$fpl$fadd)
    _fadd                                    0x08003d95   Thumb Code   196  faddsub_clz.o(x$fpl$fadd)
    __fpl_fcmp_Inf                           0x08003e59   Thumb Code    24  fcmpi.o(x$fpl$fcmpinf)
    __aeabi_fdiv                             0x08003e71   Thumb Code     0  fdiv.o(x$fpl$fdiv)
    _fdiv                                    0x08003e71   Thumb Code   384  fdiv.o(x$fpl$fdiv)
    __aeabi_f2uiz                            0x08003ff5   Thumb Code     0  ffixu.o(x$fpl$ffixu)
    _ffixu                                   0x08003ff5   Thumb Code    62  ffixu.o(x$fpl$ffixu)
    __aeabi_i2f                              0x08004035   Thumb Code     0  fflt_clz.o(x$fpl$fflt)
    _fflt                                    0x08004035   Thumb Code    48  fflt_clz.o(x$fpl$fflt)
    __aeabi_ui2f                             0x08004065   Thumb Code     0  fflt_clz.o(x$fpl$ffltu)
    _ffltu                                   0x08004065   Thumb Code    38  fflt_clz.o(x$fpl$ffltu)
    __aeabi_cfcmple                          0x0800408d   Thumb Code     0  fleqf.o(x$fpl$fleqf)
    _fcmple                                  0x0800408d   Thumb Code   104  fleqf.o(x$fpl$fleqf)
    __fpl_fcmple_InfNaN                      0x080040df   Thumb Code     0  fleqf.o(x$fpl$fleqf)
    __aeabi_fmul                             0x080040f5   Thumb Code     0  fmul.o(x$fpl$fmul)
    _fmul                                    0x080040f5   Thumb Code   258  fmul.o(x$fpl$fmul)
    __fpl_fnaninf                            0x080041f7   Thumb Code   140  fnaninf.o(x$fpl$fnaninf)
    __fpl_fretinf                            0x08004283   Thumb Code    10  fretinf.o(x$fpl$fretinf)
    __aeabi_cfrcmple                         0x0800428d   Thumb Code     0  frleqf.o(x$fpl$frleqf)
    _frcmple                                 0x0800428d   Thumb Code    98  frleqf.o(x$fpl$frleqf)
    __aeabi_fsub                             0x080042f1   Thumb Code     0  faddsub_clz.o(x$fpl$fsub)
    _fsub                                    0x080042f1   Thumb Code   234  faddsub_clz.o(x$fpl$fsub)
    __fpl_return_NaN                         0x080043db   Thumb Code   100  retnan.o(x$fpl$retnan)
    __ARM_scalbn                             0x0800443f   Thumb Code    92  scalbn.o(x$fpl$scalbn)
    __fpl_cmpreturn                          0x0800449b   Thumb Code    48  trapv.o(x$fpl$trapveneer)
    __I$use$fp                               0x080044ca   Number         0  usenofp.o(x$fpl$usenofp)
    AHBPrescTable                            0x080044dc   Data          16  system_stm32f1xx.o(.constdata)
    APBPrescTable                            0x080044ec   Data           8  system_stm32f1xx.o(.constdata)
    Region$$Table$$Base                      0x08004618   Number         0  anon$$obj.o(Region$$Table)
    Region$$Table$$Limit                     0x08004638   Number         0  anon$$obj.o(Region$$Table)
    Accel_X_RAW                              0x20000000   Data           2  mpu6050.o(.data)
    Accel_Y_RAW                              0x20000002   Data           2  mpu6050.o(.data)
    Accel_Z_RAW                              0x20000004   Data           2  mpu6050.o(.data)
    Gyro_X_RAW                               0x20000006   Data           2  mpu6050.o(.data)
    Gyro_Y_RAW                               0x20000008   Data           2  mpu6050.o(.data)
    Gyro_Z_RAW                               0x2000000a   Data           2  mpu6050.o(.data)
    Ax                                       0x2000000c   Data           4  mpu6050.o(.data)
    Ay                                       0x20000010   Data           4  mpu6050.o(.data)
    Az                                       0x20000014   Data           4  mpu6050.o(.data)
    Ax_error                                 0x20000018   Data           4  mpu6050.o(.data)
    Ay_error                                 0x2000001c   Data           4  mpu6050.o(.data)
    Az_error                                 0x20000020   Data           4  mpu6050.o(.data)
    Gx                                       0x20000024   Data           4  mpu6050.o(.data)
    Gy                                       0x20000028   Data           4  mpu6050.o(.data)
    Gz                                       0x2000002c   Data           4  mpu6050.o(.data)
    Gx_error                                 0x20000030   Data           4  mpu6050.o(.data)
    Gy_error                                 0x20000034   Data           4  mpu6050.o(.data)
    Gz_error                                 0x20000038   Data           4  mpu6050.o(.data)
    angle_pitch                              0x2000003c   Data           4  mpu6050.o(.data)
    angle_roll                               0x20000040   Data           4  mpu6050.o(.data)
    pid_p_gain_roll                          0x20000044   Data           4  pid.o(.data)
    pid_i_gain_roll                          0x20000048   Data           4  pid.o(.data)
    pid_d_gain_roll                          0x2000004c   Data           4  pid.o(.data)
    pid_max_roll                             0x20000050   Data           4  pid.o(.data)
    pid_p_gain_pitch                         0x20000054   Data           4  pid.o(.data)
    pid_i_gain_pitch                         0x20000058   Data           4  pid.o(.data)
    pid_d_gain_pitch                         0x2000005c   Data           4  pid.o(.data)
    pid_max_pitch                            0x20000060   Data           4  pid.o(.data)
    pid_p_gain_yaw                           0x20000064   Data           4  pid.o(.data)
    pid_i_gain_yaw                           0x20000068   Data           4  pid.o(.data)
    pid_d_gain_yaw                           0x2000006c   Data           4  pid.o(.data)
    pid_max_yaw                              0x20000070   Data           4  pid.o(.data)
    pid_error_temp                           0x20000074   Data           4  pid.o(.data)
    pid_i_mem_roll                           0x20000078   Data           4  pid.o(.data)
    pid_roll_setpoint                        0x2000007c   Data           4  pid.o(.data)
    gyro_roll_input                          0x20000080   Data           4  pid.o(.data)
    pid_output_roll                          0x20000084   Data           4  pid.o(.data)
    pid_last_roll_d_error                    0x20000088   Data           4  pid.o(.data)
    pid_i_mem_pitch                          0x2000008c   Data           4  pid.o(.data)
    pid_pitch_setpoint                       0x20000090   Data           4  pid.o(.data)
    gyro_pitch_input                         0x20000094   Data           4  pid.o(.data)
    pid_output_pitch                         0x20000098   Data           4  pid.o(.data)
    pid_last_pitch_d_error                   0x2000009c   Data           4  pid.o(.data)
    pid_i_mem_yaw                            0x200000a0   Data           4  pid.o(.data)
    pid_yaw_setpoint                         0x200000a4   Data           4  pid.o(.data)
    gyro_yaw_input                           0x200000a8   Data           4  pid.o(.data)
    pid_output_yaw                           0x200000ac   Data           4  pid.o(.data)
    pid_last_yaw_d_error                     0x200000b0   Data           4  pid.o(.data)
    ADC_Data                                 0x200000b4   Data           2  main.o(.data)
    ADC_Converted                            0x200000b8   Data           4  main.o(.data)
    timePrev                                 0x200000bc   Data           4  main.o(.data)
    uwTickFreq                               0x200000c0   Data           1  stm32f1xx_hal.o(.data)
    uwTickPrio                               0x200000c4   Data           4  stm32f1xx_hal.o(.data)
    uwTick                                   0x200000c8   Data           4  stm32f1xx_hal.o(.data)
    SystemCoreClock                          0x200000cc   Data           4  system_stm32f1xx.o(.data)
    hadc1                                    0x200000d0   Data          48  adc.o(.bss)
    hdma_adc1                                0x20000100   Data          68  adc.o(.bss)
    hi2c2                                    0x20000144   Data          84  i2c.o(.bss)
    htim1                                    0x20000198   Data          72  tim.o(.bss)
    __libspace_start                         0x200001e0   Data          96  libspace.o(.bss)
    __temporary_stack_top$libspace           0x20000240   Data           0  libspace.o(.bss)



==============================================================================

Memory Map of the image

  Image Entry point : 0x080000ed

  Load Region LR_IROM1 (Base: 0x08000000, Size: 0x00004708, Max: 0x00010000, ABSOLUTE)

    Execution Region ER_IROM1 (Exec base: 0x08000000, Load base: 0x08000000, Size: 0x00004638, Max: 0x00010000, ABSOLUTE)

    Exec Addr    Load Addr    Size         Type   Attr      Idx    E Section Name        Object

    0x08000000   0x08000000   0x000000ec   Data   RO            3    RESET               startup_stm32f103xb.o
    0x080000ec   0x080000ec   0x00000008   Code   RO         3300  * !!!main             c_w.l(__main.o)
    0x080000f4   0x080000f4   0x00000034   Code   RO         3575    !!!scatter          c_w.l(__scatter.o)
    0x08000128   0x08000128   0x0000001a   Code   RO         3577    !!handler_copy      c_w.l(__scatter_copy.o)
    0x08000142   0x08000142   0x00000002   PAD
    0x08000144   0x08000144   0x0000001c   Code   RO         3579    !!handler_zi        c_w.l(__scatter_zi.o)
    0x08000160   0x08000160   0x00000002   Code   RO         3446    .ARM.Collect$$libinit$$00000000  c_w.l(libinit.o)
    0x08000162   0x08000162   0x00000000   Code   RO         3452    .ARM.Collect$$libinit$$00000002  c_w.l(libinit2.o)
    0x08000162   0x08000162   0x00000000   Code   RO         3454    .ARM.Collect$$libinit$$00000004  c_w.l(libinit2.o)
    0x08000162   0x08000162   0x00000000   Code   RO         3457    .ARM.Collect$$libinit$$0000000A  c_w.l(libinit2.o)
    0x08000162   0x08000162   0x00000000   Code   RO         3459    .ARM.Collect$$libinit$$0000000C  c_w.l(libinit2.o)
    0x08000162   0x08000162   0x00000000   Code   RO         3461    .ARM.Collect$$libinit$$0000000E  c_w.l(libinit2.o)
    0x08000162   0x08000162   0x00000000   Code   RO         3464    .ARM.Collect$$libinit$$00000011  c_w.l(libinit2.o)
    0x08000162   0x08000162   0x00000000   Code   RO         3466    .ARM.Collect$$libinit$$00000013  c_w.l(libinit2.o)
    0x08000162   0x08000162   0x00000000   Code   RO         3468    .ARM.Collect$$libinit$$00000015  c_w.l(libinit2.o)
    0x08000162   0x08000162   0x00000000   Code   RO         3470    .ARM.Collect$$libinit$$00000017  c_w.l(libinit2.o)
    0x08000162   0x08000162   0x00000000   Code   RO         3472    .ARM.Collect$$libinit$$00000019  c_w.l(libinit2.o)
    0x08000162   0x08000162   0x00000000   Code   RO         3474    .ARM.Collect$$libinit$$0000001B  c_w.l(libinit2.o)
    0x08000162   0x08000162   0x00000000   Code   RO         3476    .ARM.Collect$$libinit$$0000001D  c_w.l(libinit2.o)
    0x08000162   0x08000162   0x00000000   Code   RO         3478    .ARM.Collect$$libinit$$0000001F  c_w.l(libinit2.o)
    0x08000162   0x08000162   0x00000000   Code   RO         3480    .ARM.Collect$$libinit$$00000021  c_w.l(libinit2.o)
    0x08000162   0x08000162   0x00000000   Code   RO         3482    .ARM.Collect$$libinit$$00000023  c_w.l(libinit2.o)
    0x08000162   0x08000162   0x00000000   Code   RO         3484    .ARM.Collect$$libinit$$00000025  c_w.l(libinit2.o)
    0x08000162   0x08000162   0x00000000   Code   RO         3488    .ARM.Collect$$libinit$$0000002C  c_w.l(libinit2.o)
    0x08000162   0x08000162   0x00000000   Code   RO         3490    .ARM.Collect$$libinit$$0000002E  c_w.l(libinit2.o)
    0x08000162   0x08000162   0x00000000   Code   RO         3492    .ARM.Collect$$libinit$$00000030  c_w.l(libinit2.o)
    0x08000162   0x08000162   0x00000000   Code   RO         3494    .ARM.Collect$$libinit$$00000032  c_w.l(libinit2.o)
    0x08000162   0x08000162   0x00000002   Code   RO         3495    .ARM.Collect$$libinit$$00000033  c_w.l(libinit2.o)
    0x08000164   0x08000164   0x00000002   Code   RO         3515    .ARM.Collect$$libshutdown$$00000000  c_w.l(libshutdown.o)
    0x08000166   0x08000166   0x00000000   Code   RO         3528    .ARM.Collect$$libshutdown$$00000002  c_w.l(libshutdown2.o)
    0x08000166   0x08000166   0x00000000   Code   RO         3530    .ARM.Collect$$libshutdown$$00000004  c_w.l(libshutdown2.o)
    0x08000166   0x08000166   0x00000000   Code   RO         3533    .ARM.Collect$$libshutdown$$00000007  c_w.l(libshutdown2.o)
    0x08000166   0x08000166   0x00000000   Code   RO         3536    .ARM.Collect$$libshutdown$$0000000A  c_w.l(libshutdown2.o)
    0x08000166   0x08000166   0x00000000   Code   RO         3538    .ARM.Collect$$libshutdown$$0000000C  c_w.l(libshutdown2.o)
    0x08000166   0x08000166   0x00000000   Code   RO         3541    .ARM.Collect$$libshutdown$$0000000F  c_w.l(libshutdown2.o)
    0x08000166   0x08000166   0x00000002   Code   RO         3542    .ARM.Collect$$libshutdown$$00000010  c_w.l(libshutdown2.o)
    0x08000168   0x08000168   0x00000000   Code   RO         3360    .ARM.Collect$$rtentry$$00000000  c_w.l(__rtentry.o)
    0x08000168   0x08000168   0x00000000   Code   RO         3405    .ARM.Collect$$rtentry$$00000002  c_w.l(__rtentry2.o)
    0x08000168   0x08000168   0x00000006   Code   RO         3417    .ARM.Collect$$rtentry$$00000004  c_w.l(__rtentry4.o)
    0x0800016e   0x0800016e   0x00000000   Code   RO         3407    .ARM.Collect$$rtentry$$00000009  c_w.l(__rtentry2.o)
    0x0800016e   0x0800016e   0x00000004   Code   RO         3408    .ARM.Collect$$rtentry$$0000000A  c_w.l(__rtentry2.o)
    0x08000172   0x08000172   0x00000000   Code   RO         3410    .ARM.Collect$$rtentry$$0000000C  c_w.l(__rtentry2.o)
    0x08000172   0x08000172   0x00000008   Code   RO         3411    .ARM.Collect$$rtentry$$0000000D  c_w.l(__rtentry2.o)
    0x0800017a   0x0800017a   0x00000002   Code   RO         3449    .ARM.Collect$$rtexit$$00000000  c_w.l(rtexit.o)
    0x0800017c   0x0800017c   0x00000000   Code   RO         3497    .ARM.Collect$$rtexit$$00000002  c_w.l(rtexit2.o)
    0x0800017c   0x0800017c   0x00000004   Code   RO         3498    .ARM.Collect$$rtexit$$00000003  c_w.l(rtexit2.o)
    0x08000180   0x08000180   0x00000006   Code   RO         3499    .ARM.Collect$$rtexit$$00000004  c_w.l(rtexit2.o)
    0x08000186   0x08000186   0x00000002   PAD
    0x08000188   0x08000188   0x00000040   Code   RO            4    .text               startup_stm32f103xb.o
    0x080001c8   0x080001c8   0x0000004e   Code   RO         3296    .text               c_w.l(rt_memclr_w.o)
    0x08000216   0x08000216   0x00000006   Code   RO         3298    .text               c_w.l(heapauxi.o)
    0x0800021c   0x0800021c   0x00000016   Code   RO         3361    .text               c_w.l(_rserrno.o)
    0x08000232   0x08000232   0x00000002   PAD
    0x08000234   0x08000234   0x00000008   Code   RO         3422    .text               c_w.l(rt_errno_addr_intlibspace.o)
    0x0800023c   0x0800023c   0x00000008   Code   RO         3434    .text               c_w.l(libspace.o)
    0x08000244   0x08000244   0x0000004a   Code   RO         3437    .text               c_w.l(sys_stackheap_outer.o)
    0x0800028e   0x0800028e   0x00000012   Code   RO         3439    .text               c_w.l(exit.o)
    0x080002a0   0x080002a0   0x0000000c   Code   RO         3507    .text               c_w.l(sys_exit.o)
    0x080002ac   0x080002ac   0x00000002   Code   RO         3518    .text               c_w.l(use_no_semi.o)
    0x080002ae   0x080002ae   0x00000000   Code   RO         3520    .text               c_w.l(indicate_semi.o)
    0x080002ae   0x080002ae   0x00000002   PAD
    0x080002b0   0x080002b0   0x00000056   Code   RO          594    i.ADC_ConversionStop_Disable  stm32f1xx_hal_adc.o
    0x08000306   0x08000306   0x0000004e   Code   RO          595    i.ADC_DMAConvCplt   stm32f1xx_hal_adc.o
    0x08000354   0x08000354   0x0000001a   Code   RO          596    i.ADC_DMAError      stm32f1xx_hal_adc.o
    0x0800036e   0x0800036e   0x0000000a   Code   RO          597    i.ADC_DMAHalfConvCplt  stm32f1xx_hal_adc.o
    0x08000378   0x08000378   0x0000007c   Code   RO          598    i.ADC_Enable        stm32f1xx_hal_adc.o
    0x080003f4   0x080003f4   0x00000002   Code   RO          452    i.BusFault_Handler  stm32f1xx_it.o
    0x080003f6   0x080003f6   0x00000002   PAD
    0x080003f8   0x080003f8   0x000002ac   Code   RO          168    i.Calculate_pid     pid.o
    0x080006a4   0x080006a4   0x000000f4   Code   RO           13    i.Calculation_Acc_error  mpu6050.o
    0x08000798   0x08000798   0x000000fc   Code   RO           14    i.Calculation_Gyro_error  mpu6050.o
    0x08000894   0x08000894   0x0000000c   Code   RO          453    i.DMA1_Channel1_IRQHandler  stm32f1xx_it.o
    0x080008a0   0x080008a0   0x0000002a   Code   RO         1250    i.DMA_SetConfig     stm32f1xx_hal_dma.o
    0x080008ca   0x080008ca   0x00000002   Code   RO          454    i.DebugMon_Handler  stm32f1xx_it.o
    0x080008cc   0x080008cc   0x00000004   Code   RO          199    i.Error_Handler     main.o
    0x080008d0   0x080008d0   0x000000fc   Code   RO          600    i.HAL_ADC_ConfigChannel  stm32f1xx_hal_adc.o
    0x080009cc   0x080009cc   0x000000b4   Code   RO          200    i.HAL_ADC_ConvCpltCallback  main.o
    0x08000a80   0x08000a80   0x00000002   Code   RO          602    i.HAL_ADC_ConvHalfCpltCallback  stm32f1xx_hal_adc.o
    0x08000a82   0x08000a82   0x00000002   Code   RO          604    i.HAL_ADC_ErrorCallback  stm32f1xx_hal_adc.o
    0x08000a84   0x08000a84   0x0000011c   Code   RO          609    i.HAL_ADC_Init      stm32f1xx_hal_adc.o
    0x08000ba0   0x08000ba0   0x00000090   Code   RO          297    i.HAL_ADC_MspInit   adc.o
    0x08000c30   0x08000c30   0x0000010c   Code   RO          616    i.HAL_ADC_Start_DMA  stm32f1xx_hal_adc.o
    0x08000d3c   0x08000d3c   0x00000154   Code   RO         1256    i.HAL_DMA_IRQHandler  stm32f1xx_hal_dma.o
    0x08000e90   0x08000e90   0x0000005c   Code   RO         1257    i.HAL_DMA_Init      stm32f1xx_hal_dma.o
    0x08000eec   0x08000eec   0x00000070   Code   RO         1261    i.HAL_DMA_Start_IT  stm32f1xx_hal_dma.o
    0x08000f5c   0x08000f5c   0x00000024   Code   RO          877    i.HAL_Delay         stm32f1xx_hal.o
    0x08000f80   0x08000f80   0x000001e0   Code   RO         1187    i.HAL_GPIO_Init     stm32f1xx_hal_gpio.o
    0x08001160   0x08001160   0x0000000c   Code   RO          881    i.HAL_GetTick       stm32f1xx_hal.o
    0x0800116c   0x0800116c   0x00000188   Code   RO         1858    i.HAL_I2C_Init      stm32f1xx_hal_i2c.o
    0x080012f4   0x080012f4   0x00000250   Code   RO         1876    i.HAL_I2C_Mem_Read  stm32f1xx_hal_i2c.o
    0x08001544   0x08001544   0x00000130   Code   RO         1879    i.HAL_I2C_Mem_Write  stm32f1xx_hal_i2c.o
    0x08001674   0x08001674   0x00000060   Code   RO          363    i.HAL_I2C_MspInit   i2c.o
    0x080016d4   0x080016d4   0x00000010   Code   RO          887    i.HAL_IncTick       stm32f1xx_hal.o
    0x080016e4   0x080016e4   0x00000024   Code   RO          888    i.HAL_Init          stm32f1xx_hal.o
    0x08001708   0x08001708   0x00000040   Code   RO          889    i.HAL_InitTick      stm32f1xx_hal.o
    0x08001748   0x08001748   0x0000003c   Code   RO          534    i.HAL_MspInit       stm32f1xx_hal_msp.o
    0x08001784   0x08001784   0x0000001a   Code   RO         1347    i.HAL_NVIC_EnableIRQ  stm32f1xx_hal_cortex.o
    0x0800179e   0x0800179e   0x00000002   PAD
    0x080017a0   0x080017a0   0x00000040   Code   RO         1353    i.HAL_NVIC_SetPriority  stm32f1xx_hal_cortex.o
    0x080017e0   0x080017e0   0x00000024   Code   RO         1354    i.HAL_NVIC_SetPriorityGrouping  stm32f1xx_hal_cortex.o
    0x08001804   0x08001804   0x000000ec   Code   RO         1149    i.HAL_RCCEx_PeriphCLKConfig  stm32f1xx_hal_rcc_ex.o
    0x080018f0   0x080018f0   0x0000012c   Code   RO         1045    i.HAL_RCC_ClockConfig  stm32f1xx_hal_rcc.o
    0x08001a1c   0x08001a1c   0x00000020   Code   RO         1052    i.HAL_RCC_GetPCLK1Freq  stm32f1xx_hal_rcc.o
    0x08001a3c   0x08001a3c   0x0000004c   Code   RO         1054    i.HAL_RCC_GetSysClockFreq  stm32f1xx_hal_rcc.o
    0x08001a88   0x08001a88   0x00000320   Code   RO         1057    i.HAL_RCC_OscConfig  stm32f1xx_hal_rcc.o
    0x08001da8   0x08001da8   0x00000028   Code   RO         1358    i.HAL_SYSTICK_Config  stm32f1xx_hal_cortex.o
    0x08001dd0   0x08001dd0   0x00000054   Code   RO         2993    i.HAL_TIMEx_ConfigBreakDeadTime  stm32f1xx_hal_tim_ex.o
    0x08001e24   0x08001e24   0x00000068   Code   RO         3009    i.HAL_TIMEx_MasterConfigSynchronization  stm32f1xx_hal_tim_ex.o
    0x08001e8c   0x08001e8c   0x0000004c   Code   RO          404    i.HAL_TIM_MspPostInit  tim.o
    0x08001ed8   0x08001ed8   0x000000cc   Code   RO         2358    i.HAL_TIM_PWM_ConfigChannel  stm32f1xx_hal_tim.o
    0x08001fa4   0x08001fa4   0x0000005a   Code   RO         2361    i.HAL_TIM_PWM_Init  stm32f1xx_hal_tim.o
    0x08001ffe   0x08001ffe   0x00000002   PAD
    0x08002000   0x08002000   0x00000028   Code   RO          406    i.HAL_TIM_PWM_MspInit  tim.o
    0x08002028   0x08002028   0x0000009c   Code   RO         2366    i.HAL_TIM_PWM_Start  stm32f1xx_hal_tim.o
    0x080020c4   0x080020c4   0x00000002   Code   RO          455    i.HardFault_Handler  stm32f1xx_it.o
    0x080020c6   0x080020c6   0x0000002e   Code   RO         1901    i.I2C_IsAcknowledgeFailed  stm32f1xx_hal_i2c.o
    0x080020f4   0x080020f4   0x000000fc   Code   RO         1911    i.I2C_RequestMemoryRead  stm32f1xx_hal_i2c.o
    0x080021f0   0x080021f0   0x000000a8   Code   RO         1912    i.I2C_RequestMemoryWrite  stm32f1xx_hal_i2c.o
    0x08002298   0x08002298   0x00000056   Code   RO         1916    i.I2C_WaitOnBTFFlagUntilTimeout  stm32f1xx_hal_i2c.o
    0x080022ee   0x080022ee   0x00000002   PAD
    0x080022f0   0x080022f0   0x00000090   Code   RO         1917    i.I2C_WaitOnFlagUntilTimeout  stm32f1xx_hal_i2c.o
    0x08002380   0x08002380   0x000000bc   Code   RO         1918    i.I2C_WaitOnMasterAddressFlagUntilTimeout  stm32f1xx_hal_i2c.o
    0x0800243c   0x0800243c   0x00000070   Code   RO         1919    i.I2C_WaitOnRXNEFlagUntilTimeout  stm32f1xx_hal_i2c.o
    0x080024ac   0x080024ac   0x00000056   Code   RO         1920    i.I2C_WaitOnTXEFlagUntilTimeout  stm32f1xx_hal_i2c.o
    0x08002502   0x08002502   0x00000002   PAD
    0x08002504   0x08002504   0x0000008c   Code   RO           15    i.MPU6050_Init      mpu6050.o
    0x08002590   0x08002590   0x000000c0   Code   RO           16    i.MPU6050_Read_Accel  mpu6050.o
    0x08002650   0x08002650   0x000001a4   Code   RO           17    i.MPU6050_Read_Gyro  mpu6050.o
    0x080027f4   0x080027f4   0x00000050   Code   RO          298    i.MX_ADC1_Init      adc.o
    0x08002844   0x08002844   0x0000002c   Code   RO          338    i.MX_DMA_Init       dma.o
    0x08002870   0x08002870   0x0000003c   Code   RO          272    i.MX_GPIO_Init      gpio.o
    0x080028ac   0x080028ac   0x00000040   Code   RO          364    i.MX_I2C2_Init      i2c.o
    0x080028ec   0x080028ec   0x000000d0   Code   RO          407    i.MX_TIM1_Init      tim.o
    0x080029bc   0x080029bc   0x00000002   Code   RO          456    i.MemManage_Handler  stm32f1xx_it.o
    0x080029be   0x080029be   0x00000002   Code   RO          457    i.NMI_Handler       stm32f1xx_it.o
    0x080029c0   0x080029c0   0x00000002   Code   RO          458    i.PendSV_Handler    stm32f1xx_it.o
    0x080029c2   0x080029c2   0x00000002   Code   RO          459    i.SVC_Handler       stm32f1xx_it.o
    0x080029c4   0x080029c4   0x00000004   Code   RO          460    i.SysTick_Handler   stm32f1xx_it.o
    0x080029c8   0x080029c8   0x00000078   Code   RO          201    i.SystemClock_Config  main.o
    0x08002a40   0x08002a40   0x00000002   Code   RO         3258    i.SystemInit        system_stm32f1xx.o
    0x08002a42   0x08002a42   0x00000002   PAD
    0x08002a44   0x08002a44   0x0000006c   Code   RO         2379    i.TIM_Base_SetConfig  stm32f1xx_hal_tim.o
    0x08002ab0   0x08002ab0   0x0000001a   Code   RO         2380    i.TIM_CCxChannelCmd  stm32f1xx_hal_tim.o
    0x08002aca   0x08002aca   0x00000002   PAD
    0x08002acc   0x08002acc   0x00000050   Code   RO         2392    i.TIM_OC1_SetConfig  stm32f1xx_hal_tim.o
    0x08002b1c   0x08002b1c   0x00000058   Code   RO         2393    i.TIM_OC2_SetConfig  stm32f1xx_hal_tim.o
    0x08002b74   0x08002b74   0x00000058   Code   RO         2394    i.TIM_OC3_SetConfig  stm32f1xx_hal_tim.o
    0x08002bcc   0x08002bcc   0x00000044   Code   RO         2395    i.TIM_OC4_SetConfig  stm32f1xx_hal_tim.o
    0x08002c10   0x08002c10   0x00000002   Code   RO          461    i.UsageFault_Handler  stm32f1xx_it.o
    0x08002c12   0x08002c12   0x00000028   Code   RO         3430    i.__ARM_fpclassify  m_ws.l(fpclassify.o)
    0x08002c3a   0x08002c3a   0x00000020   Code   RO         1360    i.__NVIC_SetPriority  stm32f1xx_hal_cortex.o
    0x08002c5a   0x08002c5a   0x00000002   PAD
    0x08002c5c   0x08002c5c   0x00000388   Code   RO         3393    i.__ieee754_rem_pio2  m_ws.l(rred.o)
    0x08002fe4   0x08002fe4   0x000000fc   Code   RO         3376    i.__kernel_cos      m_ws.l(cos_i.o)
    0x080030e0   0x080030e0   0x000000aa   Code   RO         3432    i.__kernel_poly     m_ws.l(poly.o)
    0x0800318a   0x0800318a   0x00000002   PAD
    0x0800318c   0x0800318c   0x000000ec   Code   RO         3398    i.__kernel_sin      m_ws.l(sin_i.o)
    0x08003278   0x08003278   0x00000006   Code   RO         3380    i.__mathlib_dbl_infnan  m_ws.l(dunder.o)
    0x0800327e   0x0800327e   0x0000000c   Code   RO         3382    i.__mathlib_dbl_invalid  m_ws.l(dunder.o)
    0x0800328a   0x0800328a   0x00000002   PAD
    0x0800328c   0x0800328c   0x00000010   Code   RO         3385    i.__mathlib_dbl_underflow  m_ws.l(dunder.o)
    0x0800329c   0x0800329c   0x000000d8   Code   RO          202    i.main              main.o
    0x08003374   0x08003374   0x00000018   Code   RO          203    i.map               main.o
    0x0800338c   0x0800338c   0x000000a0   Code   RO         3353    i.sin               m_ws.l(sin.o)
    0x0800342c   0x0800342c   0x00000062   Code   RO         3302    x$fpl$d2f           fz_ws.l(d2f.o)
    0x0800348e   0x0800348e   0x00000002   PAD
    0x08003490   0x08003490   0x00000150   Code   RO         3304    x$fpl$dadd          fz_ws.l(daddsub_clz.o)
    0x080035e0   0x080035e0   0x00000010   Code   RO         3363    x$fpl$dcheck1       fz_ws.l(dcheck1.o)
    0x080035f0   0x080035f0   0x000002b0   Code   RO         3311    x$fpl$ddiv          fz_ws.l(ddiv.o)
    0x080038a0   0x080038a0   0x0000005e   Code   RO         3424    x$fpl$dfix          fz_ws.l(dfix.o)
    0x080038fe   0x080038fe   0x0000002e   Code   RO         3315    x$fpl$dflt          fz_ws.l(dflt_clz.o)
    0x0800392c   0x0800392c   0x00000026   Code   RO         3314    x$fpl$dfltu         fz_ws.l(dflt_clz.o)
    0x08003952   0x08003952   0x00000002   PAD
    0x08003954   0x08003954   0x00000154   Code   RO         3320    x$fpl$dmul          fz_ws.l(dmul.o)
    0x08003aa8   0x08003aa8   0x0000009c   Code   RO         3365    x$fpl$dnaninf       fz_ws.l(dnaninf.o)
    0x08003b44   0x08003b44   0x0000000c   Code   RO         3367    x$fpl$dretinf       fz_ws.l(dretinf.o)
    0x08003b50   0x08003b50   0x00000016   Code   RO         3305    x$fpl$drsb          fz_ws.l(daddsub_clz.o)
    0x08003b66   0x08003b66   0x00000002   PAD
    0x08003b68   0x08003b68   0x000001d4   Code   RO         3306    x$fpl$dsub          fz_ws.l(daddsub_clz.o)
    0x08003d3c   0x08003d3c   0x00000056   Code   RO         3322    x$fpl$f2d           fz_ws.l(f2d.o)
    0x08003d92   0x08003d92   0x00000002   PAD
    0x08003d94   0x08003d94   0x000000c4   Code   RO         3324    x$fpl$fadd          fz_ws.l(faddsub_clz.o)
    0x08003e58   0x08003e58   0x00000018   Code   RO         3369    x$fpl$fcmpinf       fz_ws.l(fcmpi.o)
    0x08003e70   0x08003e70   0x00000184   Code   RO         3331    x$fpl$fdiv          fz_ws.l(fdiv.o)
    0x08003ff4   0x08003ff4   0x0000003e   Code   RO         3334    x$fpl$ffixu         fz_ws.l(ffixu.o)
    0x08004032   0x08004032   0x00000002   PAD
    0x08004034   0x08004034   0x00000030   Code   RO         3339    x$fpl$fflt          fz_ws.l(fflt_clz.o)
    0x08004064   0x08004064   0x00000026   Code   RO         3338    x$fpl$ffltu         fz_ws.l(fflt_clz.o)
    0x0800408a   0x0800408a   0x00000002   PAD
    0x0800408c   0x0800408c   0x00000068   Code   RO         3344    x$fpl$fleqf         fz_ws.l(fleqf.o)
    0x080040f4   0x080040f4   0x00000102   Code   RO         3346    x$fpl$fmul          fz_ws.l(fmul.o)
    0x080041f6   0x080041f6   0x0000008c   Code   RO         3371    x$fpl$fnaninf       fz_ws.l(fnaninf.o)
    0x08004282   0x08004282   0x0000000a   Code   RO         3373    x$fpl$fretinf       fz_ws.l(fretinf.o)
    0x0800428c   0x0800428c   0x00000062   Code   RO         3348    x$fpl$frleqf        fz_ws.l(frleqf.o)
    0x080042ee   0x080042ee   0x00000002   PAD
    0x080042f0   0x080042f0   0x000000ea   Code   RO         3326    x$fpl$fsub          fz_ws.l(faddsub_clz.o)
    0x080043da   0x080043da   0x00000064   Code   RO         3428    x$fpl$retnan        fz_ws.l(retnan.o)
    0x0800443e   0x0800443e   0x0000005c   Code   RO         3350    x$fpl$scalbn        fz_ws.l(scalbn.o)
    0x0800449a   0x0800449a   0x00000030   Code   RO         3447    x$fpl$trapveneer    fz_ws.l(trapv.o)
    0x080044ca   0x080044ca   0x00000000   Code   RO         3375    x$fpl$usenofp       fz_ws.l(usenofp.o)
    0x080044ca   0x080044ca   0x00000012   Data   RO         1058    .constdata          stm32f1xx_hal_rcc.o
    0x080044dc   0x080044dc   0x00000010   Data   RO         3259    .constdata          system_stm32f1xx.o
    0x080044ec   0x080044ec   0x00000008   Data   RO         3260    .constdata          system_stm32f1xx.o
    0x080044f4   0x080044f4   0x00000004   PAD
    0x080044f8   0x080044f8   0x00000030   Data   RO         3377    .constdata          m_ws.l(cos_i.o)
    0x08004528   0x08004528   0x000000c8   Data   RO         3395    .constdata          m_ws.l(rred.o)
    0x080045f0   0x080045f0   0x00000028   Data   RO         3399    .constdata          m_ws.l(sin_i.o)
    0x08004618   0x08004618   0x00000020   Data   RO         3573    Region$$Table       anon$$obj.o


    Execution Region RW_IRAM1 (Exec base: 0x20000000, Load base: 0x08004638, Size: 0x00000840, Max: 0x00005000, ABSOLUTE)

    Exec Addr    Load Addr    Size         Type   Attr      Idx    E Section Name        Object

    0x20000000   0x08004638   0x00000044   Data   RW           19    .data               mpu6050.o
    0x20000044   0x0800467c   0x00000070   Data   RW          169    .data               pid.o
    0x200000b4   0x080046ec   0x0000000c   Data   RW          204    .data               main.o
    0x200000c0   0x080046f8   0x0000000c   Data   RW          895    .data               stm32f1xx_hal.o
    0x200000cc   0x08004704   0x00000004   Data   RW         3261    .data               system_stm32f1xx.o
    0x200000d0        -       0x00000074   Zero   RW          299    .bss                adc.o
    0x20000144        -       0x00000054   Zero   RW          365    .bss                i2c.o
    0x20000198        -       0x00000048   Zero   RW          408    .bss                tim.o
    0x200001e0        -       0x00000060   Zero   RW         3435    .bss                c_w.l(libspace.o)
    0x20000240        -       0x00000200   Zero   RW            2    HEAP                startup_stm32f103xb.o
    0x20000440        -       0x00000400   Zero   RW            1    STACK               startup_stm32f103xb.o


==============================================================================

Image component sizes


      Code (inc. data)   RO Data    RW Data    ZI Data      Debug   Object Name

       224         32          0          0        116       1647   adc.o
        44          4          0          0          0        706   dma.o
        60          6          0          0          0        767   gpio.o
       160         28          0          0         84       1529   i2c.o
       544         40          0         12          0       3560   main.o
      1248         72          0         68          0     443432   mpu6050.o
       684         28          0        112          0       2121   pid.o
        64         26        236          0       1536        784   startup_stm32f103xb.o
       164         28          0         12          0       5697   stm32f1xx_hal.o
      1132         56          0          0          0       7735   stm32f1xx_hal_adc.o
       198         14          0          0          0      28791   stm32f1xx_hal_cortex.o
       586         32          0          0          0       3467   stm32f1xx_hal_dma.o
       480         34          0          0          0       2212   stm32f1xx_hal_gpio.o
      2370         56          0          0          0      12666   stm32f1xx_hal_i2c.o
        60          8          0          0          0        818   stm32f1xx_hal_msp.o
      1208         72         18          0          0       4429   stm32f1xx_hal_rcc.o
       236         12          0          0          0       1332   stm32f1xx_hal_rcc_ex.o
       908         46          0          0          0       7686   stm32f1xx_hal_tim.o
       188         12          0          0          0       2072   stm32f1xx_hal_tim_ex.o
        32          6          0          0          0       4073   stm32f1xx_it.o
         2          0         24          4          0       1043   system_stm32f1xx.o
       324         30          0          0         72       2191   tim.o

    ----------------------------------------------------------------------
     10932        642        314        208       1808     538758   Object Totals
         0          0         32          0          0          0   (incl. Generated)
        16          0          4          0          0          0   (incl. Padding)

    ----------------------------------------------------------------------

      Code (inc. data)   RO Data    RW Data    ZI Data      Debug   Library Member Name

         8          0          0          0          0         68   __main.o
         0          0          0          0          0          0   __rtentry.o
        12          0          0          0          0          0   __rtentry2.o
         6          0          0          0          0          0   __rtentry4.o
        52          8          0          0          0          0   __scatter.o
        26          0          0          0          0          0   __scatter_copy.o
        28          0          0          0          0          0   __scatter_zi.o
        22          0          0          0          0        100   _rserrno.o
        18          0          0          0          0         80   exit.o
         6          0          0          0          0        152   heapauxi.o
         0          0          0          0          0          0   indicate_semi.o
         2          0          0          0          0          0   libinit.o
         2          0          0          0          0          0   libinit2.o
         2          0          0          0          0          0   libshutdown.o
         2          0          0          0          0          0   libshutdown2.o
         8          4          0          0         96         68   libspace.o
         8          4          0          0          0         68   rt_errno_addr_intlibspace.o
        78          0          0          0          0         80   rt_memclr_w.o
         2          0          0          0          0          0   rtexit.o
        10          0          0          0          0          0   rtexit2.o
        12          4          0          0          0         68   sys_exit.o
        74          0          0          0          0         80   sys_stackheap_outer.o
         2          0          0          0          0         68   use_no_semi.o
        98          4          0          0          0         92   d2f.o
       826         16          0          0          0        348   daddsub_clz.o
        16          4          0          0          0         68   dcheck1.o
       688        140          0          0          0        208   ddiv.o
        94          4          0          0          0         92   dfix.o
        84          0          0          0          0        136   dflt_clz.o
       340         12          0          0          0        104   dmul.o
       156          4          0          0          0         92   dnaninf.o
        12          0          0          0          0         68   dretinf.o
        86          4          0          0          0         84   f2d.o
       430          8          0          0          0        168   faddsub_clz.o
        24          0          0          0          0         68   fcmpi.o
       388         76          0          0          0         96   fdiv.o
        62          4          0          0          0         84   ffixu.o
        86          0          0          0          0        136   fflt_clz.o
       104          4          0          0          0         84   fleqf.o
       258          4          0          0          0         84   fmul.o
       140          4          0          0          0         84   fnaninf.o
        10          0          0          0          0         68   fretinf.o
        98          0          0          0          0         68   frleqf.o
       100          0          0          0          0         68   retnan.o
        92          0          0          0          0         68   scalbn.o
        48          0          0          0          0         68   trapv.o
         0          0          0          0          0          0   usenofp.o
       252         22         48          0          0        124   cos_i.o
        34          6          0          0          0        204   dunder.o
        40          0          0          0          0         68   fpclassify.o
       170          0          0          0          0         96   poly.o
       904         76        200          0          0        140   rred.o
       160         10          0          0          0        108   sin.o
       236         12         40          0          0        128   sin_i.o

    ----------------------------------------------------------------------
      6442        434        288          0         96       4136   Library Totals
        26          0          0          0          0          0   (incl. Padding)

    ----------------------------------------------------------------------

      Code (inc. data)   RO Data    RW Data    ZI Data      Debug   Library Name

       380         20          0          0         96        832   c_w.l
      4240        288          0          0          0       2436   fz_ws.l
      1796        126        288          0          0        868   m_ws.l

    ----------------------------------------------------------------------
      6442        434        288          0         96       4136   Library Totals

    ----------------------------------------------------------------------

==============================================================================


      Code (inc. data)   RO Data    RW Data    ZI Data      Debug   

     17374       1076        602        208       1904     536494   Grand Totals
     17374       1076        602        208       1904     536494   ELF Image Totals
     17374       1076        602        208          0          0   ROM Totals

==============================================================================

    Total RO  Size (Code + RO Data)                17976 (  17.55kB)
    Total RW  Size (RW Data + ZI Data)              2112 (   2.06kB)
    Total ROM Size (Code + RO Data + RW Data)      18184 (  17.76kB)

==============================================================================

