Component: ARM Compiler 5.06 update 7 (build 960) Tool: armlink [4d3601]

==============================================================================

Section Cross References

    startup_stm32f103xb.o(STACK) refers (Special) to heapauxi.o(.text) for __use_two_region_memory
    startup_stm32f103xb.o(HEAP) refers (Special) to heapauxi.o(.text) for __use_two_region_memory
    startup_stm32f103xb.o(RESET) refers (Special) to heapauxi.o(.text) for __use_two_region_memory
    startup_stm32f103xb.o(RESET) refers to startup_stm32f103xb.o(STACK) for __initial_sp
    startup_stm32f103xb.o(RESET) refers to startup_stm32f103xb.o(.text) for Reset_Handler
    startup_stm32f103xb.o(RESET) refers to stm32f1xx_it.o(i.NMI_Handler) for NMI_Handler
    startup_stm32f103xb.o(RESET) refers to stm32f1xx_it.o(i.HardFault_Handler) for HardFault_Handler
    startup_stm32f103xb.o(RESET) refers to stm32f1xx_it.o(i.MemManage_Handler) for MemManage_Handler
    startup_stm32f103xb.o(RESET) refers to stm32f1xx_it.o(i.BusFault_Handler) for BusFault_Handler
    startup_stm32f103xb.o(RESET) refers to stm32f1xx_it.o(i.UsageFault_Handler) for UsageFault_Handler
    startup_stm32f103xb.o(RESET) refers to stm32f1xx_it.o(i.SVC_Handler) for SVC_Handler
    startup_stm32f103xb.o(RESET) refers to stm32f1xx_it.o(i.DebugMon_Handler) for DebugMon_Handler
    startup_stm32f103xb.o(RESET) refers to stm32f1xx_it.o(i.PendSV_Handler) for PendSV_Handler
    startup_stm32f103xb.o(RESET) refers to stm32f1xx_it.o(i.SysTick_Handler) for SysTick_Handler
    startup_stm32f103xb.o(RESET) refers to stm32f1xx_it.o(i.USART1_IRQHandler) for USART1_IRQHandler
    startup_stm32f103xb.o(.text) refers (Special) to heapauxi.o(.text) for __use_two_region_memory
    startup_stm32f103xb.o(.text) refers to system_stm32f1xx.o(i.SystemInit) for SystemInit
    startup_stm32f103xb.o(.text) refers to __main.o(!!!main) for __main
    startup_stm32f103xb.o(.text) refers to startup_stm32f103xb.o(HEAP) for Heap_Mem
    startup_stm32f103xb.o(.text) refers to startup_stm32f103xb.o(STACK) for Stack_Mem
    mpu6050.o(i.Calculation_Acc_error) refers to stm32f1xx_hal_i2c.o(i.HAL_I2C_Mem_Read) for HAL_I2C_Mem_Read
    mpu6050.o(i.Calculation_Acc_error) refers to dflt_clz.o(x$fpl$dflt) for __aeabi_i2d
    mpu6050.o(i.Calculation_Acc_error) refers to scalbn.o(x$fpl$scalbn) for __ARM_scalbn
    mpu6050.o(i.Calculation_Acc_error) refers to f2d.o(x$fpl$f2d) for __aeabi_f2d
    mpu6050.o(i.Calculation_Acc_error) refers to daddsub_clz.o(x$fpl$dadd) for __aeabi_dadd
    mpu6050.o(i.Calculation_Acc_error) refers to d2f.o(x$fpl$d2f) for __aeabi_d2f
    mpu6050.o(i.Calculation_Acc_error) refers to fdiv.o(x$fpl$fdiv) for __aeabi_fdiv
    mpu6050.o(i.Calculation_Acc_error) refers to mpu6050.o(.data) for .data
    mpu6050.o(i.Calculation_Acc_error) refers to i2c.o(.bss) for hi2c2
    mpu6050.o(i.Calculation_Gyro_error) refers to stm32f1xx_hal_i2c.o(i.HAL_I2C_Mem_Read) for HAL_I2C_Mem_Read
    mpu6050.o(i.Calculation_Gyro_error) refers to dflt_clz.o(x$fpl$dflt) for __aeabi_i2d
    mpu6050.o(i.Calculation_Gyro_error) refers to ddiv.o(x$fpl$ddiv) for __aeabi_ddiv
    mpu6050.o(i.Calculation_Gyro_error) refers to f2d.o(x$fpl$f2d) for __aeabi_f2d
    mpu6050.o(i.Calculation_Gyro_error) refers to daddsub_clz.o(x$fpl$dadd) for __aeabi_dadd
    mpu6050.o(i.Calculation_Gyro_error) refers to d2f.o(x$fpl$d2f) for __aeabi_d2f
    mpu6050.o(i.Calculation_Gyro_error) refers to fdiv.o(x$fpl$fdiv) for __aeabi_fdiv
    mpu6050.o(i.Calculation_Gyro_error) refers to mpu6050.o(.data) for .data
    mpu6050.o(i.Calculation_Gyro_error) refers to i2c.o(.bss) for hi2c2
    mpu6050.o(i.MPU6050_Init) refers to stm32f1xx_hal_i2c.o(i.HAL_I2C_Mem_Read) for HAL_I2C_Mem_Read
    mpu6050.o(i.MPU6050_Init) refers to stm32f1xx_hal_i2c.o(i.HAL_I2C_Mem_Write) for HAL_I2C_Mem_Write
    mpu6050.o(i.MPU6050_Init) refers to i2c.o(.bss) for hi2c2
    mpu6050.o(i.MPU6050_Read_Accel) refers to stm32f1xx_hal_i2c.o(i.HAL_I2C_Mem_Read) for HAL_I2C_Mem_Read
    mpu6050.o(i.MPU6050_Read_Accel) refers to f2d.o(x$fpl$f2d) for __aeabi_f2d
    mpu6050.o(i.MPU6050_Read_Accel) refers to dflt_clz.o(x$fpl$dflt) for __aeabi_i2d
    mpu6050.o(i.MPU6050_Read_Accel) refers to scalbn.o(x$fpl$scalbn) for __ARM_scalbn
    mpu6050.o(i.MPU6050_Read_Accel) refers to daddsub_clz.o(x$fpl$dsub) for __aeabi_dsub
    mpu6050.o(i.MPU6050_Read_Accel) refers to d2f.o(x$fpl$d2f) for __aeabi_d2f
    mpu6050.o(i.MPU6050_Read_Accel) refers to i2c.o(.bss) for hi2c2
    mpu6050.o(i.MPU6050_Read_Accel) refers to mpu6050.o(.data) for .data
    mpu6050.o(i.MPU6050_Read_Gyro) refers to stm32f1xx_hal_i2c.o(i.HAL_I2C_Mem_Read) for HAL_I2C_Mem_Read
    mpu6050.o(i.MPU6050_Read_Gyro) refers to f2d.o(x$fpl$f2d) for __aeabi_f2d
    mpu6050.o(i.MPU6050_Read_Gyro) refers to dflt_clz.o(x$fpl$dflt) for __aeabi_i2d
    mpu6050.o(i.MPU6050_Read_Gyro) refers to ddiv.o(x$fpl$ddiv) for __aeabi_ddiv
    mpu6050.o(i.MPU6050_Read_Gyro) refers to daddsub_clz.o(x$fpl$dsub) for __aeabi_dsub
[...]
    .ARM.Collect$$libinit$$0000001F          0x08000174   Section        0  libinit2.o(.ARM.Collect$$libinit$$0000001F)
    .ARM.Collect$$libinit$$00000021          0x08000174   Section        0  libinit2.o(.ARM.Collect$$libinit$$00000021)
    .ARM.Collect$$libinit$$00000023          0x08000174   Section        0  libinit2.o(.ARM.Collect$$libinit$$00000023)
    .ARM.Collect$$libinit$$00000025          0x08000174   Section        0  libinit2.o(.ARM.Collect$$libinit$$00000025)
    .ARM.Collect$$libinit$$0000002C          0x08000174   Section        0  libinit2.o(.ARM.Collect$$libinit$$0000002C)
    .ARM.Collect$$libinit$$0000002E          0x08000174   Section        0  libinit2.o(.ARM.Collect$$libinit$$0000002E)
    .ARM.Collect$$libinit$$00000030          0x08000174   Section        0  libinit2.o(.ARM.Collect$$libinit$$00000030)
    .ARM.Collect$$libinit$$00000032          0x08000174   Section        0  libinit2.o(.ARM.Collect$$libinit$$00000032)
    .ARM.Collect$$libinit$$00000033          0x08000174   Section        2  libinit2.o(.ARM.Collect$$libinit$$00000033)
    .ARM.Collect$$libshutdown$$00000000      0x08000176   Section        2  libshutdown.o(.ARM.Collect$$libshutdown$$00000000)
    .ARM.Collect$$libshutdown$$00000002      0x08000178   Section        0  libshutdown2.o(.ARM.Collect$$libshutdown$$00000002)
    .ARM.Collect$$libshutdown$$00000004      0x08000178   Section        0  libshutdown2.o(.ARM.Collect$$libshutdown$$00000004)
    .ARM.Collect$$libshutdown$$00000006      0x08000178   Section        0  libshutdown2.o(.ARM.Collect$$libshutdown$$00000006)
    .ARM.Collect$$libshutdown$$00000009      0x08000178   Section        0  libshutdown2.o(.ARM.Collect$$libshutdown$$00000009)
    .ARM.Collect$$libshutdown$$0000000C      0x08000178   Section        0  libshutdown2.o(.ARM.Collect$$libshutdown$$0000000C)
    .ARM.Collect$$libshutdown$$0000000E      0x08000178   Section        0  libshutdown2.o(.ARM.Collect$$libshutdown$$0000000E)
    .ARM.Collect$$libshutdown$$00000011      0x08000178   Section        0  libshutdown2.o(.ARM.Collect$$libshutdown$$00000011)
    .ARM.Collect$$libshutdown$$00000012      0x08000178   Section        2  libshutdown2.o(.ARM.Collect$$libshutdown$$00000012)
    .ARM.Collect$$rtentry$$00000000          0x0800017a   Section        0  __rtentry.o(.ARM.Collect$$rtentry$$00000000)
    .ARM.Collect$$rtentry$$00000002          0x0800017a   Section        0  __rtentry2.o(.ARM.Collect$$rtentry$$00000002)
    .ARM.Collect$$rtentry$$00000004          0x0800017a   Section        6  __rtentry4.o(.ARM.Collect$$rtentry$$00000004)
    .ARM.Collect$$rtentry$$00000009          0x08000180   Section        0  __rtentry2.o(.ARM.Collect$$rtentry$$00000009)
    .ARM.Collect$$rtentry$$0000000A          0x08000180   Section        4  __rtentry2.o(.ARM.Collect$$rtentry$$0000000A)
    .ARM.Collect$$rtentry$$0000000C          0x08000184   Section        0  __rtentry2.o(.ARM.Collect$$rtentry$$0000000C)
    .ARM.Collect$$rtentry$$0000000D          0x08000184   Section        8  __rtentry2.o(.ARM.Collect$$rtentry$$0000000D)
    .ARM.Collect$$rtexit$$00000000           0x0800018c   Section        2  rtexit.o(.ARM.Collect$$rtexit$$00000000)
    .ARM.Collect$$rtexit$$00000002           0x0800018e   Section        0  rtexit2.o(.ARM.Collect$$rtexit$$00000002)
    .ARM.Collect$$rtexit$$00000003           0x0800018e   Section        4  rtexit2.o(.ARM.Collect$$rtexit$$00000003)
    .ARM.Collect$$rtexit$$00000004           0x08000192   Section        6  rtexit2.o(.ARM.Collect$$rtexit$$00000004)
    .text                                    0x08000198   Section       64  startup_stm32f103xb.o(.text)
    .text                                    0x080001d8   Section        0  atoi.o(.text)
    .text                                    0x080001f2   Section       68  rt_memclr.o(.text)
    .text                                    0x08000236   Section       78  rt_memclr_w.o(.text)
    .text                                    0x08000284   Section        0  heapauxi.o(.text)
    .text                                    0x0800028c   Section        8  rt_errno_addr_intlibspace.o(.text)
    .text                                    0x08000294   Section        0  _rserrno.o(.text)
    .text                                    0x080002aa   Section        0  strtol.o(.text)
    .text                                    0x0800031c   Section        8  libspace.o(.text)
    .text                                    0x08000324   Section       16  rt_ctype_table.o(.text)
    .text                                    0x08000334   Section        0  _strtoul.o(.text)
    .text                                    0x080003d2   Section       74  sys_stackheap_outer.o(.text)
    .text                                    0x0800041c   Section        8  rt_locale_intlibspace.o(.text)
    .text                                    0x08000424   Section        0  _chval.o(.text)
    .text                                    0x08000440   Section        0  exit.o(.text)
    .text                                    0x08000454   Section      128  strcmpv7m.o(.text)
    .text                                    0x080004d4   Section        0  sys_exit.o(.text)
    .text                                    0x080004e0   Section        2  use_no_semi.o(.text)
    .text                                    0x080004e2   Section        0  indicate_semi.o(.text)
    i.BusFault_Handler                       0x080004e2   Section        0  stm32f1xx_it.o(i.BusFault_Handler)
    i.Calculate_pid                          0x080004e4   Section        0  pid.o(i.Calculate_pid)
    i.Calculation_Acc_error                  0x08000790   Section        0  mpu6050.o(i.Calculation_Acc_error)
    i.Calculation_Gyro_error                 0x08000884   Section        0  mpu6050.o(i.Calculation_Gyro_error)
    i.DebugMon_Handler                       0x08000980   Section        0  stm32f1xx_it.o(i.DebugMon_Handler)
    i.Error_Handler                          0x08000982   Section        0  main.o(i.Error_Handler)
    i.HAL_DMA_Abort                          0x08000986   Section        0  stm32f1xx_hal_dma.o(i.HAL_DMA_Abort)
    i.HAL_DMA_Abort_IT                       0x080009cc   Section        0  stm32f1xx_hal_dma.o(i.HAL_DMA_Abort_IT)
    i.HAL_Delay                              0x08000a64   Section        0  stm32f1xx_hal.o(i.HAL_Delay)
    i.HAL_GPIO_Init                          0x08000a88   Section        0  stm32f1xx_hal_gpio.o(i.HAL_GPIO_Init)
    i.HAL_GPIO_TogglePin                     0x08000c68   Section        0  stm32f1xx_hal_gpio.o(i.HAL_GPIO_TogglePin)
    i.HAL_GPIO_WritePin                      0x08000c78   Section        0  stm32f1xx_hal_gpio.o(i.HAL_GPIO_WritePin)
    i.HAL_GetTick                            0x08000c84   Section        0  stm32f1xx_hal.o(i.HAL_GetTick)
    i.HAL_I2C_Init                           0x08000c90   Section        0  stm32f1xx_hal_i2c.o(i.HAL_I2C_Init)
    i.HAL_I2C_Mem_Read                       0x08000e18   Section        0  stm32f1xx_hal_i2c.o(i.HAL_I2C_Mem_Read)
    i.HAL_I2C_Mem_Write                      0x08001068   Section        0  stm32f1xx_hal_i2c.o(i.HAL_I2C_Mem_Write)
    i.HAL_I2C_MspInit                        0x08001198   Section        0  i2c.o(i.HAL_I2C_MspInit)
    i.HAL_IncTick                            0x080011f8   Section        0  stm32f1xx_hal.o(i.HAL_IncTick)
    i.HAL_Init                               0x08001208   Section        0  stm32f1xx_hal.o(i.HAL_Init)
    i.HAL_InitTick                           0x0800122c   Section        0  stm32f1xx_hal.o(i.HAL_InitTick)
    i.HAL_MspInit                            0x0800126c   Section        0  stm32f1xx_hal_msp.o(i.HAL_MspInit)
    i.HAL_NVIC_EnableIRQ                     0x080012a8   Section        0  stm32f1xx_hal_cortex.o(i.HAL_NVIC_EnableIRQ)
    i.HAL_NVIC_SetPriority                   0x080012c4   Section        0  stm32f1xx_hal_cortex.o(i.HAL_NVIC_SetPriority)
    i.HAL_NVIC_SetPriorityGrouping           0x08001304   Section        0  stm32f1xx_hal_cortex.o(i.HAL_NVIC_SetPriorityGrouping)
    i.HAL_RCC_ClockConfig                    0x08001328   Section        0  stm32f1xx_hal_rcc.o(i.HAL_RCC_ClockConfig)
    i.HAL_RCC_GetPCLK1Freq                   0x08001454   Section        0  stm32f1xx_hal_rcc.o(i.HAL_RCC_GetPCLK1Freq)
    i.HAL_RCC_GetPCLK2Freq                   0x08001474   Section        0  stm32f1xx_hal_rcc.o(i.HAL_RCC_GetPCLK2Freq)
    i.HAL_RCC_GetSysClockFreq                0x08001494   Section        0  stm32f1xx_hal_rcc.o(i.HAL_RCC_GetSysClockFreq)
    i.HAL_RCC_OscConfig                      0x080014e0   Section        0  stm32f1xx_hal_rcc.o(i.HAL_RCC_OscConfig)
    i.HAL_SYSTICK_Config                     0x08001800   Section        0  stm32f1xx_hal_cortex.o(i.HAL_SYSTICK_Config)
    i.HAL_TIMEx_ConfigBreakDeadTime          0x08001828   Section        0  stm32f1xx_hal_tim_ex.o(i.HAL_TIMEx_ConfigBreakDeadTime)
    i.HAL_TIMEx_MasterConfigSynchronization  0x0800187c   Section        0  stm32f1xx_hal_tim_ex.o(i.HAL_TIMEx_MasterConfigSynchronization)
    i.HAL_TIM_MspPostInit                    0x080018e4   Section        0  tim.o(i.HAL_TIM_MspPostInit)
    i.HAL_TIM_PWM_ConfigChannel              0x08001930   Section        0  stm32f1xx_hal_tim.o(i.HAL_TIM_PWM_ConfigChannel)
    i.HAL_TIM_PWM_Init                       0x080019fc   Section        0  stm32f1xx_hal_tim.o(i.HAL_TIM_PWM_Init)
    i.HAL_TIM_PWM_MspInit                    0x08001a58   Section        0  tim.o(i.HAL_TIM_PWM_MspInit)
    i.HAL_TIM_PWM_Start                      0x08001a80   Section        0  stm32f1xx_hal_tim.o(i.HAL_TIM_PWM_Start)
    i.HAL_UARTEx_RxEventCallback             0x08001b1c   Section        0  stm32f1xx_hal_uart.o(i.HAL_UARTEx_RxEventCallback)
    i.HAL_UART_ErrorCallback                 0x08001b1e   Section        0  stm32f1xx_hal_uart.o(i.HAL_UART_ErrorCallback)
    i.HAL_UART_IRQHandler                    0x08001b20   Section        0  stm32f1xx_hal_uart.o(i.HAL_UART_IRQHandler)
    i.HAL_UART_Init                          0x08001d8c   Section        0  stm32f1xx_hal_uart.o(i.HAL_UART_Init)
    i.HAL_UART_MspInit                       0x08001df0   Section        0  usart.o(i.HAL_UART_MspInit)
    i.HAL_UART_Receive_IT                    0x08001e80   Section        0  stm32f1xx_hal_uart.o(i.HAL_UART_Receive_IT)
    i.HAL_UART_RxCpltCallback                0x08001e9c   Section        0  main.o(i.HAL_UART_RxCpltCallback)
    i.HAL_UART_TxCpltCallback                0x08001edc   Section        0  stm32f1xx_hal_uart.o(i.HAL_UART_TxCpltCallback)
    i.HardFault_Handler                      0x08001ede   Section        0  stm32f1xx_it.o(i.HardFault_Handler)
    i.I2C_IsAcknowledgeFailed                0x08001ee0   Section        0  stm32f1xx_hal_i2c.o(i.I2C_IsAcknowledgeFailed)
    I2C_IsAcknowledgeFailed                  0x08001ee1   Thumb Code    46  stm32f1xx_hal_i2c.o(i.I2C_IsAcknowledgeFailed)
    i.I2C_RequestMemoryRead                  0x08001f10   Section        0  stm32f1xx_hal_i2c.o(i.I2C_RequestMemoryRead)
    I2C_RequestMemoryRead                    0x08001f11   Thumb Code   246  stm32f1xx_hal_i2c.o(i.I2C_RequestMemoryRead)
    i.I2C_RequestMemoryWrite                 0x0800200c   Section        0  stm32f1xx_hal_i2c.o(i.I2C_RequestMemoryWrite)
    I2C_RequestMemoryWrite                   0x0800200d   Thumb Code   162  stm32f1xx_hal_i2c.o(i.I2C_RequestMemoryWrite)
    i.I2C_WaitOnBTFFlagUntilTimeout          0x080020b4   Section        0  stm32f1xx_hal_i2c.o(i.I2C_WaitOnBTFFlagUntilTimeout)
    I2C_WaitOnBTFFlagUntilTimeout            0x080020b5   Thumb Code    86  stm32f1xx_hal_i2c.o(i.I2C_WaitOnBTFFlagUntilTimeout)
    i.I2C_WaitOnFlagUntilTimeout             0x0800210c   Section        0  stm32f1xx_hal_i2c.o(i.I2C_WaitOnFlagUntilTimeout)
    I2C_WaitOnFlagUntilTimeout               0x0800210d   Thumb Code   144  stm32f1xx_hal_i2c.o(i.I2C_WaitOnFlagUntilTimeout)
    i.I2C_WaitOnMasterAddressFlagUntilTimeout 0x0800219c   Section        0  stm32f1xx_hal_i2c.o(i.I2C_WaitOnMasterAddressFlagUntilTimeout)
    I2C_WaitOnMasterAddressFlagUntilTimeout  0x0800219d   Thumb Code   188  stm32f1xx_hal_i2c.o(i.I2C_WaitOnMasterAddressFlagUntilTimeout)
    i.I2C_WaitOnRXNEFlagUntilTimeout         0x08002258   Section        0  stm32f1xx_hal_i2c.o(i.I2C_WaitOnRXNEFlagUntilTimeout)
    I2C_WaitOnRXNEFlagUntilTimeout           0x08002259   Thumb Code   112  stm32f1xx_hal_i2c.o(i.I2C_WaitOnRXNEFlagUntilTimeout)
    i.I2C_WaitOnTXEFlagUntilTimeout          0x080022c8   Section        0  stm32f1xx_hal_i2c.o(i.I2C_WaitOnTXEFlagUntilTimeout)
    I2C_WaitOnTXEFlagUntilTimeout            0x080022c9   Thumb Code    86  stm32f1xx_hal_i2c.o(i.I2C_WaitOnTXEFlagUntilTimeout)
    i.MPU6050_Init                           0x08002320   Section        0  mpu6050.o(i.MPU6050_Init)
    i.MPU6050_Read_Accel                     0x080023ac   Section        0  mpu6050.o(i.MPU6050_Read_Accel)
    i.MPU6050_Read_Gyro                      0x0800246c   Section        0  mpu6050.o(i.MPU6050_Read_Gyro)
    i.MX_GPIO_Init                           0x08002610   Section        0  gpio.o(i.MX_GPIO_Init)
    i.MX_I2C2_Init                           0x08002690   Section        0  i2c.o(i.MX_I2C2_Init)
    i.MX_TIM1_Init                           0x080026d0   Section        0  tim.o(i.MX_TIM1_Init)
    i.MX_USART1_UART_Init                    0x080027a0   Section        0  usart.o(i.MX_USART1_UART_Init)
    i.MemManage_Handler                      0x080027d8   Section        0  stm32f1xx_it.o(i.MemManage_Handler)
    i.NMI_Handler                            0x080027da   Section        0  stm32f1xx_it.o(i.NMI_Handler)
    i.PendSV_Handler                         0x080027dc   Section        0  stm32f1xx_it.o(i.PendSV_Handler)
    i.SVC_Handler                            0x080027de   Section        0  stm32f1xx_it.o(i.SVC_Handler)
    i.Set_Speed                              0x080027e0   Section        0  main.o(i.Set_Speed)
    i.SysTick_Handler                        0x08002880   Section        0  stm32f1xx_it.o(i.SysTick_Handler)
    i.SystemClock_Config                     0x08002884   Section        0  main.o(i.SystemClock_Config)
    i.SystemInit                             0x080028e2   Section        0  system_stm32f1xx.o(i.SystemInit)
    i.TIM_Base_SetConfig                     0x080028e4   Section        0  stm32f1xx_hal_tim.o(i.TIM_Base_SetConfig)
    i.TIM_CCxChannelCmd                      0x08002950   Section        0  stm32f1xx_hal_tim.o(i.TIM_CCxChannelCmd)
    i.TIM_OC1_SetConfig                      0x0800296c   Section        0  stm32f1xx_hal_tim.o(i.TIM_OC1_SetConfig)
    TIM_OC1_SetConfig                        0x0800296d   Thumb Code    74  stm32f1xx_hal_tim.o(i.TIM_OC1_SetConfig)
    i.TIM_OC2_SetConfig                      0x080029bc   Section        0  stm32f1xx_hal_tim.o(i.TIM_OC2_SetConfig)
    i.TIM_OC3_SetConfig                      0x08002a14   Section        0  stm32f1xx_hal_tim.o(i.TIM_OC3_SetConfig)
    TIM_OC3_SetConfig                        0x08002a15   Thumb Code    82  stm32f1xx_hal_tim.o(i.TIM_OC3_SetConfig)
    i.TIM_OC4_SetConfig                      0x08002a6c   Section        0  stm32f1xx_hal_tim.o(i.TIM_OC4_SetConfig)
    TIM_OC4_SetConfig                        0x08002a6d   Thumb Code    64  stm32f1xx_hal_tim.o(i.TIM_OC4_SetConfig)
    i.UART_DMAAbortOnError                   0x08002ab0   Section        0  stm32f1xx_hal_uart.o(i.UART_DMAAbortOnError)
    UART_DMAAbortOnError                     0x08002ab1   Thumb Code    16  stm32f1xx_hal_uart.o(i.UART_DMAAbortOnError)
    i.UART_EndRxTransfer                     0x08002ac0   Section        0  stm32f1xx_hal_uart.o(i.UART_EndRxTransfer)
    UART_EndRxTransfer                       0x08002ac1   Thumb Code    78  stm32f1xx_hal_uart.o(i.UART_EndRxTransfer)
    i.UART_Receive_IT                        0x08002b0e   Section        0  stm32f1xx_hal_uart.o(i.UART_Receive_IT)
    UART_Receive_IT                          0x08002b0f   Thumb Code   194  stm32f1xx_hal_uart.o(i.UART_Receive_IT)
    i.UART_SetConfig                         0x08002bd0   Section        0  stm32f1xx_hal_uart.o(i.UART_SetConfig)
    UART_SetConfig                           0x08002bd1   Thumb Code   178  stm32f1xx_hal_uart.o(i.UART_SetConfig)
    i.UART_Start_Receive_IT                  0x08002c88   Section        0  stm32f1xx_hal_uart.o(i.UART_Start_Receive_IT)
    i.USART1_IRQHandler                      0x08002cc0   Section        0  stm32f1xx_it.o(i.USART1_IRQHandler)
    i.UsageFault_Handler                     0x08002ccc   Section        0  stm32f1xx_it.o(i.UsageFault_Handler)
    i.__ARM_fpclassify                       0x08002cce   Section        0  fpclassify.o(i.__ARM_fpclassify)
    i.__NVIC_SetPriority                     0x08002cf6   Section        0  stm32f1xx_hal_cortex.o(i.__NVIC_SetPriority)
    __NVIC_SetPriority                       0x08002cf7   Thumb Code    32  stm32f1xx_hal_cortex.o(i.__NVIC_SetPriority)
    i.__ieee754_rem_pio2                     0x08002d18   Section        0  rred.o(i.__ieee754_rem_pio2)
    i.__kernel_cos                           0x080030a0   Section        0  cos_i.o(i.__kernel_cos)
    i.__kernel_poly                          0x0800319c   Section        0  poly.o(i.__kernel_poly)
    i.__kernel_sin                           0x08003248   Section        0  sin_i.o(i.__kernel_sin)
    i.__mathlib_dbl_infnan                   0x08003334   Section        0  dunder.o(i.__mathlib_dbl_infnan)
    i.__mathlib_dbl_invalid                  0x0800333a   Section        0  dunder.o(i.__mathlib_dbl_invalid)
    i.__mathlib_dbl_underflow                0x08003348   Section        0  dunder.o(i.__mathlib_dbl_underflow)
    i.clear_buffer                           0x08003358   Section        0  main.o(i.clear_buffer)
    i.main                                   0x08003360   Section        0  main.o(i.main)
    i.sin                                    0x0800343c   Section        0  sin.o(i.sin)
    locale$$code                             0x080034dc   Section       44  lc_ctype_c.o(locale$$code)
    x$fpl$d2f                                0x08003508   Section       98  d2f.o(x$fpl$d2f)
    x$fpl$dadd                               0x0800356c   Section      336  daddsub_clz.o(x$fpl$dadd)
    _dadd1                                   0x0800357d   Thumb Code     0  daddsub_clz.o(x$fpl$dadd)
    x$fpl$dcheck1                            0x080036bc   Section       16  dcheck1.o(x$fpl$dcheck1)
    x$fpl$ddiv                               0x080036cc   Section      688  ddiv.o(x$fpl$ddiv)
    ddiv_entry                               0x080036d3   Thumb Code     0  ddiv.o(x$fpl$ddiv)
    x$fpl$dfix                               0x0800397c   Section       94  dfix.o(x$fpl$dfix)
    x$fpl$dflt                               0x080039da   Section       46  dflt_clz.o(x$fpl$dflt)
    x$fpl$dfltu                              0x08003a08   Section       38  dflt_clz.o(x$fpl$dfltu)
    x$fpl$dmul                               0x08003a30   Section      340  dmul.o(x$fpl$dmul)
    x$fpl$dnaninf                            0x08003b84   Section      156  dnaninf.o(x$fpl$dnaninf)
    x$fpl$dretinf                            0x08003c20   Section       12  dretinf.o(x$fpl$dretinf)
    x$fpl$drsb                               0x08003c2c   Section       22  daddsub_clz.o(x$fpl$drsb)
    x$fpl$dsub                               0x08003c44   Section      468  daddsub_clz.o(x$fpl$dsub)
    _dsub1                                   0x08003c55   Thumb Code     0  daddsub_clz.o(x$fpl$dsub)
    x$fpl$f2d                                0x08003e18   Section       86  f2d.o(x$fpl$f2d)
    x$fpl$fadd                               0x08003e70   Section      196  faddsub_clz.o(x$fpl$fadd)
    _fadd1                                   0x08003e7f   Thumb Code     0  faddsub_clz.o(x$fpl$fadd)
    x$fpl$fcmpinf                            0x08003f34   Section       24  fcmpi.o(x$fpl$fcmpinf)
    x$fpl$fdiv                               0x08003f4c   Section      388  fdiv.o(x$fpl$fdiv)
    _fdiv1                                   0x08003f4d   Thumb Code     0  fdiv.o(x$fpl$fdiv)
    x$fpl$ffixu                              0x080040d0   Section       62  ffixu.o(x$fpl$ffixu)
    x$fpl$fflt                               0x08004110   Section       48  fflt_clz.o(x$fpl$fflt)
    x$fpl$ffltu                              0x08004140   Section       38  fflt_clz.o(x$fpl$ffltu)
    x$fpl$fleqf                              0x08004168   Section      104  fleqf.o(x$fpl$fleqf)
    x$fpl$fmul                               0x080041d0   Section      258  fmul.o(x$fpl$fmul)
    x$fpl$fnaninf                            0x080042d2   Section      140  fnaninf.o(x$fpl$fnaninf)
    x$fpl$fretinf                            0x0800435e   Section       10  fretinf.o(x$fpl$fretinf)
    x$fpl$frleqf                             0x08004368   Section       98  frleqf.o(x$fpl$frleqf)
    x$fpl$fsub                               0x080043cc   Section      234  faddsub_clz.o(x$fpl$fsub)
    _fsub1                                   0x080043db   Thumb Code     0  faddsub_clz.o(x$fpl$fsub)
    x$fpl$retnan                             0x080044b6   Section      100  retnan.o(x$fpl$retnan)
    x$fpl$scalbn                             0x0800451a   Section       92  scalbn.o(x$fpl$scalbn)
    x$fpl$trapveneer                         0x08004576   Section       48  trapv.o(x$fpl$trapveneer)
    .constdata                               0x080045a6   Section       18  stm32f1xx_hal_rcc.o(.constdata)
    x$fpl$usenofp                            0x080045a6   Section        0  usenofp.o(x$fpl$usenofp)
    aPredivFactorTable                       0x080045a6   Data           2  stm32f1xx_hal_rcc.o(.constdata)
    aPLLMULFactorTable                       0x080045a8   Data          16  stm32f1xx_hal_rcc.o(.constdata)
    .constdata                               0x080045b8   Section       16  system_stm32f1xx.o(.constdata)
    .constdata                               0x080045c8   Section        8  system_stm32f1xx.o(.constdata)
    .constdata                               0x080045d0   Section       48  cos_i.o(.constdata)
    C                                        0x080045d0   Data          48  cos_i.o(.constdata)
    .constdata                               0x08004600   Section      200  rred.o(.constdata)
    pio2s                                    0x08004600   Data          48  rred.o(.constdata)
    twooverpi                                0x08004630   Data         152  rred.o(.constdata)
    .constdata                               0x080046c8   Section       40  sin_i.o(.constdata)
    S                                        0x080046c8   Data          40  sin_i.o(.constdata)
    locale$$data                             0x08004710   Section      272  lc_ctype_c.o(locale$$data)
    __lcctype_c_name                         0x08004714   Data           2  lc_ctype_c.o(locale$$data)
    __lcctype_c_start                        0x0800471c   Data           0  lc_ctype_c.o(locale$$data)
    __lcctype_c_end                          0x08004820   Data           0  lc_ctype_c.o(locale$$data)
    .data                                    0x20000000   Section       68  mpu6050.o(.data)
    .data                                    0x20000044   Section      112  pid.o(.data)
    .data                                    0x200000b4   Section        8  main.o(.data)
    .data                                    0x200000bc   Section       12  stm32f1xx_hal.o(.data)
    .data                                    0x200000c8   Section        4  system_stm32f1xx.o(.data)
    .bss                                     0x200000cc   Section      100  main.o(.bss)
    .bss                                     0x20000130   Section       84  i2c.o(.bss)
    .bss                                     0x20000184   Section       72  tim.o(.bss)
    .bss                                     0x200001cc   Section       72  usart.o(.bss)
    .bss                                     0x20000214   Section       96  libspace.o(.bss)
    HEAP                                     0x20000278   Section      512  startup_stm32f103xb.o(HEAP)
    Heap_Mem                                 0x20000278   Data         512  startup_stm32f103xb.o(HEAP)
    STACK                                    0x20000478   Section     1024  startup_stm32f103xb.o(STACK)
    Stack_Mem                                0x20000478   Data        1024  startup_stm32f103xb.o(STACK)
    __initial_sp                             0x20000878   Data           0  startup_stm32f103xb.o(STACK)

    Global Symbols

    Symbol Name                              Value     Ov Type        Size  Object(Section)

    BuildAttributes$$THM_ISAv4$P$D$K$B$S$PE$A:L22UL41UL21$X:L11$S22US41US21$IEEE1$IW$USESV6$~STKCKD$USESV7$~SHL$OTIME$ROPI$IEEEX$EBA8$UX$STANDARDLIB$REQ8$PRES8$EABIv2 0x00000000   Number         0  anon$$obj.o ABSOLUTE
    __ARM_use_no_argv                        0x00000000   Number         0  main.o ABSOLUTE
    __ARM_exceptions_init                     - Undefined Weak Reference
    __alloca_initialize                       - Undefined Weak Reference
    __arm_fini_                               - Undefined Weak Reference
    __arm_preinit_                            - Undefined Weak Reference
    __cpp_initialize__aeabi_                  - Undefined Weak Reference
    __cxa_finalize                            - Undefined Weak Reference
    __sigvec_lookup                           - Undefined Weak Reference
    _atexit_init                              - Undefined Weak Reference
    _call_atexit_fns                          - Undefined Weak Reference
    _clock_init                               - Undefined Weak Reference
    _fp_trap_init                             - Undefined Weak Reference
    _fp_trap_shutdown                         - Undefined Weak Reference
    _get_lc_collate                           - Undefined Weak Reference
    _get_lc_monetary                          - Undefined Weak Reference
    _get_lc_numeric                           - Undefined Weak Reference
    _get_lc_time                              - Undefined Weak Reference
    _getenv_init                              - Undefined Weak Reference
    _handle_redirection                       - Undefined Weak Reference
    _init_alloc                               - Undefined Weak Reference
    _init_user_alloc                          - Undefined Weak Reference
    _initio                                   - Undefined Weak Reference
    _rand_init                                - Undefined Weak Reference
    _signal_finish                            - Undefined Weak Reference
    _signal_init                              - Undefined Weak Reference
    _terminate_alloc                          - Undefined Weak Reference
    _terminate_user_alloc                     - Undefined Weak Reference
    _terminateio                              - Undefined Weak Reference
    __Vectors_Size                           0x000000ec   Number         0  startup_stm32f103xb.o ABSOLUTE
    __Vectors                                0x08000000   Data           4  startup_stm32f103xb.o(RESET)
    __Vectors_End                            0x080000ec   Data           0  startup_stm32f103xb.o(RESET)
    __main                                   0x080000ed   Thumb Code     8  __main.o(!!!main)
    __scatterload                            0x080000f5   Thumb Code     0  __scatter.o(!!!scatter)
    __scatterload_rt2                        0x080000f5   Thumb Code    44  __scatter.o(!!!scatter)
    __scatterload_rt2_thumb_only             0x080000f5   Thumb Code     0  __scatter.o(!!!scatter)
    __scatterload_null                       0x08000103   Thumb Code     0  __scatter.o(!!!scatter)
    __scatterload_copy                       0x08000129   Thumb Code    26  __scatter_copy.o(!!handler_copy)
    __scatterload_zeroinit                   0x08000145   Thumb Code    28  __scatter_zi.o(!!handler_zi)
    __rt_lib_init                            0x08000161   Thumb Code     0  libinit.o(.ARM.Collect$$libinit$$00000000)
    __rt_lib_init_fp_1                       0x08000163   Thumb Code     0  libinit2.o(.ARM.Collect$$libinit$$00000002)
    __rt_lib_init_heap_1                     0x08000163   Thumb Code     0  libinit2.o(.ARM.Collect$$libinit$$0000000A)
    __rt_lib_init_lc_common                  0x08000163   Thumb Code     0  libinit2.o(.ARM.Collect$$libinit$$0000000F)
    __rt_lib_init_preinit_1                  0x08000163   Thumb Code     0  libinit2.o(.ARM.Collect$$libinit$$00000004)
    __rt_lib_init_rand_1                     0x08000163   Thumb Code     0  libinit2.o(.ARM.Collect$$libinit$$0000000E)
    __rt_lib_init_user_alloc_1               0x08000163   Thumb Code     0  libinit2.o(.ARM.Collect$$libinit$$0000000C)
    __rt_lib_init_lc_collate_1               0x08000169   Thumb Code     0  libinit2.o(.ARM.Collect$$libinit$$00000011)
    __rt_lib_init_lc_ctype_2                 0x08000169   Thumb Code     0  libinit2.o(.ARM.Collect$$libinit$$00000012)
    __rt_lib_init_alloca_1                   0x08000175   Thumb Code     0  libinit2.o(.ARM.Collect$$libinit$$0000002E)
    __rt_lib_init_argv_1                     0x08000175   Thumb Code     0  libinit2.o(.ARM.Collect$$libinit$$0000002C)
    __rt_lib_init_atexit_1                   0x08000175   Thumb Code     0  libinit2.o(.ARM.Collect$$libinit$$0000001B)
    __rt_lib_init_clock_1                    0x08000175   Thumb Code     0  libinit2.o(.ARM.Collect$$libinit$$00000021)
    __rt_lib_init_cpp_1                      0x08000175   Thumb Code     0  libinit2.o(.ARM.Collect$$libinit$$00000032)
    __rt_lib_init_exceptions_1               0x08000175   Thumb Code     0  libinit2.o(.ARM.Collect$$libinit$$00000030)
    __rt_lib_init_fp_trap_1                  0x08000175   Thumb Code     0  libinit2.o(.ARM.Collect$$libinit$$0000001F)
    __rt_lib_init_getenv_1                   0x08000175   Thumb Code     0  libinit2.o(.ARM.Collect$$libinit$$00000023)
    __rt_lib_init_lc_ctype_1                 0x08000175   Thumb Code     0  libinit2.o(.ARM.Collect$$libinit$$00000013)
    __rt_lib_init_lc_monetary_1              0x08000175   Thumb Code     0  libinit2.o(.ARM.Collect$$libinit$$00000015)
    __rt_lib_init_lc_numeric_1               0x08000175   Thumb Code     0  libinit2.o(.ARM.Collect$$libinit$$00000017)
    __rt_lib_init_lc_time_1                  0x08000175   Thumb Code     0  libinit2.o(.ARM.Collect$$libinit$$00000019)
    __rt_lib_init_return                     0x08000175   Thumb Code     0  libinit2.o(.ARM.Collect$$libinit$$00000033)
    __rt_lib_init_signal_1                   0x08000175   Thumb Code     0  libinit2.o(.ARM.Collect$$libinit$$0000001D)
    __rt_lib_init_stdio_1                    0x08000175   Thumb Code     0  libinit2.o(.ARM.Collect$$libinit$$00000025)
    __rt_lib_shutdown                        0x08000177   Thumb Code     0  libshutdown.o(.ARM.Collect$$libshutdown$$00000000)
    __rt_lib_shutdown_cpp_1                  0x08000179   Thumb Code     0  libshutdown2.o(.ARM.Collect$$libshutdown$$00000004)
    __rt_lib_shutdown_fini_1                 0x08000179   Thumb Code     0  libshutdown2.o(.ARM.Collect$$libshutdown$$00000002)
    __rt_lib_shutdown_fp_trap_1              0x08000179   Thumb Code     0  libshutdown2.o(.ARM.Collect$$libshutdown$$00000009)
    __rt_lib_shutdown_heap_1                 0x08000179   Thumb Code     0  libshutdown2.o(.ARM.Collect$$libshutdown$$00000011)
    __rt_lib_shutdown_return                 0x08000179   Thumb Code     0  libshutdown2.o(.ARM.Collect$$libshutdown$$00000012)
    __rt_lib_shutdown_signal_1               0x08000179   Thumb Code     0  libshutdown2.o(.ARM.Collect$$libshutdown$$0000000C)
    __rt_lib_shutdown_stdio_1                0x08000179   Thumb Code     0  libshutdown2.o(.ARM.Collect$$libshutdown$$00000006)
    __rt_lib_shutdown_user_alloc_1           0x08000179   Thumb Code     0  libshutdown2.o(.ARM.Collect$$libshutdown$$0000000E)
    __rt_entry                               0x0800017b   Thumb Code     0  __rtentry.o(.ARM.Collect$$rtentry$$00000000)
    __rt_entry_presh_1                       0x0800017b   Thumb Code     0  __rtentry2.o(.ARM.Collect$$rtentry$$00000002)
    __rt_entry_sh                            0x0800017b   Thumb Code     0  __rtentry4.o(.ARM.Collect$$rtentry$$00000004)
    __rt_entry_li                            0x08000181   Thumb Code     0  __rtentry2.o(.ARM.Collect$$rtentry$$0000000A)
    __rt_entry_postsh_1                      0x08000181   Thumb Code     0  __rtentry2.o(.ARM.Collect$$rtentry$$00000009)
    __rt_entry_main                          0x08000185   Thumb Code     0  __rtentry2.o(.ARM.Collect$$rtentry$$0000000D)
    __rt_entry_postli_1                      0x08000185   Thumb Code     0  __rtentry2.o(.ARM.Collect$$rtentry$$0000000C)
    __rt_exit                                0x0800018d   Thumb Code     0  rtexit.o(.ARM.Collect$$rtexit$$00000000)
    __rt_exit_ls                             0x0800018f   Thumb Code     0  rtexit2.o(.ARM.Collect$$rtexit$$00000003)
    __rt_exit_prels_1                        0x0800018f   Thumb Code     0  rtexit2.o(.ARM.Collect$$rtexit$$00000002)
    __rt_exit_exit                           0x08000193   Thumb Code     0  rtexit2.o(.ARM.Collect$$rtexit$$00000004)
    Reset_Handler                            0x08000199   Thumb Code     8  startup_stm32f103xb.o(.text)
    ADC1_2_IRQHandler                        0x080001b3   Thumb Code     0  startup_stm32f103xb.o(.text)
    CAN1_RX1_IRQHandler                      0x080001b3   Thumb Code     0  startup_stm32f103xb.o(.text)
    CAN1_SCE_IRQHandler                      0x080001b3   Thumb Code     0  startup_stm32f103xb.o(.text)
    DMA1_Channel1_IRQHandler                 0x080001b3   Thumb Code     0  startup_stm32f103xb.o(.text)
    DMA1_Channel2_IRQHandler                 0x080001b3   Thumb Code     0  startup_stm32f103xb.o(.text)
    DMA1_Channel3_IRQHandler                 0x080001b3   Thumb Code     0  startup_stm32f103xb.o(.text)
    DMA1_Channel4_IRQHandler                 0x080001b3   Thumb Code     0  startup_stm32f103xb.o(.text)
    DMA1_Channel5_IRQHandler                 0x080001b3   Thumb Code     0  startup_stm32f103xb.o(.text)
    DMA1_Channel6_IRQHandler                 0x080001b3   Thumb Code     0  startup_stm32f103xb.o(.text)
    DMA1_Channel7_IRQHandler                 0x080001b3   Thumb Code     0  startup_stm32f103xb.o(.text)
    EXTI0_IRQHandler                         0x080001b3   Thumb Code     0  startup_stm32f103xb.o(.text)
    EXTI15_10_IRQHandler                     0x080001b3   Thumb Code     0  startup_stm32f103xb.o(.text)
    EXTI1_IRQHandler                         0x080001b3   Thumb Code     0  startup_stm32f103xb.o(.text)
    EXTI2_IRQHandler                         0x080001b3   Thumb Code     0  startup_stm32f103xb.o(.text)
    EXTI3_IRQHandler                         0x080001b3   Thumb Code     0  startup_stm32f103xb.o(.text)
    EXTI4_IRQHandler                         0x080001b3   Thumb Code     0  startup_stm32f103xb.o(.text)
    EXTI9_5_IRQHandler                       0x080001b3   Thumb Code     0  startup_stm32f103xb.o(.text)
    FLASH_IRQHandler                         0x080001b3   Thumb Code     0  startup_stm32f103xb.o(.text)
    I2C1_ER_IRQHandler                       0x080001b3   Thumb Code     0  startup_stm32f103xb.o(.text)
    I2C1_EV_IRQHandler                       0x080001b3   Thumb Code     0  startup_stm32f103xb.o(.text)
    I2C2_ER_IRQHandler                       0x080001b3   Thumb Code     0  startup_stm32f103xb.o(.text)
    I2C2_EV_IRQHandler                       0x080001b3   Thumb Code     0  startup_stm32f103xb.o(.text)
    PVD_IRQHandler                           0x080001b3   Thumb Code     0  startup_stm32f103xb.o(.text)
    RCC_IRQHandler                           0x080001b3   Thumb Code     0  startup_stm32f103xb.o(.text)
    RTC_Alarm_IRQHandler                     0x080001b3   Thumb Code     0  startup_stm32f103xb.o(.text)
    RTC_IRQHandler                           0x080001b3   Thumb Code     0  startup_stm32f103xb.o(.text)
    SPI1_IRQHandler                          0x080001b3   Thumb Code     0  startup_stm32f103xb.o(.text)
    SPI2_IRQHandler                          0x080001b3   Thumb Code     0  startup_stm32f103xb.o(.text)
    TAMPER_IRQHandler                        0x080001b3   Thumb Code     0  startup_stm32f103xb.o(.text)
    TIM1_BRK_IRQHandler                      0x080001b3   Thumb Code     0  startup_stm32f103xb.o(.text)
    TIM1_CC_IRQHandler                       0x080001b3   Thumb Code     0  startup_stm32f103xb.o(.text)
    TIM1_TRG_COM_IRQHandler                  0x080001b3   Thumb Code     0  startup_stm32f103xb.o(.text)
    TIM1_UP_IRQHandler                       0x080001b3   Thumb Code     0  startup_stm32f103xb.o(.text)
    TIM2_IRQHandler                          0x080001b3   Thumb Code     0  startup_stm32f103xb.o(.text)
    TIM3_IRQHandler                          0x080001b3   Thumb Code     0  startup_stm32f103xb.o(.text)
    TIM4_IRQHandler                          0x080001b3   Thumb Code     0  startup_stm32f103xb.o(.text)
    USART2_IRQHandler                        0x080001b3   Thumb Code     0  startup_stm32f103xb.o(.text)
    USART3_IRQHandler                        0x080001b3   Thumb Code     0  startup_stm32f103xb.o(.text)
    USBWakeUp_IRQHandler                     0x080001b3   Thumb Code     0  startup_stm32f103xb.o(.text)
    USB_HP_CAN1_TX_IRQHandler                0x080001b3   Thumb Code     0  startup_stm32f103xb.o(.text)
    USB_LP_CAN1_RX0_IRQHandler               0x080001b3   Thumb Code     0  startup_stm32f103xb.o(.text)
    WWDG_IRQHandler                          0x080001b3   Thumb Code     0  startup_stm32f103xb.o(.text)
    __user_initial_stackheap                 0x080001b5   Thumb Code     0  startup_stm32f103xb.o(.text)
    atoi                                     0x080001d9   Thumb Code    26  atoi.o(.text)
    __aeabi_memclr                           0x080001f3   Thumb Code     0  rt_memclr.o(.text)
    __rt_memclr                              0x080001f3   Thumb Code    68  rt_memclr.o(.text)
    _memset                                  0x080001f7   Thumb Code     0  rt_memclr.o(.text)
    __aeabi_memclr4                          0x08000237   Thumb Code     0  rt_memclr_w.o(.text)
    __aeabi_memclr8                          0x08000237   Thumb Code     0  rt_memclr_w.o(.text)
    __rt_memclr_w                            0x08000237   Thumb Code    78  rt_memclr_w.o(.text)
    _memset_w                                0x0800023b   Thumb Code     0  rt_memclr_w.o(.text)
    __use_two_region_memory                  0x08000285   Thumb Code     2  heapauxi.o(.text)
    __rt_heap_escrow$2region                 0x08000287   Thumb Code     2  heapauxi.o(.text)
    __rt_heap_expand$2region                 0x08000289   Thumb Code     2  heapauxi.o(.text)
    __aeabi_errno_addr                       0x0800028d   Thumb Code     8  rt_errno_addr_intlibspace.o(.text)
    __errno$intlibspace                      0x0800028d   Thumb Code     0  rt_errno_addr_intlibspace.o(.text)
    __rt_errno_addr$intlibspace              0x0800028d   Thumb Code     0  rt_errno_addr_intlibspace.o(.text)
    __read_errno                             0x08000295   Thumb Code    10  _rserrno.o(.text)
    __set_errno                              0x0800029f   Thumb Code    12  _rserrno.o(.text)
    strtol                                   0x080002ab   Thumb Code   112  strtol.o(.text)
    __user_libspace                          0x0800031d   Thumb Code     8  libspace.o(.text)
    __user_perproc_libspace                  0x0800031d   Thumb Code     0  libspace.o(.text)
    __user_perthread_libspace                0x0800031d   Thumb Code     0  libspace.o(.text)
    __rt_ctype_table                         0x08000325   Thumb Code    16  rt_ctype_table.o(.text)
    _strtoul                                 0x08000335   Thumb Code   158  _strtoul.o(.text)
    __user_setup_stackheap                   0x080003d3   Thumb Code    74  sys_stackheap_outer.o(.text)
    __rt_locale                              0x0800041d   Thumb Code     8  rt_locale_intlibspace.o(.text)
    _chval                                   0x08000425   Thumb Code    28  _chval.o(.text)
    exit                                     0x08000441   Thumb Code    18  exit.o(.text)
    strcmp                                   0x08000455   Thumb Code   128  strcmpv7m.o(.text)
    _sys_exit                                0x080004d5   Thumb Code     8  sys_exit.o(.text)
    __I$use$semihosting                      0x080004e1   Thumb Code     0  use_no_semi.o(.text)
    __use_no_semihosting_swi                 0x080004e1   Thumb Code     2  use_no_semi.o(.text)
    BusFault_Handler                         0x080004e3   Thumb Code     2  stm32f1xx_it.o(i.BusFault_Handler)
    __semihosting_library_function           0x080004e3   Thumb Code     0  indicate_semi.o(.text)
    Calculate_pid                            0x080004e5   Thumb Code   656  pid.o(i.Calculate_pid)
    Calculation_Acc_error                    0x08000791   Thumb Code   230  mpu6050.o(i.Calculation_Acc_error)
    Calculation_Gyro_error                   0x08000885   Thumb Code   236  mpu6050.o(i.Calculation_Gyro_error)
    DebugMon_Handler                         0x08000981   Thumb Code     2  stm32f1xx_it.o(i.DebugMon_Handler)
    Error_Handler                            0x08000983   Thumb Code     4  main.o(i.Error_Handler)
    HAL_DMA_Abort                            0x08000987   Thumb Code    70  stm32f1xx_hal_dma.o(i.HAL_DMA_Abort)
    HAL_DMA_Abort_IT                         0x080009cd   Thumb Code   148  stm32f1xx_hal_dma.o(i.HAL_DMA_Abort_IT)
    HAL_Delay                                0x08000a65   Thumb Code    32  stm32f1xx_hal.o(i.HAL_Delay)
    HAL_GPIO_Init                            0x08000a89   Thumb Code   446  stm32f1xx_hal_gpio.o(i.HAL_GPIO_Init)
    HAL_GPIO_TogglePin                       0x08000c69   Thumb Code    16  stm32f1xx_hal_gpio.o(i.HAL_GPIO_TogglePin)
    HAL_GPIO_WritePin                        0x08000c79   Thumb Code    10  stm32f1xx_hal_gpio.o(i.HAL_GPIO_WritePin)
    HAL_GetTick                              0x08000c85   Thumb Code     6  stm32f1xx_hal.o(i.HAL_GetTick)
    HAL_I2C_Init                             0x08000c91   Thumb Code   376  stm32f1xx_hal_i2c.o(i.HAL_I2C_Init)
    HAL_I2C_Mem_Read                         0x08000e19   Thumb Code   574  stm32f1xx_hal_i2c.o(i.HAL_I2C_Mem_Read)
    HAL_I2C_Mem_Write                        0x08001069   Thumb Code   294  stm32f1xx_hal_i2c.o(i.HAL_I2C_Mem_Write)
    HAL_I2C_MspInit                          0x08001199   Thumb Code    82  i2c.o(i.HAL_I2C_MspInit)
    HAL_IncTick                              0x080011f9   Thumb Code    12  stm32f1xx_hal.o(i.HAL_IncTick)
    HAL_Init                                 0x08001209   Thumb Code    32  stm32f1xx_hal.o(i.HAL_Init)
    HAL_InitTick                             0x0800122d   Thumb Code    54  stm32f1xx_hal.o(i.HAL_InitTick)
    HAL_MspInit                              0x0800126d   Thumb Code    52  stm32f1xx_hal_msp.o(i.HAL_MspInit)
    HAL_NVIC_EnableIRQ                       0x080012a9   Thumb Code    26  stm32f1xx_hal_cortex.o(i.HAL_NVIC_EnableIRQ)
    HAL_NVIC_SetPriority                     0x080012c5   Thumb Code    60  stm32f1xx_hal_cortex.o(i.HAL_NVIC_SetPriority)
    HAL_NVIC_SetPriorityGrouping             0x08001305   Thumb Code    26  stm32f1xx_hal_cortex.o(i.HAL_NVIC_SetPriorityGrouping)
    HAL_RCC_ClockConfig                      0x08001329   Thumb Code   280  stm32f1xx_hal_rcc.o(i.HAL_RCC_ClockConfig)
    HAL_RCC_GetPCLK1Freq                     0x08001455   Thumb Code    20  stm32f1xx_hal_rcc.o(i.HAL_RCC_GetPCLK1Freq)
    HAL_RCC_GetPCLK2Freq                     0x08001475   Thumb Code    20  stm32f1xx_hal_rcc.o(i.HAL_RCC_GetPCLK2Freq)
    HAL_RCC_GetSysClockFreq                  0x08001495   Thumb Code    58  stm32f1xx_hal_rcc.o(i.HAL_RCC_GetSysClockFreq)
    HAL_RCC_OscConfig                        0x080014e1   Thumb Code   778  stm32f1xx_hal_rcc.o(i.HAL_RCC_OscConfig)
    HAL_SYSTICK_Config                       0x08001801   Thumb Code    40  stm32f1xx_hal_cortex.o(i.HAL_SYSTICK_Config)
    HAL_TIMEx_ConfigBreakDeadTime            0x08001829   Thumb Code    84  stm32f1xx_hal_tim_ex.o(i.HAL_TIMEx_ConfigBreakDeadTime)
    HAL_TIMEx_MasterConfigSynchronization    0x0800187d   Thumb Code    92  stm32f1xx_hal_tim_ex.o(i.HAL_TIMEx_MasterConfigSynchronization)
    HAL_TIM_MspPostInit                      0x080018e5   Thumb Code    64  tim.o(i.HAL_TIM_MspPostInit)
    HAL_TIM_PWM_ConfigChannel                0x08001931   Thumb Code   204  stm32f1xx_hal_tim.o(i.HAL_TIM_PWM_ConfigChannel)
    HAL_TIM_PWM_Init                         0x080019fd   Thumb Code    90  stm32f1xx_hal_tim.o(i.HAL_TIM_PWM_Init)
    HAL_TIM_PWM_MspInit                      0x08001a59   Thumb Code    30  tim.o(i.HAL_TIM_PWM_MspInit)
    HAL_TIM_PWM_Start                        0x08001a81   Thumb Code   144  stm32f1xx_hal_tim.o(i.HAL_TIM_PWM_Start)
    HAL_UARTEx_RxEventCallback               0x08001b1d   Thumb Code     2  stm32f1xx_hal_uart.o(i.HAL_UARTEx_RxEventCallback)
    HAL_UART_ErrorCallback                   0x08001b1f   Thumb Code     2  stm32f1xx_hal_uart.o(i.HAL_UART_ErrorCallback)
    HAL_UART_IRQHandler                      0x08001b21   Thumb Code   616  stm32f1xx_hal_uart.o(i.HAL_UART_IRQHandler)
    HAL_UART_Init                            0x08001d8d   Thumb Code   100  stm32f1xx_hal_uart.o(i.HAL_UART_Init)
    HAL_UART_MspInit                         0x08001df1   Thumb Code   128  usart.o(i.HAL_UART_MspInit)
    HAL_UART_Receive_IT                      0x08001e81   Thumb Code    28  stm32f1xx_hal_uart.o(i.HAL_UART_Receive_IT)
    HAL_UART_RxCpltCallback                  0x08001e9d   Thumb Code    46  main.o(i.HAL_UART_RxCpltCallback)
    HAL_UART_TxCpltCallback                  0x08001edd   Thumb Code     2  stm32f1xx_hal_uart.o(i.HAL_UART_TxCpltCallback)
    HardFault_Handler                        0x08001edf   Thumb Code     2  stm32f1xx_it.o(i.HardFault_Handler)
    MPU6050_Init                             0x08002321   Thumb Code   136  mpu6050.o(i.MPU6050_Init)
    MPU6050_Read_Accel                       0x080023ad   Thumb Code   184  mpu6050.o(i.MPU6050_Read_Accel)
    MPU6050_Read_Gyro                        0x0800246d   Thumb Code   390  mpu6050.o(i.MPU6050_Read_Gyro)
    MX_GPIO_Init                             0x08002611   Thumb Code   120  gpio.o(i.MX_GPIO_Init)
    MX_I2C2_Init                             0x08002691   Thumb Code    50  i2c.o(i.MX_I2C2_Init)
    MX_TIM1_Init                             0x080026d1   Thumb Code   200  tim.o(i.MX_TIM1_Init)
    MX_USART1_UART_Init                      0x080027a1   Thumb Code    48  usart.o(i.MX_USART1_UART_Init)
    MemManage_Handler                        0x080027d9   Thumb Code     2  stm32f1xx_it.o(i.MemManage_Handler)
    NMI_Handler                              0x080027db   Thumb Code     2  stm32f1xx_it.o(i.NMI_Handler)
    PendSV_Handler                           0x080027dd   Thumb Code     2  stm32f1xx_it.o(i.PendSV_Handler)
    SVC_Handler                              0x080027df   Thumb Code     2  stm32f1xx_it.o(i.SVC_Handler)
    Set_Speed                                0x080027e1   Thumb Code   138  main.o(i.Set_Speed)
    SysTick_Handler                          0x08002881   Thumb Code     4  stm32f1xx_it.o(i.SysTick_Handler)
    SystemClock_Config                       0x08002885   Thumb Code    94  main.o(i.SystemClock_Config)
    SystemInit                               0x080028e3   Thumb Code     2  system_stm32f1xx.o(i.SystemInit)
    TIM_Base_SetConfig                       0x080028e5   Thumb Code    94  stm32f1xx_hal_tim.o(i.TIM_Base_SetConfig)
    TIM_CCxChannelCmd                        0x08002951   Thumb Code    26  stm32f1xx_hal_tim.o(i.TIM_CCxChannelCmd)
    TIM_OC2_SetConfig                        0x080029bd   Thumb Code    84  stm32f1xx_hal_tim.o(i.TIM_OC2_SetConfig)
    UART_Start_Receive_IT                    0x08002c89   Thumb Code    54  stm32f1xx_hal_uart.o(i.UART_Start_Receive_IT)
    USART1_IRQHandler                        0x08002cc1   Thumb Code     6  stm32f1xx_it.o(i.USART1_IRQHandler)
    UsageFault_Handler                       0x08002ccd   Thumb Code     2  stm32f1xx_it.o(i.UsageFault_Handler)
    __ARM_fpclassify                         0x08002ccf   Thumb Code    40  fpclassify.o(i.__ARM_fpclassify)
    __ieee754_rem_pio2                       0x08002d19   Thumb Code   828  rred.o(i.__ieee754_rem_pio2)
    __kernel_cos                             0x080030a1   Thumb Code   230  cos_i.o(i.__kernel_cos)
    __kernel_poly                            0x0800319d   Thumb Code   170  poly.o(i.__kernel_poly)
    __kernel_sin                             0x08003249   Thumb Code   224  sin_i.o(i.__kernel_sin)
    __mathlib_dbl_infnan                     0x08003335   Thumb Code     6  dunder.o(i.__mathlib_dbl_infnan)
    __mathlib_dbl_invalid                    0x0800333b   Thumb Code    12  dunder.o(i.__mathlib_dbl_invalid)
    __mathlib_dbl_underflow                  0x08003349   Thumb Code    10  dunder.o(i.__mathlib_dbl_underflow)
    clear_buffer                             0x08003359   Thumb Code     6  main.o(i.clear_buffer)
    main                                     0x08003361   Thumb Code   198  main.o(i.main)
    sin                                      0x0800343d   Thumb Code   150  sin.o(i.sin)
    _get_lc_ctype                            0x080034dd   Thumb Code    44  lc_ctype_c.o(locale$$code)
    __aeabi_d2f                              0x08003509   Thumb Code     0  d2f.o(x$fpl$d2f)
    _d2f                                     0x08003509   Thumb Code    98  d2f.o(x$fpl$d2f)
    __aeabi_dadd                             0x0800356d   Thumb Code     0  daddsub_clz.o(x$fpl$dadd)
    _dadd                                    0x0800356d   Thumb Code   332  daddsub_clz.o(x$fpl$dadd)
    __fpl_dcheck_NaN1                        0x080036bd   Thumb Code    10  dcheck1.o(x$fpl$dcheck1)
    __aeabi_ddiv                             0x080036cd   Thumb Code     0  ddiv.o(x$fpl$ddiv)
    _ddiv                                    0x080036cd   Thumb Code   552  ddiv.o(x$fpl$ddiv)
    __aeabi_d2iz                             0x0800397d   Thumb Code     0  dfix.o(x$fpl$dfix)
    _dfix                                    0x0800397d   Thumb Code    94  dfix.o(x$fpl$dfix)
    __aeabi_i2d                              0x080039db   Thumb Code     0  dflt_clz.o(x$fpl$dflt)
    _dflt                                    0x080039db   Thumb Code    46  dflt_clz.o(x$fpl$dflt)
    __aeabi_ui2d                             0x08003a09   Thumb Code     0  dflt_clz.o(x$fpl$dfltu)
    _dfltu                                   0x08003a09   Thumb Code    38  dflt_clz.o(x$fpl$dfltu)
    __aeabi_dmul                             0x08003a31   Thumb Code     0  dmul.o(x$fpl$dmul)
    _dmul                                    0x08003a31   Thumb Code   332  dmul.o(x$fpl$dmul)
    __fpl_dnaninf                            0x08003b85   Thumb Code   156  dnaninf.o(x$fpl$dnaninf)
    __fpl_dretinf                            0x08003c21   Thumb Code    12  dretinf.o(x$fpl$dretinf)
    __aeabi_drsub                            0x08003c2d   Thumb Code     0  daddsub_clz.o(x$fpl$drsb)
    _drsb                                    0x08003c2d   Thumb Code    22  daddsub_clz.o(x$fpl$drsb)
    __aeabi_dsub                             0x08003c45   Thumb Code     0  daddsub_clz.o(x$fpl$dsub)
    _dsub                                    0x08003c45   Thumb Code   464  daddsub_clz.o(x$fpl$dsub)
    __aeabi_f2d                              0x08003e19   Thumb Code     0  f2d.o(x$fpl$f2d)
    _f2d                                     0x08003e19   Thumb Code    86  f2d.o(x$fpl$f2d)
    __aeabi_fadd                             0x08003e71   Thumb Code     0  faddsub_clz.o(x$fpl$fadd)
    _fadd                                    0x08003e71   Thumb Code   196  faddsub_clz.o(x$fpl$fadd)
    __fpl_fcmp_Inf                           0x08003f35   Thumb Code    24  fcmpi.o(x$fpl$fcmpinf)
    __aeabi_fdiv                             0x08003f4d   Thumb Code     0  fdiv.o(x$fpl$fdiv)
    _fdiv                                    0x08003f4d   Thumb Code   384  fdiv.o(x$fpl$fdiv)
    __aeabi_f2uiz                            0x080040d1   Thumb Code     0  ffixu.o(x$fpl$ffixu)
    _ffixu                                   0x080040d1   Thumb Code    62  ffixu.o(x$fpl$ffixu)
    __aeabi_i2f                              0x08004111   Thumb Code     0  fflt_clz.o(x$fpl$fflt)
    _fflt                                    0x08004111   Thumb Code    48  fflt_clz.o(x$fpl$fflt)
    __aeabi_ui2f                             0x08004141   Thumb Code     0  fflt_clz.o(x$fpl$ffltu)
    _ffltu                                   0x08004141   Thumb Code    38  fflt_clz.o(x$fpl$ffltu)
    __aeabi_cfcmple                          0x08004169   Thumb Code     0  fleqf.o(x$fpl$fleqf)
    _fcmple                                  0x08004169   Thumb Code   104  fleqf.o(x$fpl$fleqf)
    __fpl_fcmple_InfNaN                      0x080041bb   Thumb Code     0  fleqf.o(x$fpl$fleqf)
    __aeabi_fmul                             0x080041d1   Thumb Code     0  fmul.o(x$fpl$fmul)
    _fmul                                    0x080041d1   Thumb Code   258  fmul.o(x$fpl$fmul)
    __fpl_fnaninf                            0x080042d3   Thumb Code   140  fnaninf.o(x$fpl$fnaninf)
    __fpl_fretinf                            0x0800435f   Thumb Code    10  fretinf.o(x$fpl$fretinf)
    __aeabi_cfrcmple                         0x08004369   Thumb Code     0  frleqf.o(x$fpl$frleqf)
    _frcmple                                 0x08004369   Thumb Code    98  frleqf.o(x$fpl$frleqf)
    __aeabi_fsub                             0x080043cd   Thumb Code     0  faddsub_clz.o(x$fpl$fsub)
    _fsub                                    0x080043cd   Thumb Code   234  faddsub_clz.o(x$fpl$fsub)
    __fpl_return_NaN                         0x080044b7   Thumb Code   100  retnan.o(x$fpl$retnan)
    __ARM_scalbn                             0x0800451b   Thumb Code    92  scalbn.o(x$fpl$scalbn)
    __fpl_cmpreturn                          0x08004577   Thumb Code    48  trapv.o(x$fpl$trapveneer)
    __I$use$fp                               0x080045a6   Number         0  usenofp.o(x$fpl$usenofp)
    AHBPrescTable                            0x080045b8   Data          16  system_stm32f1xx.o(.constdata)
    APBPrescTable                            0x080045c8   Data           8  system_stm32f1xx.o(.constdata)
    Region$$Table$$Base                      0x080046f0   Number         0  anon$$obj.o(Region$$Table)
    Region$$Table$$Limit                     0x08004710   Number         0  anon$$obj.o(Region$$Table)
    __ctype                                  0x0800471d   Data           0  lc_ctype_c.o(locale$$data)
    Accel_X_RAW                              0x20000000   Data           2  mpu6050.o(.data)
    Accel_Y_RAW                              0x20000002   Data           2  mpu6050.o(.data)
    Accel_Z_RAW                              0x20000004   Data           2  mpu6050.o(.data)
    Gyro_X_RAW                               0x20000006   Data           2  mpu6050.o(.data)
    Gyro_Y_RAW                               0x20000008   Data           2  mpu6050.o(.data)
    Gyro_Z_RAW                               0x2000000a   Data           2  mpu6050.o(.data)
    Ax                                       0x2000000c   Data           4  mpu6050.o(.data)
    Ay                                       0x20000010   Data           4  mpu6050.o(.data)
    Az                                       0x20000014   Data           4  mpu6050.o(.data)
    Ax_error                                 0x20000018   Data           4  mpu6050.o(.data)
    Ay_error                                 0x2000001c   Data           4  mpu6050.o(.data)
    Az_error                                 0x20000020   Data           4  mpu6050.o(.data)
    Gx                                       0x20000024   Data           4  mpu6050.o(.data)
    Gy                                       0x20000028   Data           4  mpu6050.o(.data)
    Gz                                       0x2000002c   Data           4  mpu6050.o(.data)
    Gx_error                                 0x20000030   Data           4  mpu6050.o(.data)
    Gy_error                                 0x20000034   Data           4  mpu6050.o(.data)
    Gz_error                                 0x20000038   Data           4  mpu6050.o(.data)
    angle_pitch                              0x2000003c   Data           4  mpu6050.o(.data)
    angle_roll                               0x20000040   Data           4  mpu6050.o(.data)
    pid_p_gain_roll                          0x20000044   Data           4  pid.o(.data)
    pid_i_gain_roll                          0x20000048   Data           4  pid.o(.data)
    pid_d_gain_roll                          0x2000004c   Data           4  pid.o(.data)
    pid_max_roll                             0x20000050   Data           4  pid.o(.data)
    pid_p_gain_pitch                         0x20000054   Data           4  pid.o(.data)
    pid_i_gain_pitch                         0x20000058   Data           4  pid.o(.data)
    pid_d_gain_pitch                         0x2000005c   Data           4  pid.o(.data)
    pid_max_pitch                            0x20000060   Data           4  pid.o(.data)
    pid_p_gain_yaw                           0x20000064   Data           4  pid.o(.data)
    pid_i_gain_yaw                           0x20000068   Data           4  pid.o(.data)
    pid_d_gain_yaw                           0x2000006c   Data           4  pid.o(.data)
    pid_max_yaw                              0x20000070   Data           4  pid.o(.data)
    pid_error_temp                           0x20000074   Data           4  pid.o(.data)
    pid_i_mem_roll                           0x20000078   Data           4  pid.o(.data)
    pid_roll_setpoint                        0x2000007c   Data           4  pid.o(.data)
    gyro_roll_input                          0x20000080   Data           4  pid.o(.data)
    pid_output_roll                          0x20000084   Data           4  pid.o(.data)
    pid_last_roll_d_error                    0x20000088   Data           4  pid.o(.data)
    pid_i_mem_pitch                          0x2000008c   Data           4  pid.o(.data)
    pid_pitch_setpoint                       0x20000090   Data           4  pid.o(.data)
    gyro_pitch_input                         0x20000094   Data           4  pid.o(.data)
    pid_output_pitch                         0x20000098   Data           4  pid.o(.data)
    pid_last_pitch_d_error                   0x2000009c   Data           4  pid.o(.data)
    pid_i_mem_yaw                            0x200000a0   Data           4  pid.o(.data)
    pid_yaw_setpoint                         0x200000a4   Data           4  pid.o(.data)
    gyro_yaw_input                           0x200000a8   Data           4  pid.o(.data)
    pid_output_yaw                           0x200000ac   Data           4  pid.o(.data)
    pid_last_yaw_d_error                     0x200000b0   Data           4  pid.o(.data)
    ESP_Speed                                0x200000b4   Data           4  main.o(.data)
    timePrev                                 0x200000b8   Data           4  main.o(.data)
    uwTickFreq                               0x200000bc   Data           1  stm32f1xx_hal.o(.data)
    uwTickPrio                               0x200000c0   Data           4  stm32f1xx_hal.o(.data)
    uwTick                                   0x200000c4   Data           4  stm32f1xx_hal.o(.data)
    SystemCoreClock                          0x200000c8   Data           4  system_stm32f1xx.o(.data)
    rx_buffer                                0x200000cc   Data         100  main.o(.bss)
    hi2c2                                    0x20000130   Data          84  i2c.o(.bss)
    htim1                                    0x20000184   Data          72  tim.o(.bss)
    huart1                                   0x200001cc   Data          72  usart.o(.bss)
    __libspace_start                         0x20000214   Data          96  libspace.o(.bss)
    __temporary_stack_top$libspace           0x20000274   Data           0  libspace.o(.bss)



==============================================================================

Memory Map of the image

  Image Entry point : 0x080000ed

  Load Region LR_IROM1 (Base: 0x08000000, Size: 0x000048ec, Max: 0x00010000, ABSOLUTE)

    Execution Region ER_IROM1 (Exec base: 0x08000000, Load base: 0x08000000, Size: 0x00004820, Max: 0x00010000, ABSOLUTE)

    Exec Addr    Load Addr    Size         Type   Attr      Idx    E Section Name        Object

    0x08000000   0x08000000   0x000000ec   Data   RO            3    RESET               startup_stm32f103xb.o
    0x080000ec   0x080000ec   0x00000008   Code   RO         3383  * !!!main             c_w.l(__main.o)
    0x080000f4   0x080000f4   0x00000034   Code   RO         3678    !!!scatter          c_w.l(__scatter.o)
    0x08000128   0x08000128   0x0000001a   Code   RO         3680    !!handler_copy      c_w.l(__scatter_copy.o)
    0x08000142   0x08000142   0x00000002   PAD
    0x08000144   0x08000144   0x0000001c   Code   RO         3682    !!handler_zi        c_w.l(__scatter_zi.o)
    0x08000160   0x08000160   0x00000002   Code   RO         3545    .ARM.Collect$$libinit$$00000000  c_w.l(libinit.o)
    0x08000162   0x08000162   0x00000000   Code   RO         3553    .ARM.Collect$$libinit$$00000002  c_w.l(libinit2.o)
    0x08000162   0x08000162   0x00000000   Code   RO         3555    .ARM.Collect$$libinit$$00000004  c_w.l(libinit2.o)
    0x08000162   0x08000162   0x00000000   Code   RO         3558    .ARM.Collect$$libinit$$0000000A  c_w.l(libinit2.o)
    0x08000162   0x08000162   0x00000000   Code   RO         3560    .ARM.Collect$$libinit$$0000000C  c_w.l(libinit2.o)
    0x08000162   0x08000162   0x00000000   Code   RO         3562    .ARM.Collect$$libinit$$0000000E  c_w.l(libinit2.o)
    0x08000162   0x08000162   0x00000006   Code   RO         3563    .ARM.Collect$$libinit$$0000000F  c_w.l(libinit2.o)
    0x08000168   0x08000168   0x00000000   Code   RO         3565    .ARM.Collect$$libinit$$00000011  c_w.l(libinit2.o)
    0x08000168   0x08000168   0x0000000c   Code   RO         3566    .ARM.Collect$$libinit$$00000012  c_w.l(libinit2.o)
    0x08000174   0x08000174   0x00000000   Code   RO         3567    .ARM.Collect$$libinit$$00000013  c_w.l(libinit2.o)
    0x08000174   0x08000174   0x00000000   Code   RO         3569    .ARM.Collect$$libinit$$00000015  c_w.l(libinit2.o)
    0x08000174   0x08000174   0x00000000   Code   RO         3571    .ARM.Collect$$libinit$$00000017  c_w.l(libinit2.o)
    0x08000174   0x08000174   0x00000000   Code   RO         3573    .ARM.Collect$$libinit$$00000019  c_w.l(libinit2.o)
    0x08000174   0x08000174   0x00000000   Code   RO         3575    .ARM.Collect$$libinit$$0000001B  c_w.l(libinit2.o)
    0x08000174   0x08000174   0x00000000   Code   RO         3577    .ARM.Collect$$libinit$$0000001D  c_w.l(libinit2.o)
    0x08000174   0x08000174   0x00000000   Code   RO         3579    .ARM.Collect$$libinit$$0000001F  c_w.l(libinit2.o)
    0x08000174   0x08000174   0x00000000   Code   RO         3581    .ARM.Collect$$libinit$$00000021  c_w.l(libinit2.o)
    0x08000174   0x08000174   0x00000000   Code   RO         3583    .ARM.Collect$$libinit$$00000023  c_w.l(libinit2.o)
    0x08000174   0x08000174   0x00000000   Code   RO         3585    .ARM.Collect$$libinit$$00000025  c_w.l(libinit2.o)
    0x08000174   0x08000174   0x00000000   Code   RO         3589    .ARM.Collect$$libinit$$0000002C  c_w.l(libinit2.o)
    0x08000174   0x08000174   0x00000000   Code   RO         3591    .ARM.Collect$$libinit$$0000002E  c_w.l(libinit2.o)
    0x08000174   0x08000174   0x00000000   Code   RO         3593    .ARM.Collect$$libinit$$00000030  c_w.l(libinit2.o)
    0x08000174   0x08000174   0x00000000   Code   RO         3595    .ARM.Collect$$libinit$$00000032  c_w.l(libinit2.o)
    0x08000174   0x08000174   0x00000002   Code   RO         3596    .ARM.Collect$$libinit$$00000033  c_w.l(libinit2.o)
    0x08000176   0x08000176   0x00000002   Code   RO         3616    .ARM.Collect$$libshutdown$$00000000  c_w.l(libshutdown.o)
    0x08000178   0x08000178   0x00000000   Code   RO         3629    .ARM.Collect$$libshutdown$$00000002  c_w.l(libshutdown2.o)
    0x08000178   0x08000178   0x00000000   Code   RO         3631    .ARM.Collect$$libshutdown$$00000004  c_w.l(libshutdown2.o)
    0x08000178   0x08000178   0x00000000   Code   RO         3633    .ARM.Collect$$libshutdown$$00000006  c_w.l(libshutdown2.o)
    0x08000178   0x08000178   0x00000000   Code   RO         3636    .ARM.Collect$$libshutdown$$00000009  c_w.l(libshutdown2.o)
    0x08000178   0x08000178   0x00000000   Code   RO         3639    .ARM.Collect$$libshutdown$$0000000C  c_w.l(libshutdown2.o)
    0x08000178   0x08000178   0x00000000   Code   RO         3641    .ARM.Collect$$libshutdown$$0000000E  c_w.l(libshutdown2.o)
    0x08000178   0x08000178   0x00000000   Code   RO         3644    .ARM.Collect$$libshutdown$$00000011  c_w.l(libshutdown2.o)
    0x08000178   0x08000178   0x00000002   Code   RO         3645    .ARM.Collect$$libshutdown$$00000012  c_w.l(libshutdown2.o)
    0x0800017a   0x0800017a   0x00000000   Code   RO         3443    .ARM.Collect$$rtentry$$00000000  c_w.l(__rtentry.o)
    0x0800017a   0x0800017a   0x00000000   Code   RO         3498    .ARM.Collect$$rtentry$$00000002  c_w.l(__rtentry2.o)
    0x0800017a   0x0800017a   0x00000006   Code   RO         3510    .ARM.Collect$$rtentry$$00000004  c_w.l(__rtentry4.o)
    0x08000180   0x08000180   0x00000000   Code   RO         3500    .ARM.Collect$$rtentry$$00000009  c_w.l(__rtentry2.o)
    0x08000180   0x08000180   0x00000004   Code   RO         3501    .ARM.Collect$$rtentry$$0000000A  c_w.l(__rtentry2.o)
    0x08000184   0x08000184   0x00000000   Code   RO         3503    .ARM.Collect$$rtentry$$0000000C  c_w.l(__rtentry2.o)
    0x08000184   0x08000184   0x00000008   Code   RO         3504    .ARM.Collect$$rtentry$$0000000D  c_w.l(__rtentry2.o)
    0x0800018c   0x0800018c   0x00000002   Code   RO         3548    .ARM.Collect$$rtexit$$00000000  c_w.l(rtexit.o)
    0x0800018e   0x0800018e   0x00000000   Code   RO         3598    .ARM.Collect$$rtexit$$00000002  c_w.l(rtexit2.o)
    0x0800018e   0x0800018e   0x00000004   Code   RO         3599    .ARM.Collect$$rtexit$$00000003  c_w.l(rtexit2.o)
    0x08000192   0x08000192   0x00000006   Code   RO         3600    .ARM.Collect$$rtexit$$00000004  c_w.l(rtexit2.o)
    0x08000198   0x08000198   0x00000040   Code   RO            4    .text               startup_stm32f103xb.o
    0x080001d8   0x080001d8   0x0000001a   Code   RO         3375    .text               c_w.l(atoi.o)
    0x080001f2   0x080001f2   0x00000044   Code   RO         3377    .text               c_w.l(rt_memclr.o)
    0x08000236   0x08000236   0x0000004e   Code   RO         3379    .text               c_w.l(rt_memclr_w.o)
    0x08000284   0x08000284   0x00000006   Code   RO         3381    .text               c_w.l(heapauxi.o)
    0x0800028a   0x0800028a   0x00000002   PAD
    0x0800028c   0x0800028c   0x00000008   Code   RO         3447    .text               c_w.l(rt_errno_addr_intlibspace.o)
    0x08000294   0x08000294   0x00000016   Code   RO         3449    .text               c_w.l(_rserrno.o)
    0x080002aa   0x080002aa   0x00000070   Code   RO         3451    .text               c_w.l(strtol.o)
    0x0800031a   0x0800031a   0x00000002   PAD
    0x0800031c   0x0800031c   0x00000008   Code   RO         3494    .text               c_w.l(libspace.o)
    0x08000324   0x08000324   0x00000010   Code   RO         3512    .text               c_w.l(rt_ctype_table.o)
    0x08000334   0x08000334   0x0000009e   Code   RO         3514    .text               c_w.l(_strtoul.o)
    0x080003d2   0x080003d2   0x0000004a   Code   RO         3526    .text               c_w.l(sys_stackheap_outer.o)
    0x0800041c   0x0800041c   0x00000008   Code   RO         3531    .text               c_w.l(rt_locale_intlibspace.o)
    0x08000424   0x08000424   0x0000001c   Code   RO         3533    .text               c_w.l(_chval.o)
    0x08000440   0x08000440   0x00000012   Code   RO         3538    .text               c_w.l(exit.o)
    0x08000452   0x08000452   0x00000002   PAD
    0x08000454   0x08000454   0x00000080   Code   RO         3550    .text               c_w.l(strcmpv7m.o)
    0x080004d4   0x080004d4   0x0000000c   Code   RO         3608    .text               c_w.l(sys_exit.o)
    0x080004e0   0x080004e0   0x00000002   Code   RO         3619    .text               c_w.l(use_no_semi.o)
    0x080004e2   0x080004e2   0x00000000   Code   RO         3621    .text               c_w.l(indicate_semi.o)
    0x080004e2   0x080004e2   0x00000002   Code   RO          444    i.BusFault_Handler  stm32f1xx_it.o
    0x080004e4   0x080004e4   0x000002ac   Code   RO          165    i.Calculate_pid     pid.o
    0x08000790   0x08000790   0x000000f4   Code   RO           13    i.Calculation_Acc_error  mpu6050.o
    0x08000884   0x08000884   0x000000fc   Code   RO           14    i.Calculation_Gyro_error  mpu6050.o
    0x08000980   0x08000980   0x00000002   Code   RO          445    i.DebugMon_Handler  stm32f1xx_it.o
    0x08000982   0x08000982   0x00000004   Code   RO          196    i.Error_Handler     main.o
    0x08000986   0x08000986   0x00000046   Code   RO         1404    i.HAL_DMA_Abort     stm32f1xx_hal_dma.o
    0x080009cc   0x080009cc   0x00000098   Code   RO         1405    i.HAL_DMA_Abort_IT  stm32f1xx_hal_dma.o
    0x08000a64   0x08000a64   0x00000024   Code   RO         1030    i.HAL_Delay         stm32f1xx_hal.o
    0x08000a88   0x08000a88   0x000001e0   Code   RO         1340    i.HAL_GPIO_Init     stm32f1xx_hal_gpio.o
    0x08000c68   0x08000c68   0x00000010   Code   RO         1343    i.HAL_GPIO_TogglePin  stm32f1xx_hal_gpio.o
    0x08000c78   0x08000c78   0x0000000a   Code   RO         1344    i.HAL_GPIO_WritePin  stm32f1xx_hal_gpio.o
    0x08000c82   0x08000c82   0x00000002   PAD
    0x08000c84   0x08000c84   0x0000000c   Code   RO         1034    i.HAL_GetTick       stm32f1xx_hal.o
    0x08000c90   0x08000c90   0x00000188   Code   RO          597    i.HAL_I2C_Init      stm32f1xx_hal_i2c.o
    0x08000e18   0x08000e18   0x00000250   Code   RO          615    i.HAL_I2C_Mem_Read  stm32f1xx_hal_i2c.o
    0x08001068   0x08001068   0x00000130   Code   RO          618    i.HAL_I2C_Mem_Write  stm32f1xx_hal_i2c.o
    0x08001198   0x08001198   0x00000060   Code   RO          313    i.HAL_I2C_MspInit   i2c.o
    0x080011f8   0x080011f8   0x00000010   Code   RO         1040    i.HAL_IncTick       stm32f1xx_hal.o
    0x08001208   0x08001208   0x00000024   Code   RO         1041    i.HAL_Init          stm32f1xx_hal.o
    0x0800122c   0x0800122c   0x00000040   Code   RO         1042    i.HAL_InitTick      stm32f1xx_hal.o
    0x0800126c   0x0800126c   0x0000003c   Code   RO          526    i.HAL_MspInit       stm32f1xx_hal_msp.o
    0x080012a8   0x080012a8   0x0000001a   Code   RO         1500    i.HAL_NVIC_EnableIRQ  stm32f1xx_hal_cortex.o
    0x080012c2   0x080012c2   0x00000002   PAD
    0x080012c4   0x080012c4   0x00000040   Code   RO         1506    i.HAL_NVIC_SetPriority  stm32f1xx_hal_cortex.o
    0x08001304   0x08001304   0x00000024   Code   RO         1507    i.HAL_NVIC_SetPriorityGrouping  stm32f1xx_hal_cortex.o
    0x08001328   0x08001328   0x0000012c   Code   RO         1198    i.HAL_RCC_ClockConfig  stm32f1xx_hal_rcc.o
    0x08001454   0x08001454   0x00000020   Code   RO         1205    i.HAL_RCC_GetPCLK1Freq  stm32f1xx_hal_rcc.o
    0x08001474   0x08001474   0x00000020   Code   RO         1206    i.HAL_RCC_GetPCLK2Freq  stm32f1xx_hal_rcc.o
    0x08001494   0x08001494   0x0000004c   Code   RO         1207    i.HAL_RCC_GetSysClockFreq  stm32f1xx_hal_rcc.o
    0x080014e0   0x080014e0   0x00000320   Code   RO         1210    i.HAL_RCC_OscConfig  stm32f1xx_hal_rcc.o
    0x08001800   0x08001800   0x00000028   Code   RO         1511    i.HAL_SYSTICK_Config  stm32f1xx_hal_cortex.o
    0x08001828   0x08001828   0x00000054   Code   RO         2709    i.HAL_TIMEx_ConfigBreakDeadTime  stm32f1xx_hal_tim_ex.o
    0x0800187c   0x0800187c   0x00000068   Code   RO         2725    i.HAL_TIMEx_MasterConfigSynchronization  stm32f1xx_hal_tim_ex.o
    0x080018e4   0x080018e4   0x0000004c   Code   RO          354    i.HAL_TIM_MspPostInit  tim.o
    0x08001930   0x08001930   0x000000cc   Code   RO         2074    i.HAL_TIM_PWM_ConfigChannel  stm32f1xx_hal_tim.o
    0x080019fc   0x080019fc   0x0000005a   Code   RO         2077    i.HAL_TIM_PWM_Init  stm32f1xx_hal_tim.o
    0x08001a56   0x08001a56   0x00000002   PAD
    0x08001a58   0x08001a58   0x00000028   Code   RO          356    i.HAL_TIM_PWM_MspInit  tim.o
    0x08001a80   0x08001a80   0x0000009c   Code   RO         2082    i.HAL_TIM_PWM_Start  stm32f1xx_hal_tim.o
    0x08001b1c   0x08001b1c   0x00000002   Code   RO         2985    i.HAL_UARTEx_RxEventCallback  stm32f1xx_hal_uart.o
    0x08001b1e   0x08001b1e   0x00000002   Code   RO         2999    i.HAL_UART_ErrorCallback  stm32f1xx_hal_uart.o
    0x08001b20   0x08001b20   0x0000026c   Code   RO         3002    i.HAL_UART_IRQHandler  stm32f1xx_hal_uart.o
    0x08001d8c   0x08001d8c   0x00000064   Code   RO         3003    i.HAL_UART_Init     stm32f1xx_hal_uart.o
    0x08001df0   0x08001df0   0x00000090   Code   RO          403    i.HAL_UART_MspInit  usart.o
    0x08001e80   0x08001e80   0x0000001c   Code   RO         3008    i.HAL_UART_Receive_IT  stm32f1xx_hal_uart.o
    0x08001e9c   0x08001e9c   0x00000040   Code   RO          197    i.HAL_UART_RxCpltCallback  main.o
    0x08001edc   0x08001edc   0x00000002   Code   RO         3014    i.HAL_UART_TxCpltCallback  stm32f1xx_hal_uart.o
    0x08001ede   0x08001ede   0x00000002   Code   RO          446    i.HardFault_Handler  stm32f1xx_it.o
    0x08001ee0   0x08001ee0   0x0000002e   Code   RO          640    i.I2C_IsAcknowledgeFailed  stm32f1xx_hal_i2c.o
    0x08001f0e   0x08001f0e   0x00000002   PAD
    0x08001f10   0x08001f10   0x000000fc   Code   RO          650    i.I2C_RequestMemoryRead  stm32f1xx_hal_i2c.o
    0x0800200c   0x0800200c   0x000000a8   Code   RO          651    i.I2C_RequestMemoryWrite  stm32f1xx_hal_i2c.o
    0x080020b4   0x080020b4   0x00000056   Code   RO          655    i.I2C_WaitOnBTFFlagUntilTimeout  stm32f1xx_hal_i2c.o
    0x0800210a   0x0800210a   0x00000002   PAD
    0x0800210c   0x0800210c   0x00000090   Code   RO          656    i.I2C_WaitOnFlagUntilTimeout  stm32f1xx_hal_i2c.o
    0x0800219c   0x0800219c   0x000000bc   Code   RO          657    i.I2C_WaitOnMasterAddressFlagUntilTimeout  stm32f1xx_hal_i2c.o
    0x08002258   0x08002258   0x00000070   Code   RO          658    i.I2C_WaitOnRXNEFlagUntilTimeout  stm32f1xx_hal_i2c.o
    0x080022c8   0x080022c8   0x00000056   Code   RO          659    i.I2C_WaitOnTXEFlagUntilTimeout  stm32f1xx_hal_i2c.o
    0x0800231e   0x0800231e   0x00000002   PAD
    0x08002320   0x08002320   0x0000008c   Code   RO           15    i.MPU6050_Init      mpu6050.o
    0x080023ac   0x080023ac   0x000000c0   Code   RO           16    i.MPU6050_Read_Accel  mpu6050.o
    0x0800246c   0x0800246c   0x000001a4   Code   RO           17    i.MPU6050_Read_Gyro  mpu6050.o
    0x08002610   0x08002610   0x00000080   Code   RO          288    i.MX_GPIO_Init      gpio.o
    0x08002690   0x08002690   0x00000040   Code   RO          314    i.MX_I2C2_Init      i2c.o
    0x080026d0   0x080026d0   0x000000d0   Code   RO          357    i.MX_TIM1_Init      tim.o
    0x080027a0   0x080027a0   0x00000038   Code   RO          404    i.MX_USART1_UART_Init  usart.o
    0x080027d8   0x080027d8   0x00000002   Code   RO          447    i.MemManage_Handler  stm32f1xx_it.o
    0x080027da   0x080027da   0x00000002   Code   RO          448    i.NMI_Handler       stm32f1xx_it.o
    0x080027dc   0x080027dc   0x00000002   Code   RO          449    i.PendSV_Handler    stm32f1xx_it.o
    0x080027de   0x080027de   0x00000002   Code   RO          450    i.SVC_Handler       stm32f1xx_it.o
    0x080027e0   0x080027e0   0x000000a0   Code   RO          198    i.Set_Speed         main.o
    0x08002880   0x08002880   0x00000004   Code   RO          451    i.SysTick_Handler   stm32f1xx_it.o
    0x08002884   0x08002884   0x0000005e   Code   RO          199    i.SystemClock_Config  main.o
    0x080028e2   0x080028e2   0x00000002   Code   RO         3337    i.SystemInit        system_stm32f1xx.o
    0x080028e4   0x080028e4   0x0000006c   Code   RO         2095    i.TIM_Base_SetConfig  stm32f1xx_hal_tim.o
    0x08002950   0x08002950   0x0000001a   Code   RO         2096    i.TIM_CCxChannelCmd  stm32f1xx_hal_tim.o
    0x0800296a   0x0800296a   0x00000002   PAD
    0x0800296c   0x0800296c   0x00000050   Code   RO         2108    i.TIM_OC1_SetConfig  stm32f1xx_hal_tim.o
    0x080029bc   0x080029bc   0x00000058   Code   RO         2109    i.TIM_OC2_SetConfig  stm32f1xx_hal_tim.o
    0x08002a14   0x08002a14   0x00000058   Code   RO         2110    i.TIM_OC3_SetConfig  stm32f1xx_hal_tim.o
    0x08002a6c   0x08002a6c   0x00000044   Code   RO         2111    i.TIM_OC4_SetConfig  stm32f1xx_hal_tim.o
    0x08002ab0   0x08002ab0   0x00000010   Code   RO         3016    i.UART_DMAAbortOnError  stm32f1xx_hal_uart.o
    0x08002ac0   0x08002ac0   0x0000004e   Code   RO         3026    i.UART_EndRxTransfer  stm32f1xx_hal_uart.o
    0x08002b0e   0x08002b0e   0x000000c2   Code   RO         3028    i.UART_Receive_IT   stm32f1xx_hal_uart.o
    0x08002bd0   0x08002bd0   0x000000b8   Code   RO         3029    i.UART_SetConfig    stm32f1xx_hal_uart.o
    0x08002c88   0x08002c88   0x00000036   Code   RO         3031    i.UART_Start_Receive_IT  stm32f1xx_hal_uart.o
    0x08002cbe   0x08002cbe   0x00000002   PAD
    0x08002cc0   0x08002cc0   0x0000000c   Code   RO          452    i.USART1_IRQHandler  stm32f1xx_it.o
    0x08002ccc   0x08002ccc   0x00000002   Code   RO          453    i.UsageFault_Handler  stm32f1xx_it.o
    0x08002cce   0x08002cce   0x00000028   Code   RO         3522    i.__ARM_fpclassify  m_ws.l(fpclassify.o)
    0x08002cf6   0x08002cf6   0x00000020   Code   RO         1513    i.__NVIC_SetPriority  stm32f1xx_hal_cortex.o
    0x08002d16   0x08002d16   0x00000002   PAD
    0x08002d18   0x08002d18   0x00000388   Code   RO         3483    i.__ieee754_rem_pio2  m_ws.l(rred.o)
    0x080030a0   0x080030a0   0x000000fc   Code   RO         3466    i.__kernel_cos      m_ws.l(cos_i.o)
    0x0800319c   0x0800319c   0x000000aa   Code   RO         3524    i.__kernel_poly     m_ws.l(poly.o)
    0x08003246   0x08003246   0x00000002   PAD
    0x08003248   0x08003248   0x000000ec   Code   RO         3488    i.__kernel_sin      m_ws.l(sin_i.o)
    0x08003334   0x08003334   0x00000006   Code   RO         3470    i.__mathlib_dbl_infnan  m_ws.l(dunder.o)
    0x0800333a   0x0800333a   0x0000000c   Code   RO         3472    i.__mathlib_dbl_invalid  m_ws.l(dunder.o)
    0x08003346   0x08003346   0x00000002   PAD
    0x08003348   0x08003348   0x00000010   Code   RO         3475    i.__mathlib_dbl_underflow  m_ws.l(dunder.o)
    0x08003358   0x08003358   0x00000006   Code   RO          200    i.clear_buffer      main.o
    0x0800335e   0x0800335e   0x00000002   PAD
    0x08003360   0x08003360   0x000000dc   Code   RO          201    i.main              main.o
    0x0800343c   0x0800343c   0x000000a0   Code   RO         3436    i.sin               m_ws.l(sin.o)
    0x080034dc   0x080034dc   0x0000002c   Code   RO         3536    locale$$code        c_w.l(lc_ctype_c.o)
    0x08003508   0x08003508   0x00000062   Code   RO         3385    x$fpl$d2f           fz_ws.l(d2f.o)
    0x0800356a   0x0800356a   0x00000002   PAD
    0x0800356c   0x0800356c   0x00000150   Code   RO         3387    x$fpl$dadd          fz_ws.l(daddsub_clz.o)
    0x080036bc   0x080036bc   0x00000010   Code   RO         3453    x$fpl$dcheck1       fz_ws.l(dcheck1.o)
    0x080036cc   0x080036cc   0x000002b0   Code   RO         3394    x$fpl$ddiv          fz_ws.l(ddiv.o)
    0x0800397c   0x0800397c   0x0000005e   Code   RO         3516    x$fpl$dfix          fz_ws.l(dfix.o)
    0x080039da   0x080039da   0x0000002e   Code   RO         3398    x$fpl$dflt          fz_ws.l(dflt_clz.o)
    0x08003a08   0x08003a08   0x00000026   Code   RO         3397    x$fpl$dfltu         fz_ws.l(dflt_clz.o)
    0x08003a2e   0x08003a2e   0x00000002   PAD
    0x08003a30   0x08003a30   0x00000154   Code   RO         3403    x$fpl$dmul          fz_ws.l(dmul.o)
    0x08003b84   0x08003b84   0x0000009c   Code   RO         3455    x$fpl$dnaninf       fz_ws.l(dnaninf.o)
    0x08003c20   0x08003c20   0x0000000c   Code   RO         3457    x$fpl$dretinf       fz_ws.l(dretinf.o)
    0x08003c2c   0x08003c2c   0x00000016   Code   RO         3388    x$fpl$drsb          fz_ws.l(daddsub_clz.o)
    0x08003c42   0x08003c42   0x00000002   PAD
    0x08003c44   0x08003c44   0x000001d4   Code   RO         3389    x$fpl$dsub          fz_ws.l(daddsub_clz.o)
    0x08003e18   0x08003e18   0x00000056   Code   RO         3405    x$fpl$f2d           fz_ws.l(f2d.o)
    0x08003e6e   0x08003e6e   0x00000002   PAD
    0x08003e70   0x08003e70   0x000000c4   Code   RO         3407    x$fpl$fadd          fz_ws.l(faddsub_clz.o)
    0x08003f34   0x08003f34   0x00000018   Code   RO         3459    x$fpl$fcmpinf       fz_ws.l(fcmpi.o)
    0x08003f4c   0x08003f4c   0x00000184   Code   RO         3414    x$fpl$fdiv          fz_ws.l(fdiv.o)
    0x080040d0   0x080040d0   0x0000003e   Code   RO         3417    x$fpl$ffixu         fz_ws.l(ffixu.o)
    0x0800410e   0x0800410e   0x00000002   PAD
    0x08004110   0x08004110   0x00000030   Code   RO         3422    x$fpl$fflt          fz_ws.l(fflt_clz.o)
    0x08004140   0x08004140   0x00000026   Code   RO         3421    x$fpl$ffltu         fz_ws.l(fflt_clz.o)
    0x08004166   0x08004166   0x00000002   PAD
    0x08004168   0x08004168   0x00000068   Code   RO         3427    x$fpl$fleqf         fz_ws.l(fleqf.o)
    0x080041d0   0x080041d0   0x00000102   Code   RO         3429    x$fpl$fmul          fz_ws.l(fmul.o)
    0x080042d2   0x080042d2   0x0000008c   Code   RO         3461    x$fpl$fnaninf       fz_ws.l(fnaninf.o)
    0x0800435e   0x0800435e   0x0000000a   Code   RO         3463    x$fpl$fretinf       fz_ws.l(fretinf.o)
    0x08004368   0x08004368   0x00000062   Code   RO         3431    x$fpl$frleqf        fz_ws.l(frleqf.o)
    0x080043ca   0x080043ca   0x00000002   PAD
    0x080043cc   0x080043cc   0x000000ea   Code   RO         3409    x$fpl$fsub          fz_ws.l(faddsub_clz.o)
    0x080044b6   0x080044b6   0x00000064   Code   RO         3520    x$fpl$retnan        fz_ws.l(retnan.o)
    0x0800451a   0x0800451a   0x0000005c   Code   RO         3433    x$fpl$scalbn        fz_ws.l(scalbn.o)
    0x08004576   0x08004576   0x00000030   Code   RO         3546    x$fpl$trapveneer    fz_ws.l(trapv.o)
    0x080045a6   0x080045a6   0x00000000   Code   RO         3465    x$fpl$usenofp       fz_ws.l(usenofp.o)
    0x080045a6   0x080045a6   0x00000012   Data   RO         1211    .constdata          stm32f1xx_hal_rcc.o
    0x080045b8   0x080045b8   0x00000010   Data   RO         3338    .constdata          system_stm32f1xx.o
    0x080045c8   0x080045c8   0x00000008   Data   RO         3339    .constdata          system_stm32f1xx.o
    0x080045d0   0x080045d0   0x00000030   Data   RO         3467    .constdata          m_ws.l(cos_i.o)
    0x08004600   0x08004600   0x000000c8   Data   RO         3485    .constdata          m_ws.l(rred.o)
    0x080046c8   0x080046c8   0x00000028   Data   RO         3489    .constdata          m_ws.l(sin_i.o)
    0x080046f0   0x080046f0   0x00000020   Data   RO         3676    Region$$Table       anon$$obj.o
    0x08004710   0x08004710   0x00000110   Data   RO         3535    locale$$data        c_w.l(lc_ctype_c.o)


    Execution Region RW_IRAM1 (Exec base: 0x20000000, Load base: 0x08004820, Size: 0x00000878, Max: 0x00005000, ABSOLUTE)

    Exec Addr    Load Addr    Size         Type   Attr      Idx    E Section Name        Object

    0x20000000   0x08004820   0x00000044   Data   RW           19    .data               mpu6050.o
    0x20000044   0x08004864   0x00000070   Data   RW          166    .data               pid.o
    0x200000b4   0x080048d4   0x00000008   Data   RW          205    .data               main.o
    0x200000bc   0x080048dc   0x0000000c   Data   RW         1048    .data               stm32f1xx_hal.o
    0x200000c8   0x080048e8   0x00000004   Data   RW         3340    .data               system_stm32f1xx.o
    0x200000cc        -       0x00000064   Zero   RW          203    .bss                main.o
    0x20000130        -       0x00000054   Zero   RW          315    .bss                i2c.o
    0x20000184        -       0x00000048   Zero   RW          358    .bss                tim.o
    0x200001cc        -       0x00000048   Zero   RW          405    .bss                usart.o
    0x20000214        -       0x00000060   Zero   RW         3495    .bss                c_w.l(libspace.o)
    0x20000274   0x080048ec   0x00000004   PAD
    0x20000278        -       0x00000200   Zero   RW            2    HEAP                startup_stm32f103xb.o
    0x20000478        -       0x00000400   Zero   RW            1    STACK               startup_stm32f103xb.o


==============================================================================

Image component sizes


      Code (inc. data)   RO Data    RW Data    ZI Data      Debug   Object Name

       128          8          0          0          0        899   gpio.o
       160         28          0          0         84       1521   i2c.o
       548         62          0          8        100       3822   main.o
      1248         72          0         68          0     437140   mpu6050.o
       684         28          0        112          0       2117   pid.o
        64         26        236          0       1536        784   startup_stm32f103xb.o
       164         28          0         12          0       5685   stm32f1xx_hal.o
       198         14          0          0          0      28783   stm32f1xx_hal_cortex.o
       222          4          0          0          0       1687   stm32f1xx_hal_dma.o
       506         34          0          0          0       3393   stm32f1xx_hal_gpio.o
      2370         56          0          0          0      12658   stm32f1xx_hal_i2c.o
        60          8          0          0          0        818   stm32f1xx_hal_msp.o
      1240         84         18          0          0       4948   stm32f1xx_hal_rcc.o
       908         46          0          0          0       7650   stm32f1xx_hal_tim.o
       188         12          0          0          0       2064   stm32f1xx_hal_tim_ex.o
      1280         10          0          0          0       8520   stm32f1xx_hal_uart.o
        32          6          0          0          0       4034   stm32f1xx_it.o
         2          0         24          4          0       1035   system_stm32f1xx.o
       324         30          0          0         72       2183   tim.o
       200         24          0          0         72       1606   usart.o

    ----------------------------------------------------------------------
     10546        580        310        204       1864     531347   Object Totals
         0          0         32          0          0          0   (incl. Generated)
        20          0          0          0          0          0   (incl. Padding)

    ----------------------------------------------------------------------

      Code (inc. data)   RO Data    RW Data    ZI Data      Debug   Library Member Name

         8          0          0          0          0         68   __main.o
         0          0          0          0          0          0   __rtentry.o
        12          0          0          0          0          0   __rtentry2.o
         6          0          0          0          0          0   __rtentry4.o
        52          8          0          0          0          0   __scatter.o
        26          0          0          0          0          0   __scatter_copy.o
        28          0          0          0          0          0   __scatter_zi.o
        28          0          0          0          0         68   _chval.o
        22          0          0          0          0        100   _rserrno.o
       158          0          0          0          0         92   _strtoul.o
        26          0          0          0          0         80   atoi.o
        18          0          0          0          0         80   exit.o
         6          0          0          0          0        152   heapauxi.o
         0          0          0          0          0          0   indicate_semi.o
        44         10        272          0          0         76   lc_ctype_c.o
         2          0          0          0          0          0   libinit.o
        20          0          0          0          0          0   libinit2.o
         2          0          0          0          0          0   libshutdown.o
         2          0          0          0          0          0   libshutdown2.o
         8          4          0          0         96         68   libspace.o
        16          4          0          0          0         76   rt_ctype_table.o
         8          4          0          0          0         68   rt_errno_addr_intlibspace.o
         8          4          0          0          0         68   rt_locale_intlibspace.o
        68          0          0          0          0         68   rt_memclr.o
        78          0          0          0          0         80   rt_memclr_w.o
         2          0          0          0          0          0   rtexit.o
        10          0          0          0          0          0   rtexit2.o
       128          0          0          0          0         68   strcmpv7m.o
       112          0          0          0          0         88   strtol.o
        12          4          0          0          0         68   sys_exit.o
        74          0          0          0          0         80   sys_stackheap_outer.o
         2          0          0          0          0         68   use_no_semi.o
        98          4          0          0          0         92   d2f.o
       826         16          0          0          0        348   daddsub_clz.o
        16          4          0          0          0         68   dcheck1.o
       688        140          0          0          0        208   ddiv.o
        94          4          0          0          0         92   dfix.o
        84          0          0          0          0        136   dflt_clz.o
       340         12          0          0          0        104   dmul.o
       156          4          0          0          0         92   dnaninf.o
        12          0          0          0          0         68   dretinf.o
        86          4          0          0          0         84   f2d.o
       430          8          0          0          0        168   faddsub_clz.o
        24          0          0          0          0         68   fcmpi.o
       388         76          0          0          0         96   fdiv.o
        62          4          0          0          0         84   ffixu.o
        86          0          0          0          0        136   fflt_clz.o
       104          4          0          0          0         84   fleqf.o
       258          4          0          0          0         84   fmul.o
       140          4          0          0          0         84   fnaninf.o
        10          0          0          0          0         68   fretinf.o
        98          0          0          0          0         68   frleqf.o
       100          0          0          0          0         68   retnan.o
        92          0          0          0          0         68   scalbn.o
        48          0          0          0          0         68   trapv.o
         0          0          0          0          0          0   usenofp.o
       252         22         48          0          0        124   cos_i.o
        34          6          0          0          0        204   dunder.o
        40          0          0          0          0         68   fpclassify.o
       170          0          0          0          0         96   poly.o
       904         76        200          0          0        140   rred.o
       160         10          0          0          0        108   sin.o
       236         12         40          0          0        128   sin_i.o

    ----------------------------------------------------------------------
      7048        452        560          0        100       4820   Library Totals
        26          0          0          0          4          0   (incl. Padding)

    ----------------------------------------------------------------------

      Code (inc. data)   RO Data    RW Data    ZI Data      Debug   Library Name

       986         38        272          0         96       1516   c_w.l
      4240        288          0          0          0       2436   fz_ws.l
      1796        126        288          0          0        868   m_ws.l

    ----------------------------------------------------------------------
      7048        452        560          0        100       4820   Library Totals

    ----------------------------------------------------------------------

==============================================================================


      Code (inc. data)   RO Data    RW Data    ZI Data      Debug   

     17594       1032        870        204       1964     529247   Grand Totals
     17594       1032        870        204       1964     529247   ELF Image Totals
     17594       1032        870        204          0          0   ROM Totals

==============================================================================

    Total RO  Size (Code + RO Data)                18464 (  18.03kB)
    Total RW  Size (RW Data + ZI Data)              2168 (   2.12kB)
    Total ROM Size (Code + RO Data + RW Data)      18668 (  18.23kB)

==============================================================================

